                                      1 ;--------------------------------------------------------
                                      2 ; File Created by SDCC : free open source ISO C Compiler 
                                      3 ; Version 4.4.0 #14620 (MINGW32)
                                      4 ;--------------------------------------------------------
                                      5 	.module scc
                                      6 	.optsdcc -mmcs51 --model-small
                                      7 	
                                      8 ;--------------------------------------------------------
                                      9 ; Public variables in this module
                                     10 ;--------------------------------------------------------
                                     11 	.globl _scc_write_PARM_3
                                     12 	.globl _scc_write_PARM_2
                                     13 	.globl _memset
                                     14 	.globl _scc_init_PARM_2
                                     15 	.globl _scc_init
                                     16 	.globl _scc_reset
                                     17 	.globl _scc_write
                                     18 	.globl _scc_render
                                     19 ;--------------------------------------------------------
                                     20 ; special function registers
                                     21 ;--------------------------------------------------------
                                     22 	.area RSEG    (ABS,DATA)
      000000                         23 	.org 0x0000
                                     24 ;--------------------------------------------------------
                                     25 ; special function bits
                                     26 ;--------------------------------------------------------
                                     27 	.area RSEG    (ABS,DATA)
      000000                         28 	.org 0x0000
                                     29 ;--------------------------------------------------------
                                     30 ; overlayable register banks
                                     31 ;--------------------------------------------------------
                                     32 	.area REG_BANK_0	(REL,OVR,DATA)
      000000                         33 	.ds 8
                                     34 ;--------------------------------------------------------
                                     35 ; internal ram data
                                     36 ;--------------------------------------------------------
                                     37 	.area DSEG    (DATA)
      000000                         38 _scc_init_PARM_2:
      000000                         39 	.ds 4
      000004                         40 _scc_reset_s_10000_32:
      000004                         41 	.ds 3
      000007                         42 _scc_render_s_10000_50:
      000007                         43 	.ds 3
      00000A                         44 _scc_render_mix_10000_51:
      00000A                         45 	.ds 2
      00000C                         46 _scc_render_i_10000_51:
      00000C                         47 	.ds 1
      00000D                         48 _scc_render_c_30000_53:
      00000D                         49 	.ds 3
      000010                         50 _scc_render_step_40000_54:
      000010                         51 	.ds 4
      000014                         52 _scc_render_sloc0_1_0:
      000014                         53 	.ds 3
      000017                         54 _scc_render_sloc1_1_0:
      000017                         55 	.ds 3
      00001A                         56 _scc_render_sloc2_1_0:
      00001A                         57 	.ds 4
                                     58 ;--------------------------------------------------------
                                     59 ; overlayable items in internal ram
                                     60 ;--------------------------------------------------------
                                     61 	.area	OSEG    (OVR,DATA)
      000000                         62 _scc_write_PARM_2:
      000000                         63 	.ds 1
      000001                         64 _scc_write_PARM_3:
      000001                         65 	.ds 1
      000002                         66 _scc_write_s_10000_36:
      000002                         67 	.ds 3
                                     68 ;--------------------------------------------------------
                                     69 ; indirectly addressable internal ram data
                                     70 ;--------------------------------------------------------
                                     71 	.area ISEG    (DATA)
                                     72 ;--------------------------------------------------------
                                     73 ; absolute internal ram data
                                     74 ;--------------------------------------------------------
                                     75 	.area IABS    (ABS,DATA)
                                     76 	.area IABS    (ABS,DATA)
                                     77 ;--------------------------------------------------------
                                     78 ; bit data
                                     79 ;--------------------------------------------------------
                                     80 	.area BSEG    (BIT)
                                     81 ;--------------------------------------------------------
                                     82 ; paged external ram data
                                     83 ;--------------------------------------------------------
                                     84 	.area PSEG    (PAG,XDATA)
                                     85 ;--------------------------------------------------------
                                     86 ; uninitialized external ram data
                                     87 ;--------------------------------------------------------
                                     88 	.area XSEG    (XDATA)
                                     89 ;--------------------------------------------------------
                                     90 ; absolute external ram data
                                     91 ;--------------------------------------------------------
                                     92 	.area XABS    (ABS,XDATA)
                                     93 ;--------------------------------------------------------
                                     94 ; initialized external ram data
                                     95 ;--------------------------------------------------------
                                     96 	.area XISEG   (XDATA)
                                     97 	.area HOME    (CODE)
                                     98 	.area GSINIT0 (CODE)
                                     99 	.area GSINIT1 (CODE)
                                    100 	.area GSINIT2 (CODE)
                                    101 	.area GSINIT3 (CODE)
                                    102 	.area GSINIT4 (CODE)
                                    103 	.area GSINIT5 (CODE)
                                    104 	.area GSINIT  (CODE)
                                    105 	.area GSFINAL (CODE)
                                    106 	.area CSEG    (CODE)
                                    107 ;--------------------------------------------------------
                                    108 ; global & static initialisations
                                    109 ;--------------------------------------------------------
                                    110 	.area HOME    (CODE)
                                    111 	.area GSINIT  (CODE)
                                    112 	.area GSFINAL (CODE)
                                    113 	.area GSINIT  (CODE)
                                    114 ;--------------------------------------------------------
                                    115 ; Home
                                    116 ;--------------------------------------------------------
                                    117 	.area HOME    (CODE)
                                    118 	.area HOME    (CODE)
                                    119 ;--------------------------------------------------------
                                    120 ; code
                                    121 ;--------------------------------------------------------
                                    122 	.area CSEG    (CODE)
                                    123 ;------------------------------------------------------------
                                    124 ;Allocation info for local variables in function 'scc_init'
                                    125 ;------------------------------------------------------------
                                    126 ;clock_hz                  Allocated with name '_scc_init_PARM_2'
                                    127 ;s                         Allocated to registers r5 r6 r7 
                                    128 ;tmp                       Allocated to registers r1 r2 r3 r4 
                                    129 ;------------------------------------------------------------
                                    130 ;	src\scc.c:4: void scc_init(scc_state_t *s, uint32_t clock_hz) {
                                    131 ;	-----------------------------------------
                                    132 ;	 function scc_init
                                    133 ;	-----------------------------------------
      000000                        134 _scc_init:
                           000007   135 	ar7 = 0x07
                           000006   136 	ar6 = 0x06
                           000005   137 	ar5 = 0x05
                           000004   138 	ar4 = 0x04
                           000003   139 	ar3 = 0x03
                           000002   140 	ar2 = 0x02
                           000001   141 	ar1 = 0x01
                           000000   142 	ar0 = 0x00
      000000 AD 82            [24]  143 	mov	r5, dpl
      000002 AE 83            [24]  144 	mov	r6, dph
      000004 AF F0            [24]  145 	mov	r7, b
                                    146 ;	src\scc.c:6: memset(s, 0, sizeof(*s));
      000006 8D 02            [24]  147 	mov	ar2,r5
      000008 8E 03            [24]  148 	mov	ar3,r6
      00000A 8F 04            [24]  149 	mov	ar4,r7
      00000C 75*00 00         [24]  150 	mov	_memset_PARM_2,#0x00
      00000F 75*00 D3         [24]  151 	mov	_memset_PARM_3,#0xd3
      000012 75*01 00         [24]  152 	mov	(_memset_PARM_3 + 1),#0x00
      000015 8A 82            [24]  153 	mov	dpl, r2
      000017 8B 83            [24]  154 	mov	dph, r3
      000019 8C F0            [24]  155 	mov	b, r4
      00001B C0 07            [24]  156 	push	ar7
      00001D C0 06            [24]  157 	push	ar6
      00001F C0 05            [24]  158 	push	ar5
      000021 12r00r00         [24]  159 	lcall	_memset
      000024 D0 05            [24]  160 	pop	ar5
      000026 D0 06            [24]  161 	pop	ar6
      000028 D0 07            [24]  162 	pop	ar7
                                    163 ;	src\scc.c:7: s->rate = 44100;
      00002A 74 C8            [12]  164 	mov	a,#0xc8
      00002C 2D               [12]  165 	add	a, r5
      00002D FA               [12]  166 	mov	r2,a
      00002E E4               [12]  167 	clr	a
      00002F 3E               [12]  168 	addc	a, r6
      000030 FB               [12]  169 	mov	r3,a
      000031 8F 04            [24]  170 	mov	ar4,r7
      000033 8A 82            [24]  171 	mov	dpl,r2
      000035 8B 83            [24]  172 	mov	dph,r3
      000037 8C F0            [24]  173 	mov	b,r4
      000039 74 44            [12]  174 	mov	a,#0x44
      00003B 12r00r00         [24]  175 	lcall	__gptrput
      00003E A3               [24]  176 	inc	dptr
      00003F 74 AC            [12]  177 	mov	a,#0xac
      000041 12r00r00         [24]  178 	lcall	__gptrput
      000044 A3               [24]  179 	inc	dptr
      000045 E4               [12]  180 	clr	a
      000046 12r00r00         [24]  181 	lcall	__gptrput
      000049 A3               [24]  182 	inc	dptr
      00004A 12r00r00         [24]  183 	lcall	__gptrput
                                    184 ;	src\scc.c:9: tmp = clock_hz >> 1;
      00004D E5*03            [12]  185 	mov	a,(_scc_init_PARM_2 + 3)
      00004F C3               [12]  186 	clr	c
      000050 13               [12]  187 	rrc	a
      000051 E5*02            [12]  188 	mov	a,(_scc_init_PARM_2 + 2)
      000053 13               [12]  189 	rrc	a
      000054 E5*01            [12]  190 	mov	a,(_scc_init_PARM_2 + 1)
      000056 13               [12]  191 	rrc	a
      000057 FA               [12]  192 	mov	r2,a
      000058 E5*00            [12]  193 	mov	a,_scc_init_PARM_2
      00005A 13               [12]  194 	rrc	a
      00005B F9               [12]  195 	mov	r1,a
                                    196 ;	src\scc.c:10: s->clock_factor = tmp << (SCC_FREQ_BITS + 1);
      00005C 74 CC            [12]  197 	mov	a,#0xcc
      00005E 2D               [12]  198 	add	a, r5
      00005F FD               [12]  199 	mov	r5,a
      000060 E4               [12]  200 	clr	a
      000061 3E               [12]  201 	addc	a, r6
      000062 FE               [12]  202 	mov	r6,a
      000063 89 03            [24]  203 	mov	ar3,r1
      000065 EA               [12]  204 	mov	a,r2
      000066 CB               [12]  205 	xch	a,r3
      000067 25 E0            [12]  206 	add	a,acc
      000069 CB               [12]  207 	xch	a,r3
      00006A 33               [12]  208 	rlc	a
      00006B FC               [12]  209 	mov	r4,a
      00006C 79 00            [12]  210 	mov	r1,#0x00
      00006E 7A 00            [12]  211 	mov	r2,#0x00
      000070 8D 82            [24]  212 	mov	dpl,r5
      000072 8E 83            [24]  213 	mov	dph,r6
      000074 8F F0            [24]  214 	mov	b,r7
      000076 E9               [12]  215 	mov	a,r1
      000077 12r00r00         [24]  216 	lcall	__gptrput
      00007A A3               [24]  217 	inc	dptr
      00007B EA               [12]  218 	mov	a,r2
      00007C 12r00r00         [24]  219 	lcall	__gptrput
      00007F A3               [24]  220 	inc	dptr
      000080 EB               [12]  221 	mov	a,r3
      000081 12r00r00         [24]  222 	lcall	__gptrput
      000084 A3               [24]  223 	inc	dptr
      000085 EC               [12]  224 	mov	a,r4
                                    225 ;	src\scc.c:11: }
      000086 02r00r00         [24]  226 	ljmp	__gptrput
                                    227 ;------------------------------------------------------------
                                    228 ;Allocation info for local variables in function 'scc_reset'
                                    229 ;------------------------------------------------------------
                                    230 ;s                         Allocated with name '_scc_reset_s_10000_32'
                                    231 ;i                         Allocated to registers r4 
                                    232 ;------------------------------------------------------------
                                    233 ;	src\scc.c:13: void scc_reset(scc_state_t *s) {
                                    234 ;	-----------------------------------------
                                    235 ;	 function scc_reset
                                    236 ;	-----------------------------------------
      000089                        237 _scc_reset:
      000089 85 82*04         [24]  238 	mov	_scc_reset_s_10000_32,dpl
      00008C 85 83*05         [24]  239 	mov	(_scc_reset_s_10000_32 + 1),dph
      00008F 85 F0*06         [24]  240 	mov	(_scc_reset_s_10000_32 + 2),b
                                    241 ;	src\scc.c:15: for (i = 0; i < SCC_CHANS; i++) {
      000092 7C 00            [12]  242 	mov	r4,#0x00
      000094                        243 00102$:
                                    244 ;	src\scc.c:16: s->ch[i].counter = 0;
      000094 EC               [12]  245 	mov	a,r4
      000095 75 F0 28         [24]  246 	mov	b,#0x28
      000098 A4               [48]  247 	mul	ab
      000099 FB               [12]  248 	mov	r3,a
      00009A 25*04            [12]  249 	add	a, _scc_reset_s_10000_32
      00009C F8               [12]  250 	mov	r0,a
      00009D E4               [12]  251 	clr	a
      00009E 35*05            [12]  252 	addc	a, (_scc_reset_s_10000_32 + 1)
      0000A0 F9               [12]  253 	mov	r1,a
      0000A1 AA*06            [24]  254 	mov	r2,(_scc_reset_s_10000_32 + 2)
      0000A3 88 82            [24]  255 	mov	dpl,r0
      0000A5 89 83            [24]  256 	mov	dph,r1
      0000A7 8A F0            [24]  257 	mov	b,r2
      0000A9 E4               [12]  258 	clr	a
      0000AA 12r00r00         [24]  259 	lcall	__gptrput
      0000AD A3               [24]  260 	inc	dptr
      0000AE 12r00r00         [24]  261 	lcall	__gptrput
      0000B1 A3               [24]  262 	inc	dptr
      0000B2 12r00r00         [24]  263 	lcall	__gptrput
      0000B5 A3               [24]  264 	inc	dptr
      0000B6 12r00r00         [24]  265 	lcall	__gptrput
                                    266 ;	src\scc.c:17: s->ch[i].frequency = 0;
      0000B9 EB               [12]  267 	mov	a,r3
      0000BA 25*04            [12]  268 	add	a, _scc_reset_s_10000_32
      0000BC F9               [12]  269 	mov	r1,a
      0000BD E4               [12]  270 	clr	a
      0000BE 35*05            [12]  271 	addc	a, (_scc_reset_s_10000_32 + 1)
      0000C0 FA               [12]  272 	mov	r2,a
      0000C1 AB*06            [24]  273 	mov	r3,(_scc_reset_s_10000_32 + 2)
      0000C3 74 04            [12]  274 	mov	a,#0x04
      0000C5 29               [12]  275 	add	a, r1
      0000C6 F8               [12]  276 	mov	r0,a
      0000C7 E4               [12]  277 	clr	a
      0000C8 3A               [12]  278 	addc	a, r2
      0000C9 FE               [12]  279 	mov	r6,a
      0000CA 8B 07            [24]  280 	mov	ar7,r3
      0000CC 88 82            [24]  281 	mov	dpl,r0
      0000CE 8E 83            [24]  282 	mov	dph,r6
      0000D0 8F F0            [24]  283 	mov	b,r7
      0000D2 E4               [12]  284 	clr	a
      0000D3 12r00r00         [24]  285 	lcall	__gptrput
      0000D6 A3               [24]  286 	inc	dptr
      0000D7 12r00r00         [24]  287 	lcall	__gptrput
                                    288 ;	src\scc.c:18: s->ch[i].volume = 0;
      0000DA 74 06            [12]  289 	mov	a,#0x06
      0000DC 29               [12]  290 	add	a, r1
      0000DD FD               [12]  291 	mov	r5,a
      0000DE E4               [12]  292 	clr	a
      0000DF 3A               [12]  293 	addc	a, r2
      0000E0 FE               [12]  294 	mov	r6,a
      0000E1 8B 07            [24]  295 	mov	ar7,r3
      0000E3 8D 82            [24]  296 	mov	dpl,r5
      0000E5 8E 83            [24]  297 	mov	dph,r6
      0000E7 8F F0            [24]  298 	mov	b,r7
      0000E9 E4               [12]  299 	clr	a
      0000EA 12r00r00         [24]  300 	lcall	__gptrput
                                    301 ;	src\scc.c:19: s->ch[i].key = 0;
      0000ED 74 07            [12]  302 	mov	a,#0x07
      0000EF 29               [12]  303 	add	a, r1
      0000F0 FD               [12]  304 	mov	r5,a
      0000F1 E4               [12]  305 	clr	a
      0000F2 3A               [12]  306 	addc	a, r2
      0000F3 FE               [12]  307 	mov	r6,a
      0000F4 8B 07            [24]  308 	mov	ar7,r3
      0000F6 8D 82            [24]  309 	mov	dpl,r5
      0000F8 8E 83            [24]  310 	mov	dph,r6
      0000FA 8F F0            [24]  311 	mov	b,r7
      0000FC E4               [12]  312 	clr	a
      0000FD 12r00r00         [24]  313 	lcall	__gptrput
                                    314 ;	src\scc.c:20: memset(s->ch[i].waveram, 0, SCC_WAVELEN);
      000100 74 08            [12]  315 	mov	a,#0x08
      000102 29               [12]  316 	add	a, r1
      000103 F9               [12]  317 	mov	r1,a
      000104 E4               [12]  318 	clr	a
      000105 3A               [12]  319 	addc	a, r2
      000106 FA               [12]  320 	mov	r2,a
      000107 75*00 00         [24]  321 	mov	_memset_PARM_2,#0x00
      00010A 75*00 20         [24]  322 	mov	_memset_PARM_3,#0x20
      00010D 75*01 00         [24]  323 	mov	(_memset_PARM_3 + 1),#0x00
      000110 89 82            [24]  324 	mov	dpl, r1
      000112 8A 83            [24]  325 	mov	dph, r2
      000114 8B F0            [24]  326 	mov	b, r3
      000116 C0 04            [24]  327 	push	ar4
      000118 12r00r00         [24]  328 	lcall	_memset
      00011B D0 04            [24]  329 	pop	ar4
                                    330 ;	src\scc.c:15: for (i = 0; i < SCC_CHANS; i++) {
      00011D 0C               [12]  331 	inc	r4
      00011E BC 05 00         [24]  332 	cjne	r4,#0x05,00119$
      000121                        333 00119$:
      000121 50 03            [24]  334 	jnc	00120$
      000123 02r00r94         [24]  335 	ljmp	00102$
      000126                        336 00120$:
                                    337 ;	src\scc.c:22: s->test = 0;
      000126 74 D1            [12]  338 	mov	a,#0xd1
      000128 25*04            [12]  339 	add	a, _scc_reset_s_10000_32
      00012A FD               [12]  340 	mov	r5,a
      00012B E4               [12]  341 	clr	a
      00012C 35*05            [12]  342 	addc	a, (_scc_reset_s_10000_32 + 1)
      00012E FE               [12]  343 	mov	r6,a
      00012F AF*06            [24]  344 	mov	r7,(_scc_reset_s_10000_32 + 2)
      000131 8D 82            [24]  345 	mov	dpl,r5
      000133 8E 83            [24]  346 	mov	dph,r6
      000135 8F F0            [24]  347 	mov	b,r7
      000137 E4               [12]  348 	clr	a
      000138 12r00r00         [24]  349 	lcall	__gptrput
                                    350 ;	src\scc.c:23: s->cur_reg = 0;
      00013B 74 D2            [12]  351 	mov	a,#0xd2
      00013D 25*04            [12]  352 	add	a, _scc_reset_s_10000_32
      00013F FD               [12]  353 	mov	r5,a
      000140 E4               [12]  354 	clr	a
      000141 35*05            [12]  355 	addc	a, (_scc_reset_s_10000_32 + 1)
      000143 FE               [12]  356 	mov	r6,a
      000144 AF*06            [24]  357 	mov	r7,(_scc_reset_s_10000_32 + 2)
      000146 8D 82            [24]  358 	mov	dpl,r5
      000148 8E 83            [24]  359 	mov	dph,r6
      00014A 8F F0            [24]  360 	mov	b,r7
      00014C E4               [12]  361 	clr	a
                                    362 ;	src\scc.c:24: }
      00014D 02r00r00         [24]  363 	ljmp	__gptrput
                                    364 ;------------------------------------------------------------
                                    365 ;Allocation info for local variables in function 'scc_write'
                                    366 ;------------------------------------------------------------
                                    367 ;port                      Allocated with name '_scc_write_PARM_2'
                                    368 ;data                      Allocated with name '_scc_write_PARM_3'
                                    369 ;s                         Allocated with name '_scc_write_s_10000_36'
                                    370 ;offset                    Allocated to registers r7 
                                    371 ;ch                        Allocated to registers r7 
                                    372 ;------------------------------------------------------------
                                    373 ;	src\scc.c:26: void scc_write(scc_state_t *s, uint8_t port, uint8_t data) {
                                    374 ;	-----------------------------------------
                                    375 ;	 function scc_write
                                    376 ;	-----------------------------------------
      000150                        377 _scc_write:
      000150 85 82*02         [24]  378 	mov	_scc_write_s_10000_36,dpl
      000153 85 83*03         [24]  379 	mov	(_scc_write_s_10000_36 + 1),dph
      000156 85 F0*04         [24]  380 	mov	(_scc_write_s_10000_36 + 2),b
                                    381 ;	src\scc.c:28: if (port & 1) {
      000159 E5*00            [12]  382 	mov	a,_scc_write_PARM_2
      00015B FC               [12]  383 	mov	r4,a
      00015C 20 E0 03         [24]  384 	jb	acc.0,00221$
      00015F 02r04r69         [24]  385 	ljmp	00130$
      000162                        386 00221$:
                                    387 ;	src\scc.c:29: switch (port >> 1) {
      000162 EC               [12]  388 	mov	a,r4
      000163 C3               [12]  389 	clr	c
      000164 13               [12]  390 	rrc	a
      000165 FC               [12]  391 	mov  r4,a
      000166 24 FA            [12]  392 	add	a,#0xff - 0x05
      000168 50 01            [24]  393 	jnc	00222$
      00016A 22               [24]  394 	ret
      00016B                        395 00222$:
      00016B EC               [12]  396 	mov	a,r4
      00016C 2C               [12]  397 	add	a,r4
      00016D 2C               [12]  398 	add	a,r4
      00016E 90r01r72         [24]  399 	mov	dptr,#00223$
      000171 73               [24]  400 	jmp	@a+dptr
      000172                        401 00223$:
      000172 02r01r84         [24]  402 	ljmp	00102$
      000175 02r02r7E         [24]  403 	ljmp	00111$
      000178 02r03rDC         [24]  404 	ljmp	00122$
      00017B 02r04r1D         [24]  405 	ljmp	00146$
      00017E 02r01r84         [24]  406 	ljmp	00102$
      000181 02r04r53         [24]  407 	ljmp	00127$
                                    408 ;	src\scc.c:31: case 0x04: {
      000184                        409 00102$:
                                    410 ;	src\scc.c:32: offset = s->cur_reg;
      000184 74 D2            [12]  411 	mov	a,#0xd2
      000186 25*02            [12]  412 	add	a, _scc_write_s_10000_36
      000188 FA               [12]  413 	mov	r2,a
      000189 E4               [12]  414 	clr	a
      00018A 35*03            [12]  415 	addc	a, (_scc_write_s_10000_36 + 1)
      00018C FB               [12]  416 	mov	r3,a
      00018D AC*04            [24]  417 	mov	r4,(_scc_write_s_10000_36 + 2)
      00018F 8A 82            [24]  418 	mov	dpl,r2
      000191 8B 83            [24]  419 	mov	dph,r3
      000193 8C F0            [24]  420 	mov	b,r4
      000195 12r00r00         [24]  421 	lcall	__gptrget
      000198 FC               [12]  422 	mov	r4,a
                                    423 ;	src\scc.c:33: if (s->test & 0x40) return;
      000199 74 D1            [12]  424 	mov	a,#0xd1
      00019B 25*02            [12]  425 	add	a, _scc_write_s_10000_36
      00019D F9               [12]  426 	mov	r1,a
      00019E E4               [12]  427 	clr	a
      00019F 35*03            [12]  428 	addc	a, (_scc_write_s_10000_36 + 1)
      0001A1 FA               [12]  429 	mov	r2,a
      0001A2 AB*04            [24]  430 	mov	r3,(_scc_write_s_10000_36 + 2)
      0001A4 89 82            [24]  431 	mov	dpl,r1
      0001A6 8A 83            [24]  432 	mov	dph,r2
      0001A8 8B F0            [24]  433 	mov	b,r3
      0001AA 12r00r00         [24]  434 	lcall	__gptrget
      0001AD 30 E6 01         [24]  435 	jnb	acc.6,00104$
      0001B0 22               [24]  436 	ret
      0001B1                        437 00104$:
                                    438 ;	src\scc.c:34: if (!s->mode_plus) {
      0001B1 74 D0            [12]  439 	mov	a,#0xd0
      0001B3 25*02            [12]  440 	add	a, _scc_write_s_10000_36
      0001B5 F9               [12]  441 	mov	r1,a
      0001B6 E4               [12]  442 	clr	a
      0001B7 35*03            [12]  443 	addc	a, (_scc_write_s_10000_36 + 1)
      0001B9 FA               [12]  444 	mov	r2,a
      0001BA AB*04            [24]  445 	mov	r3,(_scc_write_s_10000_36 + 2)
      0001BC 89 82            [24]  446 	mov	dpl,r1
      0001BE 8A 83            [24]  447 	mov	dph,r2
      0001C0 8B F0            [24]  448 	mov	b,r3
      0001C2 12r00r00         [24]  449 	lcall	__gptrget
      0001C5 60 03            [24]  450 	jz	00225$
      0001C7 02r02r4E         [24]  451 	ljmp	00109$
      0001CA                        452 00225$:
                                    453 ;	src\scc.c:35: if (offset >= 0x60) {
      0001CA BC 60 00         [24]  454 	cjne	r4,#0x60,00226$
      0001CD                        455 00226$:
      0001CD 40 4D            [24]  456 	jc	00106$
                                    457 ;	src\scc.c:36: s->ch[3].waveram[offset & 0x1f] = (int8_t)data;
      0001CF 74 78            [12]  458 	mov	a,#0x78
      0001D1 25*02            [12]  459 	add	a, _scc_write_s_10000_36
      0001D3 F9               [12]  460 	mov	r1,a
      0001D4 E4               [12]  461 	clr	a
      0001D5 35*03            [12]  462 	addc	a, (_scc_write_s_10000_36 + 1)
      0001D7 FA               [12]  463 	mov	r2,a
      0001D8 AB*04            [24]  464 	mov	r3,(_scc_write_s_10000_36 + 2)
      0001DA 74 08            [12]  465 	mov	a,#0x08
      0001DC 29               [12]  466 	add	a, r1
      0001DD F9               [12]  467 	mov	r1,a
      0001DE E4               [12]  468 	clr	a
      0001DF 3A               [12]  469 	addc	a, r2
      0001E0 FA               [12]  470 	mov	r2,a
      0001E1 8C 00            [24]  471 	mov	ar0,r4
      0001E3 53 00 1F         [24]  472 	anl	ar0,#0x1f
      0001E6 7F 00            [12]  473 	mov	r7,#0x00
      0001E8 E8               [12]  474 	mov	a,r0
      0001E9 29               [12]  475 	add	a, r1
      0001EA F9               [12]  476 	mov	r1,a
      0001EB EF               [12]  477 	mov	a,r7
      0001EC 3A               [12]  478 	addc	a, r2
      0001ED FA               [12]  479 	mov	r2,a
      0001EE AE*01            [24]  480 	mov	r6,_scc_write_PARM_3
      0001F0 89 82            [24]  481 	mov	dpl,r1
      0001F2 8A 83            [24]  482 	mov	dph,r2
      0001F4 8B F0            [24]  483 	mov	b,r3
      0001F6 EE               [12]  484 	mov	a,r6
      0001F7 12r00r00         [24]  485 	lcall	__gptrput
                                    486 ;	src\scc.c:37: s->ch[4].waveram[offset & 0x1f] = (int8_t)data;
      0001FA 74 A0            [12]  487 	mov	a,#0xa0
      0001FC 25*02            [12]  488 	add	a, _scc_write_s_10000_36
      0001FE FA               [12]  489 	mov	r2,a
      0001FF E4               [12]  490 	clr	a
      000200 35*03            [12]  491 	addc	a, (_scc_write_s_10000_36 + 1)
      000202 FB               [12]  492 	mov	r3,a
      000203 AD*04            [24]  493 	mov	r5,(_scc_write_s_10000_36 + 2)
      000205 74 08            [12]  494 	mov	a,#0x08
      000207 2A               [12]  495 	add	a, r2
      000208 FA               [12]  496 	mov	r2,a
      000209 E4               [12]  497 	clr	a
      00020A 3B               [12]  498 	addc	a, r3
      00020B FB               [12]  499 	mov	r3,a
      00020C E8               [12]  500 	mov	a,r0
      00020D 2A               [12]  501 	add	a, r2
      00020E FA               [12]  502 	mov	r2,a
      00020F EF               [12]  503 	mov	a,r7
      000210 3B               [12]  504 	addc	a, r3
      000211 FB               [12]  505 	mov	r3,a
      000212 8A 82            [24]  506 	mov	dpl,r2
      000214 8B 83            [24]  507 	mov	dph,r3
      000216 8D F0            [24]  508 	mov	b,r5
      000218 EE               [12]  509 	mov	a,r6
      000219 02r00r00         [24]  510 	ljmp	__gptrput
      00021C                        511 00106$:
                                    512 ;	src\scc.c:39: s->ch[offset >> 5].waveram[offset & 0x1f] = (int8_t)data;
      00021C EC               [12]  513 	mov	a,r4
      00021D C4               [12]  514 	swap	a
      00021E 03               [12]  515 	rr	a
      00021F 54 07            [12]  516 	anl	a,#0x07
      000221 75 F0 28         [24]  517 	mov	b,#0x28
      000224 A4               [48]  518 	mul	ab
      000225 25*02            [12]  519 	add	a, _scc_write_s_10000_36
      000227 FD               [12]  520 	mov	r5,a
      000228 E4               [12]  521 	clr	a
      000229 35*03            [12]  522 	addc	a,(_scc_write_s_10000_36 + 1)
      00022B FE               [12]  523 	mov	r6,a
      00022C AF*04            [24]  524 	mov	r7,(_scc_write_s_10000_36 + 2)
      00022E 74 08            [12]  525 	mov	a,#0x08
      000230 2D               [12]  526 	add	a, r5
      000231 FD               [12]  527 	mov	r5,a
      000232 E4               [12]  528 	clr	a
      000233 3E               [12]  529 	addc	a, r6
      000234 FE               [12]  530 	mov	r6,a
      000235 8C 02            [24]  531 	mov	ar2,r4
      000237 53 02 1F         [24]  532 	anl	ar2,#0x1f
      00023A 7B 00            [12]  533 	mov	r3,#0x00
      00023C EA               [12]  534 	mov	a,r2
      00023D 2D               [12]  535 	add	a, r5
      00023E FD               [12]  536 	mov	r5,a
      00023F EB               [12]  537 	mov	a,r3
      000240 3E               [12]  538 	addc	a, r6
      000241 FE               [12]  539 	mov	r6,a
      000242 AB*01            [24]  540 	mov	r3,_scc_write_PARM_3
      000244 8D 82            [24]  541 	mov	dpl,r5
      000246 8E 83            [24]  542 	mov	dph,r6
      000248 8F F0            [24]  543 	mov	b,r7
      00024A EB               [12]  544 	mov	a,r3
      00024B 02r00r00         [24]  545 	ljmp	__gptrput
      00024E                        546 00109$:
                                    547 ;	src\scc.c:42: s->ch[offset >> 5].waveram[offset & 0x1f] = (int8_t)data;
      00024E EC               [12]  548 	mov	a,r4
      00024F C4               [12]  549 	swap	a
      000250 03               [12]  550 	rr	a
      000251 54 07            [12]  551 	anl	a,#0x07
      000253 75 F0 28         [24]  552 	mov	b,#0x28
      000256 A4               [48]  553 	mul	ab
      000257 25*02            [12]  554 	add	a, _scc_write_s_10000_36
      000259 FD               [12]  555 	mov	r5,a
      00025A E4               [12]  556 	clr	a
      00025B 35*03            [12]  557 	addc	a,(_scc_write_s_10000_36 + 1)
      00025D FE               [12]  558 	mov	r6,a
      00025E AF*04            [24]  559 	mov	r7,(_scc_write_s_10000_36 + 2)
      000260 74 08            [12]  560 	mov	a,#0x08
      000262 2D               [12]  561 	add	a, r5
      000263 FD               [12]  562 	mov	r5,a
      000264 E4               [12]  563 	clr	a
      000265 3E               [12]  564 	addc	a, r6
      000266 FE               [12]  565 	mov	r6,a
      000267 53 04 1F         [24]  566 	anl	ar4,#0x1f
      00026A 7B 00            [12]  567 	mov	r3,#0x00
      00026C EC               [12]  568 	mov	a,r4
      00026D 2D               [12]  569 	add	a, r5
      00026E FD               [12]  570 	mov	r5,a
      00026F EB               [12]  571 	mov	a,r3
      000270 3E               [12]  572 	addc	a, r6
      000271 FE               [12]  573 	mov	r6,a
      000272 AC*01            [24]  574 	mov	r4,_scc_write_PARM_3
      000274 8D 82            [24]  575 	mov	dpl,r5
      000276 8E 83            [24]  576 	mov	dph,r6
      000278 8F F0            [24]  577 	mov	b,r7
      00027A EC               [12]  578 	mov	a,r4
                                    579 ;	src\scc.c:44: break;
      00027B 02r00r00         [24]  580 	ljmp	__gptrput
                                    581 ;	src\scc.c:46: case 0x01: {
      00027E                        582 00111$:
                                    583 ;	src\scc.c:47: offset = s->cur_reg;
      00027E 74 D2            [12]  584 	mov	a,#0xd2
      000280 25*02            [12]  585 	add	a, _scc_write_s_10000_36
      000282 FD               [12]  586 	mov	r5,a
      000283 E4               [12]  587 	clr	a
      000284 35*03            [12]  588 	addc	a, (_scc_write_s_10000_36 + 1)
      000286 FE               [12]  589 	mov	r6,a
      000287 AF*04            [24]  590 	mov	r7,(_scc_write_s_10000_36 + 2)
      000289 8D 82            [24]  591 	mov	dpl,r5
      00028B 8E 83            [24]  592 	mov	dph,r6
      00028D 8F F0            [24]  593 	mov	b,r7
      00028F 12r00r00         [24]  594 	lcall	__gptrget
                                    595 ;	src\scc.c:48: ch = offset >> 1;
      000292 FF               [12]  596 	mov	r7,a
      000293 C3               [12]  597 	clr	c
      000294 13               [12]  598 	rrc	a
      000295 FE               [12]  599 	mov	r6,a
                                    600 ;	src\scc.c:49: if (ch < SCC_CHANS) {
      000296 BE 05 00         [24]  601 	cjne	r6,#0x05,00228$
      000299                        602 00228$:
      000299 40 01            [24]  603 	jc	00229$
      00029B 22               [24]  604 	ret
      00029C                        605 00229$:
                                    606 ;	src\scc.c:50: if (offset & 1)
      00029C EF               [12]  607 	mov	a,r7
      00029D 30 E0 47         [24]  608 	jnb	acc.0,00113$
                                    609 ;	src\scc.c:51: s->ch[ch].frequency = (s->ch[ch].frequency & 0x00FF) | ((uint16_t)(data & 0x0F) << 8);
      0002A0 EE               [12]  610 	mov	a,r6
      0002A1 75 F0 28         [24]  611 	mov	b,#0x28
      0002A4 A4               [48]  612 	mul	ab
      0002A5 25*02            [12]  613 	add	a, _scc_write_s_10000_36
      0002A7 FC               [12]  614 	mov	r4,a
      0002A8 E4               [12]  615 	clr	a
      0002A9 35*03            [12]  616 	addc	a,(_scc_write_s_10000_36 + 1)
      0002AB FD               [12]  617 	mov	r5,a
      0002AC AF*04            [24]  618 	mov	r7,(_scc_write_s_10000_36 + 2)
      0002AE 74 04            [12]  619 	mov	a,#0x04
      0002B0 2C               [12]  620 	add	a, r4
      0002B1 FC               [12]  621 	mov	r4,a
      0002B2 E4               [12]  622 	clr	a
      0002B3 3D               [12]  623 	addc	a, r5
      0002B4 FD               [12]  624 	mov	r5,a
      0002B5 8C 82            [24]  625 	mov	dpl,r4
      0002B7 8D 83            [24]  626 	mov	dph,r5
      0002B9 8F F0            [24]  627 	mov	b,r7
      0002BB 12r00r00         [24]  628 	lcall	__gptrget
      0002BE FA               [12]  629 	mov	r2,a
      0002BF A3               [24]  630 	inc	dptr
      0002C0 12r00r00         [24]  631 	lcall	__gptrget
      0002C3 7B 00            [12]  632 	mov	r3,#0x00
      0002C5 A9*01            [24]  633 	mov	r1,_scc_write_PARM_3
      0002C7 53 01 0F         [24]  634 	anl	ar1,#0x0f
      0002CA 89 00            [24]  635 	mov	ar0,r1
      0002CC 88 01            [24]  636 	mov	ar1,r0
      0002CE 78 00            [12]  637 	mov	r0,#0x00
      0002D0 EA               [12]  638 	mov	a,r2
      0002D1 42 00            [12]  639 	orl	ar0,a
      0002D3 EB               [12]  640 	mov	a,r3
      0002D4 42 01            [12]  641 	orl	ar1,a
      0002D6 8C 82            [24]  642 	mov	dpl,r4
      0002D8 8D 83            [24]  643 	mov	dph,r5
      0002DA 8F F0            [24]  644 	mov	b,r7
      0002DC E8               [12]  645 	mov	a,r0
      0002DD 12r00r00         [24]  646 	lcall	__gptrput
      0002E0 A3               [24]  647 	inc	dptr
      0002E1 E9               [12]  648 	mov	a,r1
      0002E2 12r00r00         [24]  649 	lcall	__gptrput
      0002E5 80 41            [24]  650 	sjmp	00114$
      0002E7                        651 00113$:
                                    652 ;	src\scc.c:53: s->ch[ch].frequency = (s->ch[ch].frequency & 0x0F00) | data;
      0002E7 EE               [12]  653 	mov	a,r6
      0002E8 75 F0 28         [24]  654 	mov	b,#0x28
      0002EB A4               [48]  655 	mul	ab
      0002EC 25*02            [12]  656 	add	a, _scc_write_s_10000_36
      0002EE FC               [12]  657 	mov	r4,a
      0002EF E4               [12]  658 	clr	a
      0002F0 35*03            [12]  659 	addc	a,(_scc_write_s_10000_36 + 1)
      0002F2 FD               [12]  660 	mov	r5,a
      0002F3 AF*04            [24]  661 	mov	r7,(_scc_write_s_10000_36 + 2)
      0002F5 74 04            [12]  662 	mov	a,#0x04
      0002F7 2C               [12]  663 	add	a, r4
      0002F8 FC               [12]  664 	mov	r4,a
      0002F9 E4               [12]  665 	clr	a
      0002FA 3D               [12]  666 	addc	a, r5
      0002FB FD               [12]  667 	mov	r5,a
      0002FC 8C 82            [24]  668 	mov	dpl,r4
      0002FE 8D 83            [24]  669 	mov	dph,r5
      000300 8F F0            [24]  670 	mov	b,r7
      000302 12r00r00         [24]  671 	lcall	__gptrget
      000305 A3               [24]  672 	inc	dptr
      000306 12r00r00         [24]  673 	lcall	__gptrget
      000309 FB               [12]  674 	mov	r3,a
      00030A 7A 00            [12]  675 	mov	r2,#0x00
      00030C 53 03 0F         [24]  676 	anl	ar3,#0x0f
      00030F A8*01            [24]  677 	mov	r0,_scc_write_PARM_3
      000311 79 00            [12]  678 	mov	r1,#0x00
      000313 E8               [12]  679 	mov	a,r0
      000314 42 02            [12]  680 	orl	ar2,a
      000316 E9               [12]  681 	mov	a,r1
      000317 42 03            [12]  682 	orl	ar3,a
      000319 8C 82            [24]  683 	mov	dpl,r4
      00031B 8D 83            [24]  684 	mov	dph,r5
      00031D 8F F0            [24]  685 	mov	b,r7
      00031F EA               [12]  686 	mov	a,r2
      000320 12r00r00         [24]  687 	lcall	__gptrput
      000323 A3               [24]  688 	inc	dptr
      000324 EB               [12]  689 	mov	a,r3
      000325 12r00r00         [24]  690 	lcall	__gptrput
      000328                        691 00114$:
                                    692 ;	src\scc.c:54: s->ch[ch].counter &= 0xFFFF0000u;
      000328 EE               [12]  693 	mov	a,r6
      000329 75 F0 28         [24]  694 	mov	b,#0x28
      00032C A4               [48]  695 	mul	ab
      00032D FF               [12]  696 	mov	r7,a
      00032E 25*02            [12]  697 	add	a, _scc_write_s_10000_36
      000330 FC               [12]  698 	mov	r4,a
      000331 E4               [12]  699 	clr	a
      000332 35*03            [12]  700 	addc	a, (_scc_write_s_10000_36 + 1)
      000334 FD               [12]  701 	mov	r5,a
      000335 AE*04            [24]  702 	mov	r6,(_scc_write_s_10000_36 + 2)
      000337 8C 82            [24]  703 	mov	dpl,r4
      000339 8D 83            [24]  704 	mov	dph,r5
      00033B 8E F0            [24]  705 	mov	b,r6
      00033D 12r00r00         [24]  706 	lcall	__gptrget
      000340 A3               [24]  707 	inc	dptr
      000341 12r00r00         [24]  708 	lcall	__gptrget
      000344 A3               [24]  709 	inc	dptr
      000345 12r00r00         [24]  710 	lcall	__gptrget
      000348 FA               [12]  711 	mov	r2,a
      000349 A3               [24]  712 	inc	dptr
      00034A 12r00r00         [24]  713 	lcall	__gptrget
      00034D FB               [12]  714 	mov	r3,a
      00034E 78 00            [12]  715 	mov	r0,#0x00
      000350 79 00            [12]  716 	mov	r1,#0x00
      000352 8C 82            [24]  717 	mov	dpl,r4
      000354 8D 83            [24]  718 	mov	dph,r5
      000356 8E F0            [24]  719 	mov	b,r6
      000358 E8               [12]  720 	mov	a,r0
      000359 12r00r00         [24]  721 	lcall	__gptrput
      00035C A3               [24]  722 	inc	dptr
      00035D E9               [12]  723 	mov	a,r1
      00035E 12r00r00         [24]  724 	lcall	__gptrput
      000361 A3               [24]  725 	inc	dptr
      000362 EA               [12]  726 	mov	a,r2
      000363 12r00r00         [24]  727 	lcall	__gptrput
      000366 A3               [24]  728 	inc	dptr
      000367 EB               [12]  729 	mov	a,r3
      000368 12r00r00         [24]  730 	lcall	__gptrput
                                    731 ;	src\scc.c:55: if (s->test & 0x20)
      00036B 74 D1            [12]  732 	mov	a,#0xd1
      00036D 25*02            [12]  733 	add	a, _scc_write_s_10000_36
      00036F F9               [12]  734 	mov	r1,a
      000370 E4               [12]  735 	clr	a
      000371 35*03            [12]  736 	addc	a, (_scc_write_s_10000_36 + 1)
      000373 FA               [12]  737 	mov	r2,a
      000374 AB*04            [24]  738 	mov	r3,(_scc_write_s_10000_36 + 2)
      000376 89 82            [24]  739 	mov	dpl,r1
      000378 8A 83            [24]  740 	mov	dph,r2
      00037A 8B F0            [24]  741 	mov	b,r3
      00037C 12r00r00         [24]  742 	lcall	__gptrget
      00037F 30 E5 17         [24]  743 	jnb	acc.5,00118$
                                    744 ;	src\scc.c:56: s->ch[ch].counter = 0xFFFFFFFF;
      000382 8C 82            [24]  745 	mov	dpl,r4
      000384 8D 83            [24]  746 	mov	dph,r5
      000386 8E F0            [24]  747 	mov	b,r6
      000388 74 FF            [12]  748 	mov	a,#0xff
      00038A 12r00r00         [24]  749 	lcall	__gptrput
      00038D A3               [24]  750 	inc	dptr
      00038E 12r00r00         [24]  751 	lcall	__gptrput
      000391 A3               [24]  752 	inc	dptr
      000392 12r00r00         [24]  753 	lcall	__gptrput
      000395 A3               [24]  754 	inc	dptr
      000396 02r00r00         [24]  755 	ljmp	__gptrput
      000399                        756 00118$:
                                    757 ;	src\scc.c:57: else if (s->ch[ch].frequency < 9)
      000399 EF               [12]  758 	mov	a,r7
      00039A 25*02            [12]  759 	add	a, _scc_write_s_10000_36
      00039C FD               [12]  760 	mov	r5,a
      00039D E4               [12]  761 	clr	a
      00039E 35*03            [12]  762 	addc	a, (_scc_write_s_10000_36 + 1)
      0003A0 FE               [12]  763 	mov	r6,a
      0003A1 AF*04            [24]  764 	mov	r7,(_scc_write_s_10000_36 + 2)
      0003A3 74 04            [12]  765 	mov	a,#0x04
      0003A5 2D               [12]  766 	add	a, r5
      0003A6 FA               [12]  767 	mov	r2,a
      0003A7 E4               [12]  768 	clr	a
      0003A8 3E               [12]  769 	addc	a, r6
      0003A9 FB               [12]  770 	mov	r3,a
      0003AA 8F 04            [24]  771 	mov	ar4,r7
      0003AC 8A 82            [24]  772 	mov	dpl,r2
      0003AE 8B 83            [24]  773 	mov	dph,r3
      0003B0 8C F0            [24]  774 	mov	b,r4
      0003B2 12r00r00         [24]  775 	lcall	__gptrget
      0003B5 FA               [12]  776 	mov	r2,a
      0003B6 A3               [24]  777 	inc	dptr
      0003B7 12r00r00         [24]  778 	lcall	__gptrget
      0003BA FB               [12]  779 	mov	r3,a
      0003BB C3               [12]  780 	clr	c
      0003BC EA               [12]  781 	mov	a,r2
      0003BD 94 09            [12]  782 	subb	a,#0x09
      0003BF EB               [12]  783 	mov	a,r3
      0003C0 94 00            [12]  784 	subb	a,#0x00
      0003C2 40 01            [24]  785 	jc	00232$
      0003C4 22               [24]  786 	ret
      0003C5                        787 00232$:
                                    788 ;	src\scc.c:58: s->ch[ch].counter |= ((1 << SCC_FREQ_BITS) - 1);
      0003C5 8D 82            [24]  789 	mov	dpl,r5
      0003C7 8E 83            [24]  790 	mov	dph,r6
      0003C9 8F F0            [24]  791 	mov	b,r7
      0003CB 74 FF            [12]  792 	mov	a,#0xff
      0003CD 12r00r00         [24]  793 	lcall	__gptrput
      0003D0 A3               [24]  794 	inc	dptr
      0003D1 12r00r00         [24]  795 	lcall	__gptrput
      0003D4 A3               [24]  796 	inc	dptr
      0003D5 12r00r00         [24]  797 	lcall	__gptrput
      0003D8 A3               [24]  798 	inc	dptr
                                    799 ;	src\scc.c:60: break;
      0003D9 02r00r00         [24]  800 	ljmp	__gptrput
                                    801 ;	src\scc.c:62: case 0x02: {
      0003DC                        802 00122$:
                                    803 ;	src\scc.c:63: ch = s->cur_reg & 0x07;
      0003DC 74 D2            [12]  804 	mov	a,#0xd2
      0003DE 25*02            [12]  805 	add	a, _scc_write_s_10000_36
      0003E0 FD               [12]  806 	mov	r5,a
      0003E1 E4               [12]  807 	clr	a
      0003E2 35*03            [12]  808 	addc	a, (_scc_write_s_10000_36 + 1)
      0003E4 FE               [12]  809 	mov	r6,a
      0003E5 AF*04            [24]  810 	mov	r7,(_scc_write_s_10000_36 + 2)
      0003E7 8D 82            [24]  811 	mov	dpl,r5
      0003E9 8E 83            [24]  812 	mov	dph,r6
      0003EB 8F F0            [24]  813 	mov	b,r7
      0003ED 12r00r00         [24]  814 	lcall	__gptrget
      0003F0 FD               [12]  815 	mov	r5,a
      0003F1 74 07            [12]  816 	mov	a,#0x07
      0003F3 5D               [12]  817 	anl	a,r5
      0003F4 FF               [12]  818 	mov	r7,a
                                    819 ;	src\scc.c:64: if (ch < SCC_CHANS)
      0003F5 BF 05 00         [24]  820 	cjne	r7,#0x05,00233$
      0003F8                        821 00233$:
      0003F8 40 01            [24]  822 	jc	00234$
      0003FA 22               [24]  823 	ret
      0003FB                        824 00234$:
                                    825 ;	src\scc.c:65: s->ch[ch].volume = data & 0x0F;
      0003FB EF               [12]  826 	mov	a,r7
      0003FC 75 F0 28         [24]  827 	mov	b,#0x28
      0003FF A4               [48]  828 	mul	ab
      000400 25*02            [12]  829 	add	a, _scc_write_s_10000_36
      000402 FD               [12]  830 	mov	r5,a
      000403 E4               [12]  831 	clr	a
      000404 35*03            [12]  832 	addc	a,(_scc_write_s_10000_36 + 1)
      000406 FE               [12]  833 	mov	r6,a
      000407 AF*04            [24]  834 	mov	r7,(_scc_write_s_10000_36 + 2)
      000409 74 06            [12]  835 	mov	a,#0x06
      00040B 2D               [12]  836 	add	a, r5
      00040C FD               [12]  837 	mov	r5,a
      00040D E4               [12]  838 	clr	a
      00040E 3E               [12]  839 	addc	a, r6
      00040F FE               [12]  840 	mov	r6,a
      000410 E5*01            [12]  841 	mov	a,_scc_write_PARM_3
      000412 54 0F            [12]  842 	anl	a,#0x0f
      000414 8D 82            [24]  843 	mov	dpl,r5
      000416 8E 83            [24]  844 	mov	dph,r6
      000418 8F F0            [24]  845 	mov	b,r7
                                    846 ;	src\scc.c:66: break;
                                    847 ;	src\scc.c:69: for (ch = 0; ch < SCC_CHANS; ch++)
      00041A 02r00r00         [24]  848 	ljmp	__gptrput
      00041D                        849 00146$:
      00041D 7F 00            [12]  850 	mov	r7,#0x00
      00041F                        851 00132$:
                                    852 ;	src\scc.c:70: s->ch[ch].key = (data >> ch) & 1;
      00041F EF               [12]  853 	mov	a,r7
      000420 75 F0 28         [24]  854 	mov	b,#0x28
      000423 A4               [48]  855 	mul	ab
      000424 25*02            [12]  856 	add	a, _scc_write_s_10000_36
      000426 FC               [12]  857 	mov	r4,a
      000427 E4               [12]  858 	clr	a
      000428 35*03            [12]  859 	addc	a,(_scc_write_s_10000_36 + 1)
      00042A FD               [12]  860 	mov	r5,a
      00042B AE*04            [24]  861 	mov	r6,(_scc_write_s_10000_36 + 2)
      00042D 74 07            [12]  862 	mov	a,#0x07
      00042F 2C               [12]  863 	add	a, r4
      000430 FC               [12]  864 	mov	r4,a
      000431 E4               [12]  865 	clr	a
      000432 3D               [12]  866 	addc	a, r5
      000433 FD               [12]  867 	mov	r5,a
      000434 8F F0            [24]  868 	mov	b,r7
      000436 05 F0            [12]  869 	inc	b
      000438 E5*01            [12]  870 	mov	a,_scc_write_PARM_3
      00043A 80 02            [24]  871 	sjmp	00236$
      00043C                        872 00235$:
      00043C C3               [12]  873 	clr	c
      00043D 13               [12]  874 	rrc	a
      00043E                        875 00236$:
      00043E D5 F0 FB         [24]  876 	djnz	b,00235$
      000441 54 01            [12]  877 	anl	a,#0x01
      000443 8C 82            [24]  878 	mov	dpl,r4
      000445 8D 83            [24]  879 	mov	dph,r5
      000447 8E F0            [24]  880 	mov	b,r6
      000449 12r00r00         [24]  881 	lcall	__gptrput
                                    882 ;	src\scc.c:69: for (ch = 0; ch < SCC_CHANS; ch++)
      00044C 0F               [12]  883 	inc	r7
      00044D BF 05 00         [24]  884 	cjne	r7,#0x05,00237$
      000450                        885 00237$:
      000450 40 CD            [24]  886 	jc	00132$
                                    887 ;	src\scc.c:71: break;
                                    888 ;	src\scc.c:72: case 0x05:
      000452 22               [24]  889 	ret
      000453                        890 00127$:
                                    891 ;	src\scc.c:73: s->test = data;
      000453 74 D1            [12]  892 	mov	a,#0xd1
      000455 25*02            [12]  893 	add	a, _scc_write_s_10000_36
      000457 FD               [12]  894 	mov	r5,a
      000458 E4               [12]  895 	clr	a
      000459 35*03            [12]  896 	addc	a, (_scc_write_s_10000_36 + 1)
      00045B FE               [12]  897 	mov	r6,a
      00045C AF*04            [24]  898 	mov	r7,(_scc_write_s_10000_36 + 2)
      00045E 8D 82            [24]  899 	mov	dpl,r5
      000460 8E 83            [24]  900 	mov	dph,r6
      000462 8F F0            [24]  901 	mov	b,r7
      000464 E5*01            [12]  902 	mov	a,_scc_write_PARM_3
                                    903 ;	src\scc.c:75: }
      000466 02r00r00         [24]  904 	ljmp	__gptrput
      000469                        905 00130$:
                                    906 ;	src\scc.c:77: s->cur_reg = data;
      000469 74 D2            [12]  907 	mov	a,#0xd2
      00046B 25*02            [12]  908 	add	a, _scc_write_s_10000_36
      00046D FD               [12]  909 	mov	r5,a
      00046E E4               [12]  910 	clr	a
      00046F 35*03            [12]  911 	addc	a, (_scc_write_s_10000_36 + 1)
      000471 FE               [12]  912 	mov	r6,a
      000472 AF*04            [24]  913 	mov	r7,(_scc_write_s_10000_36 + 2)
      000474 8D 82            [24]  914 	mov	dpl,r5
      000476 8E 83            [24]  915 	mov	dph,r6
      000478 8F F0            [24]  916 	mov	b,r7
      00047A E5*01            [12]  917 	mov	a,_scc_write_PARM_3
                                    918 ;	src\scc.c:79: }
      00047C 02r00r00         [24]  919 	ljmp	__gptrput
                                    920 ;------------------------------------------------------------
                                    921 ;Allocation info for local variables in function 'scc_render'
                                    922 ;------------------------------------------------------------
                                    923 ;s                         Allocated with name '_scc_render_s_10000_50'
                                    924 ;mix                       Allocated with name '_scc_render_mix_10000_51'
                                    925 ;i                         Allocated with name '_scc_render_i_10000_51'
                                    926 ;c                         Allocated with name '_scc_render_c_30000_53'
                                    927 ;step                      Allocated with name '_scc_render_step_40000_54'
                                    928 ;offs                      Allocated to registers r4 r5 r6 
                                    929 ;smpl                      Allocated to registers r6 r7 
                                    930 ;sloc0                     Allocated with name '_scc_render_sloc0_1_0'
                                    931 ;sloc1                     Allocated with name '_scc_render_sloc1_1_0'
                                    932 ;sloc2                     Allocated with name '_scc_render_sloc2_1_0'
                                    933 ;------------------------------------------------------------
                                    934 ;	src\scc.c:81: int8_t scc_render(scc_state_t *s) {
                                    935 ;	-----------------------------------------
                                    936 ;	 function scc_render
                                    937 ;	-----------------------------------------
      00047F                        938 _scc_render:
      00047F 85 82*07         [24]  939 	mov	_scc_render_s_10000_50,dpl
      000482 85 83*08         [24]  940 	mov	(_scc_render_s_10000_50 + 1),dph
      000485 85 F0*09         [24]  941 	mov	(_scc_render_s_10000_50 + 2),b
                                    942 ;	src\scc.c:82: int16_t mix = 0;
      000488 E4               [12]  943 	clr	a
      000489 F5*0A            [12]  944 	mov	_scc_render_mix_10000_51,a
      00048B F5*0B            [12]  945 	mov	(_scc_render_mix_10000_51 + 1),a
                                    946 ;	src\scc.c:84: for (i = 0; i < SCC_CHANS; i++) {
      00048D 74 CC            [12]  947 	mov	a,#0xcc
      00048F 25*07            [12]  948 	add	a, _scc_render_s_10000_50
      000491 F5*17            [12]  949 	mov	_scc_render_sloc1_1_0,a
      000493 E4               [12]  950 	clr	a
      000494 35*08            [12]  951 	addc	a, (_scc_render_s_10000_50 + 1)
      000496 F5*18            [12]  952 	mov	(_scc_render_sloc1_1_0 + 1),a
      000498 85*09*19         [24]  953 	mov	(_scc_render_sloc1_1_0 + 2),(_scc_render_s_10000_50 + 2)
      00049B 74 C8            [12]  954 	mov	a,#0xc8
      00049D 25*07            [12]  955 	add	a, _scc_render_s_10000_50
      00049F F5*14            [12]  956 	mov	_scc_render_sloc0_1_0,a
      0004A1 E4               [12]  957 	clr	a
      0004A2 35*08            [12]  958 	addc	a, (_scc_render_s_10000_50 + 1)
      0004A4 F5*15            [12]  959 	mov	(_scc_render_sloc0_1_0 + 1),a
      0004A6 85*09*16         [24]  960 	mov	(_scc_render_sloc0_1_0 + 2),(_scc_render_s_10000_50 + 2)
      0004A9 75*0C 00         [24]  961 	mov	_scc_render_i_10000_51,#0x00
      0004AC                        962 00110$:
                                    963 ;	src\scc.c:85: scc_channel_t *c = &s->ch[i];
      0004AC E5*0C            [12]  964 	mov	a,_scc_render_i_10000_51
      0004AE 75 F0 28         [24]  965 	mov	b,#0x28
      0004B1 A4               [48]  966 	mul	ab
      0004B2 25*07            [12]  967 	add	a, _scc_render_s_10000_50
      0004B4 F5*0D            [12]  968 	mov	_scc_render_c_30000_53,a
      0004B6 E4               [12]  969 	clr	a
      0004B7 35*08            [12]  970 	addc	a,(_scc_render_s_10000_50 + 1)
      0004B9 F5*0E            [12]  971 	mov	(_scc_render_c_30000_53 + 1),a
      0004BB 85*09*0F         [24]  972 	mov	(_scc_render_c_30000_53 + 2),(_scc_render_s_10000_50 + 2)
                                    973 ;	src\scc.c:86: if (c->frequency > 8) {
      0004BE 74 04            [12]  974 	mov	a,#0x04
      0004C0 25*0D            [12]  975 	add	a, _scc_render_c_30000_53
      0004C2 FB               [12]  976 	mov	r3,a
      0004C3 E4               [12]  977 	clr	a
      0004C4 35*0E            [12]  978 	addc	a, (_scc_render_c_30000_53 + 1)
      0004C6 FC               [12]  979 	mov	r4,a
      0004C7 AD*0F            [24]  980 	mov	r5,(_scc_render_c_30000_53 + 2)
      0004C9 8B 82            [24]  981 	mov	dpl,r3
      0004CB 8C 83            [24]  982 	mov	dph,r4
      0004CD 8D F0            [24]  983 	mov	b,r5
      0004CF 12r00r00         [24]  984 	lcall	__gptrget
      0004D2 FB               [12]  985 	mov	r3,a
      0004D3 A3               [24]  986 	inc	dptr
      0004D4 12r00r00         [24]  987 	lcall	__gptrget
      0004D7 FC               [12]  988 	mov	r4,a
      0004D8 C3               [12]  989 	clr	c
      0004D9 74 08            [12]  990 	mov	a,#0x08
      0004DB 9B               [12]  991 	subb	a,r3
      0004DC E4               [12]  992 	clr	a
      0004DD 9C               [12]  993 	subb	a,r4
      0004DE 40 03            [24]  994 	jc	00157$
      0004E0 02r06r2F         [24]  995 	ljmp	00111$
      0004E3                        996 00157$:
                                    997 ;	src\scc.c:91: step = s->clock_factor / ((uint32_t)(c->frequency + 1) * s->rate);
      0004E3 85*17 82         [24]  998 	mov	dpl,_scc_render_sloc1_1_0
      0004E6 85*18 83         [24]  999 	mov	dph,(_scc_render_sloc1_1_0 + 1)
      0004E9 85*19 F0         [24] 1000 	mov	b,(_scc_render_sloc1_1_0 + 2)
      0004EC 12r00r00         [24] 1001 	lcall	__gptrget
      0004EF F5*1A            [12] 1002 	mov	_scc_render_sloc2_1_0,a
      0004F1 A3               [24] 1003 	inc	dptr
      0004F2 12r00r00         [24] 1004 	lcall	__gptrget
      0004F5 F5*1B            [12] 1005 	mov	(_scc_render_sloc2_1_0 + 1),a
      0004F7 A3               [24] 1006 	inc	dptr
      0004F8 12r00r00         [24] 1007 	lcall	__gptrget
      0004FB F5*1C            [12] 1008 	mov	(_scc_render_sloc2_1_0 + 2),a
      0004FD A3               [24] 1009 	inc	dptr
      0004FE 12r00r00         [24] 1010 	lcall	__gptrget
      000501 F5*1D            [12] 1011 	mov	(_scc_render_sloc2_1_0 + 3),a
      000503 0B               [12] 1012 	inc	r3
      000504 BB 00 01         [24] 1013 	cjne	r3,#0x00,00158$
      000507 0C               [12] 1014 	inc	r4
      000508                       1015 00158$:
      000508 7E 00            [12] 1016 	mov	r6,#0x00
      00050A 7F 00            [12] 1017 	mov	r7,#0x00
      00050C 85*14 82         [24] 1018 	mov	dpl,_scc_render_sloc0_1_0
      00050F 85*15 83         [24] 1019 	mov	dph,(_scc_render_sloc0_1_0 + 1)
      000512 85*16 F0         [24] 1020 	mov	b,(_scc_render_sloc0_1_0 + 2)
      000515 12r00r00         [24] 1021 	lcall	__gptrget
      000518 F5*00            [12] 1022 	mov	__mullong_PARM_2,a
      00051A A3               [24] 1023 	inc	dptr
      00051B 12r00r00         [24] 1024 	lcall	__gptrget
      00051E F5*01            [12] 1025 	mov	(__mullong_PARM_2 + 1),a
      000520 A3               [24] 1026 	inc	dptr
      000521 12r00r00         [24] 1027 	lcall	__gptrget
      000524 F5*02            [12] 1028 	mov	(__mullong_PARM_2 + 2),a
      000526 A3               [24] 1029 	inc	dptr
      000527 12r00r00         [24] 1030 	lcall	__gptrget
      00052A F5*03            [12] 1031 	mov	(__mullong_PARM_2 + 3),a
      00052C 8B 82            [24] 1032 	mov	dpl, r3
      00052E 8C 83            [24] 1033 	mov	dph, r4
      000530 8E F0            [24] 1034 	mov	b, r6
      000532 EF               [12] 1035 	mov	a, r7
      000533 12r00r00         [24] 1036 	lcall	__mullong
      000536 85 82*00         [24] 1037 	mov	__divulong_PARM_2,dpl
      000539 85 83*01         [24] 1038 	mov	(__divulong_PARM_2 + 1),dph
      00053C 85 F0*02         [24] 1039 	mov	(__divulong_PARM_2 + 2),b
      00053F F5*03            [12] 1040 	mov	(__divulong_PARM_2 + 3),a
                                   1041 ;	src\scc.c:92: c->counter += step;
      000541 85*1A 82         [24] 1042 	mov	dpl, _scc_render_sloc2_1_0
      000544 85*1B 83         [24] 1043 	mov	dph, (_scc_render_sloc2_1_0 + 1)
      000547 85*1C F0         [24] 1044 	mov	b, (_scc_render_sloc2_1_0 + 2)
      00054A E5*1D            [12] 1045 	mov	a, (_scc_render_sloc2_1_0 + 3)
      00054C 12r00r00         [24] 1046 	lcall	__divulong
      00054F 85 82*10         [24] 1047 	mov	_scc_render_step_40000_54,dpl
      000552 85 83*11         [24] 1048 	mov	(_scc_render_step_40000_54 + 1),dph
      000555 85 F0*12         [24] 1049 	mov	(_scc_render_step_40000_54 + 2),b
      000558 F5*13            [12] 1050 	mov	(_scc_render_step_40000_54 + 3),a
      00055A 85*0D 82         [24] 1051 	mov	dpl,_scc_render_c_30000_53
      00055D 85*0E 83         [24] 1052 	mov	dph,(_scc_render_c_30000_53 + 1)
      000560 85*0F F0         [24] 1053 	mov	b,(_scc_render_c_30000_53 + 2)
      000563 12r00r00         [24] 1054 	lcall	__gptrget
      000566 FB               [12] 1055 	mov	r3,a
      000567 A3               [24] 1056 	inc	dptr
      000568 12r00r00         [24] 1057 	lcall	__gptrget
      00056B FA               [12] 1058 	mov	r2,a
      00056C A3               [24] 1059 	inc	dptr
      00056D 12r00r00         [24] 1060 	lcall	__gptrget
      000570 FE               [12] 1061 	mov	r6,a
      000571 A3               [24] 1062 	inc	dptr
      000572 12r00r00         [24] 1063 	lcall	__gptrget
      000575 FF               [12] 1064 	mov	r7,a
      000576 E5*10            [12] 1065 	mov	a,_scc_render_step_40000_54
      000578 2B               [12] 1066 	add	a, r3
      000579 FB               [12] 1067 	mov	r3,a
      00057A E5*11            [12] 1068 	mov	a,(_scc_render_step_40000_54 + 1)
      00057C 3A               [12] 1069 	addc	a, r2
      00057D FA               [12] 1070 	mov	r2,a
      00057E E5*12            [12] 1071 	mov	a,(_scc_render_step_40000_54 + 2)
      000580 3E               [12] 1072 	addc	a, r6
      000581 FE               [12] 1073 	mov	r6,a
      000582 E5*13            [12] 1074 	mov	a,(_scc_render_step_40000_54 + 3)
      000584 3F               [12] 1075 	addc	a, r7
      000585 FF               [12] 1076 	mov	r7,a
      000586 85*0D 82         [24] 1077 	mov	dpl,_scc_render_c_30000_53
      000589 85*0E 83         [24] 1078 	mov	dph,(_scc_render_c_30000_53 + 1)
      00058C 85*0F F0         [24] 1079 	mov	b,(_scc_render_c_30000_53 + 2)
      00058F EB               [12] 1080 	mov	a,r3
      000590 12r00r00         [24] 1081 	lcall	__gptrput
      000593 A3               [24] 1082 	inc	dptr
      000594 EA               [12] 1083 	mov	a,r2
      000595 12r00r00         [24] 1084 	lcall	__gptrput
      000598 A3               [24] 1085 	inc	dptr
      000599 EE               [12] 1086 	mov	a,r6
      00059A 12r00r00         [24] 1087 	lcall	__gptrput
      00059D A3               [24] 1088 	inc	dptr
      00059E EF               [12] 1089 	mov	a,r7
      00059F 12r00r00         [24] 1090 	lcall	__gptrput
                                   1091 ;	src\scc.c:93: if (c->key) {
      0005A2 74 07            [12] 1092 	mov	a,#0x07
      0005A4 25*0D            [12] 1093 	add	a, _scc_render_c_30000_53
      0005A6 FD               [12] 1094 	mov	r5,a
      0005A7 E4               [12] 1095 	clr	a
      0005A8 35*0E            [12] 1096 	addc	a, (_scc_render_c_30000_53 + 1)
      0005AA FE               [12] 1097 	mov	r6,a
      0005AB AF*0F            [24] 1098 	mov	r7,(_scc_render_c_30000_53 + 2)
      0005AD 8D 82            [24] 1099 	mov	dpl,r5
      0005AF 8E 83            [24] 1100 	mov	dph,r6
      0005B1 8F F0            [24] 1101 	mov	b,r7
      0005B3 12r00r00         [24] 1102 	lcall	__gptrget
      0005B6 60 77            [24] 1103 	jz	00111$
                                   1104 ;	src\scc.c:94: offs = (c->counter >> SCC_FREQ_BITS) & 0x1F;
      0005B8 85*0D 82         [24] 1105 	mov	dpl,_scc_render_c_30000_53
      0005BB 85*0E 83         [24] 1106 	mov	dph,(_scc_render_c_30000_53 + 1)
      0005BE 85*0F F0         [24] 1107 	mov	b,(_scc_render_c_30000_53 + 2)
      0005C1 12r00r00         [24] 1108 	lcall	__gptrget
      0005C4 A3               [24] 1109 	inc	dptr
      0005C5 12r00r00         [24] 1110 	lcall	__gptrget
      0005C8 A3               [24] 1111 	inc	dptr
      0005C9 12r00r00         [24] 1112 	lcall	__gptrget
      0005CC FE               [12] 1113 	mov	r6,a
      0005CD A3               [24] 1114 	inc	dptr
      0005CE 12r00r00         [24] 1115 	lcall	__gptrget
      0005D1 FF               [12] 1116 	mov	r7,a
      0005D2 8E 04            [24] 1117 	mov	ar4,r6
      0005D4 8F 05            [24] 1118 	mov	ar5,r7
      0005D6 53 04 1F         [24] 1119 	anl	ar4,#0x1f
                                   1120 ;	src\scc.c:95: smpl = (int16_t)c->waveram[offs] * c->volume;
      0005D9 E4               [12] 1121 	clr	a
      0005DA 74 08            [12] 1122 	mov	a,#0x08
      0005DC 25*0D            [12] 1123 	add	a, _scc_render_c_30000_53
      0005DE FA               [12] 1124 	mov	r2,a
      0005DF E4               [12] 1125 	clr	a
      0005E0 35*0E            [12] 1126 	addc	a, (_scc_render_c_30000_53 + 1)
      0005E2 E4               [12] 1127 	clr	a
      0005E3 35*0F            [12] 1128 	addc	a, (_scc_render_c_30000_53 + 2)
      0005E5 EC               [12] 1129 	mov	a,r4
      0005E6 2A               [12] 1130 	add	a, r2
      0005E7 F9               [12] 1131 	mov	r1,a
      0005E8 E7               [12] 1132 	mov	a,@r1
      0005E9 FF               [12] 1133 	mov	r7,a
      0005EA 33               [12] 1134 	rlc	a
      0005EB 95 E0            [12] 1135 	subb	a,acc
      0005ED FE               [12] 1136 	mov	r6,a
      0005EE 74 06            [12] 1137 	mov	a,#0x06
      0005F0 25*0D            [12] 1138 	add	a, _scc_render_c_30000_53
      0005F2 FB               [12] 1139 	mov	r3,a
      0005F3 E4               [12] 1140 	clr	a
      0005F4 35*0E            [12] 1141 	addc	a, (_scc_render_c_30000_53 + 1)
      0005F6 FC               [12] 1142 	mov	r4,a
      0005F7 AD*0F            [24] 1143 	mov	r5,(_scc_render_c_30000_53 + 2)
      0005F9 8B 82            [24] 1144 	mov	dpl,r3
      0005FB 8C 83            [24] 1145 	mov	dph,r4
      0005FD 8D F0            [24] 1146 	mov	b,r5
      0005FF 12r00r00         [24] 1147 	lcall	__gptrget
      000602 FB               [12] 1148 	mov	r3,a
      000603 8B*00            [24] 1149 	mov	__mulint_PARM_2,r3
      000605 75*01 00         [24] 1150 	mov	(__mulint_PARM_2 + 1),#0x00
                                   1151 ;	src\scc.c:96: smpl >>= 4;
      000608 8F 82            [24] 1152 	mov	dpl, r7
      00060A 8E 83            [24] 1153 	mov	dph, r6
      00060C 12r00r00         [24] 1154 	lcall	__mulint
      00060F AE 82            [24] 1155 	mov	r6, dpl
      000611 E5 83            [12] 1156 	mov	a,dph
      000613 C4               [12] 1157 	swap	a
      000614 CE               [12] 1158 	xch	a,r6
      000615 C4               [12] 1159 	swap	a
      000616 54 0F            [12] 1160 	anl	a,#0x0f
      000618 6E               [12] 1161 	xrl	a,r6
      000619 CE               [12] 1162 	xch	a,r6
      00061A 54 0F            [12] 1163 	anl	a,#0x0f
      00061C CE               [12] 1164 	xch	a,r6
      00061D 6E               [12] 1165 	xrl	a,r6
      00061E CE               [12] 1166 	xch	a,r6
      00061F 30 E3 02         [24] 1167 	jnb	acc.3,00160$
      000622 44 F0            [12] 1168 	orl	a,#0xfffffff0
      000624                       1169 00160$:
      000624 FF               [12] 1170 	mov	r7,a
                                   1171 ;	src\scc.c:97: mix += smpl;
      000625 EE               [12] 1172 	mov	a,r6
      000626 25*0A            [12] 1173 	add	a, _scc_render_mix_10000_51
      000628 F5*0A            [12] 1174 	mov	_scc_render_mix_10000_51,a
      00062A EF               [12] 1175 	mov	a,r7
      00062B 35*0B            [12] 1176 	addc	a, (_scc_render_mix_10000_51 + 1)
      00062D F5*0B            [12] 1177 	mov	(_scc_render_mix_10000_51 + 1),a
      00062F                       1178 00111$:
                                   1179 ;	src\scc.c:84: for (i = 0; i < SCC_CHANS; i++) {
      00062F 05*0C            [12] 1180 	inc	_scc_render_i_10000_51
      000631 74 FB            [12] 1181 	mov	a,#0x100 - 0x05
      000633 25*0C            [12] 1182 	add	a,_scc_render_i_10000_51
      000635 40 03            [24] 1183 	jc	00161$
      000637 02r04rAC         [24] 1184 	ljmp	00110$
      00063A                       1185 00161$:
                                   1186 ;	src\scc.c:101: if (mix > 127) mix = 127;
      00063A AB*0A            [24] 1187 	mov	r3,_scc_render_mix_10000_51
      00063C AC*0B            [24] 1188 	mov	r4,(_scc_render_mix_10000_51 + 1)
      00063E C3               [12] 1189 	clr	c
      00063F 74 7F            [12] 1190 	mov	a,#0x7f
      000641 9B               [12] 1191 	subb	a,r3
      000642 74 80            [12] 1192 	mov	a,#(0x00 ^ 0x80)
      000644 8C F0            [24] 1193 	mov	b,r4
      000646 63 F0 80         [24] 1194 	xrl	b,#0x80
      000649 95 F0            [12] 1195 	subb	a,b
      00064B 50 06            [24] 1196 	jnc	00107$
      00064D 75*0A 7F         [24] 1197 	mov	_scc_render_mix_10000_51,#0x7f
      000650 75*0B 00         [24] 1198 	mov	(_scc_render_mix_10000_51 + 1),#0x00
      000653                       1199 00107$:
                                   1200 ;	src\scc.c:102: if (mix < -128) mix = -128;
      000653 C3               [12] 1201 	clr	c
      000654 E5*0A            [12] 1202 	mov	a,_scc_render_mix_10000_51
      000656 94 80            [12] 1203 	subb	a,#0x80
      000658 E5*0B            [12] 1204 	mov	a,(_scc_render_mix_10000_51 + 1)
      00065A 64 80            [12] 1205 	xrl	a,#0x80
      00065C 94 7F            [12] 1206 	subb	a,#0x7f
      00065E 50 06            [24] 1207 	jnc	00109$
      000660 75*0A 80         [24] 1208 	mov	_scc_render_mix_10000_51,#0x80
      000663 75*0B FF         [24] 1209 	mov	(_scc_render_mix_10000_51 + 1),#0xff
      000666                       1210 00109$:
                                   1211 ;	src\scc.c:103: return (int8_t)mix;
      000666 85*0A 82         [24] 1212 	mov	dpl,_scc_render_mix_10000_51
                                   1213 ;	src\scc.c:104: }
      000669 22               [24] 1214 	ret
                                   1215 	.area CSEG    (CODE)
                                   1216 	.area CONST   (CODE)
                                   1217 	.area XINIT   (CODE)
                                   1218 	.area CABS    (ABS,CODE)
