                                      1 ;--------------------------------------------------------
                                      2 ; File Created by SDCC : free open source ISO C Compiler 
                                      3 ; Version 4.4.0 #14620 (MINGW32)
                                      4 ;--------------------------------------------------------
                                      5 	.module fw_i2c
                                      6 	.optsdcc -mmcs51 --model-small
                                      7 	
                                      8 ;--------------------------------------------------------
                                      9 ; Public variables in this module
                                     10 ;--------------------------------------------------------
                                     11 	.globl _I2C_Read16BitAddr_PARM_4
                                     12 	.globl _I2C_Read16BitAddr_PARM_3
                                     13 	.globl _I2C_Read16BitAddr_PARM_2
                                     14 	.globl _I2C_Write16BitAddr_PARM_4
                                     15 	.globl _I2C_Write16BitAddr_PARM_3
                                     16 	.globl _I2C_Write16BitAddr_PARM_2
                                     17 	.globl _I2C_Read_PARM_4
                                     18 	.globl _I2C_Read_PARM_3
                                     19 	.globl _I2C_Read_PARM_2
                                     20 	.globl _I2C_Write_PARM_4
                                     21 	.globl _I2C_Write_PARM_3
                                     22 	.globl _I2C_Write_PARM_2
                                     23 	.globl _P77
                                     24 	.globl _P76
                                     25 	.globl _P75
                                     26 	.globl _P74
                                     27 	.globl _P73
                                     28 	.globl _P72
                                     29 	.globl _P71
                                     30 	.globl _P70
                                     31 	.globl _P67
                                     32 	.globl _P66
                                     33 	.globl _P65
                                     34 	.globl _P64
                                     35 	.globl _P63
                                     36 	.globl _P62
                                     37 	.globl _P61
                                     38 	.globl _P60
                                     39 	.globl _P
                                     40 	.globl _F1
                                     41 	.globl _OV
                                     42 	.globl _RS0
                                     43 	.globl _RS1
                                     44 	.globl _F0
                                     45 	.globl _AC
                                     46 	.globl _CY
                                     47 	.globl _P57
                                     48 	.globl _P56
                                     49 	.globl _P55
                                     50 	.globl _P54
                                     51 	.globl _P53
                                     52 	.globl _P52
                                     53 	.globl _P51
                                     54 	.globl _P50
                                     55 	.globl _P47
                                     56 	.globl _P46
                                     57 	.globl _P45
                                     58 	.globl _P44
                                     59 	.globl _P43
                                     60 	.globl _P42
                                     61 	.globl _P41
                                     62 	.globl _P40
                                     63 	.globl _PX0
                                     64 	.globl _PT0
                                     65 	.globl _PX1
                                     66 	.globl _PT1
                                     67 	.globl _PS
                                     68 	.globl _PADC
                                     69 	.globl _PLVD
                                     70 	.globl _PPCA
                                     71 	.globl _P37
                                     72 	.globl _P36
                                     73 	.globl _P35
                                     74 	.globl _P34
                                     75 	.globl _P33
                                     76 	.globl _P32
                                     77 	.globl _P31
                                     78 	.globl _P30
                                     79 	.globl _EX0
                                     80 	.globl _ET0
                                     81 	.globl _EX1
                                     82 	.globl _ET1
                                     83 	.globl _ES
                                     84 	.globl _EADC
                                     85 	.globl _ELVD
                                     86 	.globl _EA
                                     87 	.globl _P27
                                     88 	.globl _P26
                                     89 	.globl _P25
                                     90 	.globl _P24
                                     91 	.globl _P23
                                     92 	.globl _P22
                                     93 	.globl _P21
                                     94 	.globl _P20
                                     95 	.globl _RI
                                     96 	.globl _TI
                                     97 	.globl _RB8
                                     98 	.globl _TB8
                                     99 	.globl _REN
                                    100 	.globl _SM2
                                    101 	.globl _SM1
                                    102 	.globl _SM0
                                    103 	.globl _P17
                                    104 	.globl _P16
                                    105 	.globl _P15
                                    106 	.globl _P14
                                    107 	.globl _P13
                                    108 	.globl _P12
                                    109 	.globl _P11
                                    110 	.globl _P10
                                    111 	.globl _IT0
                                    112 	.globl _IE0
                                    113 	.globl _IT1
                                    114 	.globl _IE1
                                    115 	.globl _TR0
                                    116 	.globl _TF0
                                    117 	.globl _TR1
                                    118 	.globl _TF1
                                    119 	.globl _P07
                                    120 	.globl _P06
                                    121 	.globl _P05
                                    122 	.globl _P04
                                    123 	.globl _P03
                                    124 	.globl _P02
                                    125 	.globl _P01
                                    126 	.globl _P00
                                    127 	.globl _RSTCFG
                                    128 	.globl _USBADR
                                    129 	.globl _IAP_TPS
                                    130 	.globl _USBCON
                                    131 	.globl _AUXINTIF
                                    132 	.globl _IP3H
                                    133 	.globl _USBDAT
                                    134 	.globl _CMPCR2
                                    135 	.globl _CMPCR1
                                    136 	.globl _DPH1
                                    137 	.globl _DPL1
                                    138 	.globl _DPS
                                    139 	.globl _P7M0
                                    140 	.globl _P7M1
                                    141 	.globl _IP3
                                    142 	.globl _ADCCFG
                                    143 	.globl _USBCLK
                                    144 	.globl _VRTRIM
                                    145 	.globl _P7
                                    146 	.globl _B
                                    147 	.globl _P6
                                    148 	.globl _ACC
                                    149 	.globl _T2L
                                    150 	.globl _T2H
                                    151 	.globl _T3L
                                    152 	.globl _T3H
                                    153 	.globl _T4L
                                    154 	.globl _T4H
                                    155 	.globl _T4T3M
                                    156 	.globl _PSW
                                    157 	.globl _SPDAT
                                    158 	.globl _SPCTL
                                    159 	.globl _SPSTAT
                                    160 	.globl _P6M0
                                    161 	.globl _P6M1
                                    162 	.globl _P5M0
                                    163 	.globl _P5M1
                                    164 	.globl _P5
                                    165 	.globl _IAP_CONTR
                                    166 	.globl _IAP_TRIG
                                    167 	.globl _IAP_CMD
                                    168 	.globl _IAP_ADDRL
                                    169 	.globl _IAP_ADDRH
                                    170 	.globl _IAP_DATA
                                    171 	.globl _WDT_CONTR
                                    172 	.globl _P4
                                    173 	.globl _ADC_RESL
                                    174 	.globl _ADC_RES
                                    175 	.globl _ADC_CONTR
                                    176 	.globl _P_SW2
                                    177 	.globl _SADEN
                                    178 	.globl _IP
                                    179 	.globl _IPH
                                    180 	.globl _IP2H
                                    181 	.globl _IP2
                                    182 	.globl _P4M0
                                    183 	.globl _P4M1
                                    184 	.globl _P3M0
                                    185 	.globl _P3M1
                                    186 	.globl _P3
                                    187 	.globl _IE2
                                    188 	.globl _TA
                                    189 	.globl _S3BUF
                                    190 	.globl _S3CON
                                    191 	.globl _WKTCH
                                    192 	.globl _WKTCL
                                    193 	.globl _SADDR
                                    194 	.globl _IE
                                    195 	.globl _P_SW1
                                    196 	.globl _BUS_SPEED
                                    197 	.globl _P2
                                    198 	.globl _IRTRIM
                                    199 	.globl _LIRTRIM
                                    200 	.globl _IRCBAND
                                    201 	.globl _S2BUF
                                    202 	.globl _S2CON
                                    203 	.globl _SBUF
                                    204 	.globl _SCON
                                    205 	.globl _P2M0
                                    206 	.globl _P2M1
                                    207 	.globl _P0M0
                                    208 	.globl _P0M1
                                    209 	.globl _P1M0
                                    210 	.globl _P1M1
                                    211 	.globl _P1
                                    212 	.globl _INTCLKO
                                    213 	.globl _AUXR
                                    214 	.globl _TH1
                                    215 	.globl _TH0
                                    216 	.globl _TL1
                                    217 	.globl _TL0
                                    218 	.globl _TMOD
                                    219 	.globl _TCON
                                    220 	.globl _PCON
                                    221 	.globl _S4BUF
                                    222 	.globl _S4CON
                                    223 	.globl _DPH
                                    224 	.globl _DPL
                                    225 	.globl _SP
                                    226 	.globl _P0
                                    227 	.globl _I2C_Write
                                    228 	.globl _I2C_Read
                                    229 	.globl _I2C_Write16BitAddr
                                    230 	.globl _I2C_Read16BitAddr
                                    231 ;--------------------------------------------------------
                                    232 ; special function registers
                                    233 ;--------------------------------------------------------
                                    234 	.area RSEG    (ABS,DATA)
      000000                        235 	.org 0x0000
                           000080   236 _P0	=	0x0080
                           000081   237 _SP	=	0x0081
                           000082   238 _DPL	=	0x0082
                           000083   239 _DPH	=	0x0083
                           000084   240 _S4CON	=	0x0084
                           000085   241 _S4BUF	=	0x0085
                           000087   242 _PCON	=	0x0087
                           000088   243 _TCON	=	0x0088
                           000089   244 _TMOD	=	0x0089
                           00008A   245 _TL0	=	0x008a
                           00008B   246 _TL1	=	0x008b
                           00008C   247 _TH0	=	0x008c
                           00008D   248 _TH1	=	0x008d
                           00008E   249 _AUXR	=	0x008e
                           00008F   250 _INTCLKO	=	0x008f
                           000090   251 _P1	=	0x0090
                           000091   252 _P1M1	=	0x0091
                           000092   253 _P1M0	=	0x0092
                           000093   254 _P0M1	=	0x0093
                           000094   255 _P0M0	=	0x0094
                           000095   256 _P2M1	=	0x0095
                           000096   257 _P2M0	=	0x0096
                           000098   258 _SCON	=	0x0098
                           000099   259 _SBUF	=	0x0099
                           00009A   260 _S2CON	=	0x009a
                           00009B   261 _S2BUF	=	0x009b
                           00009D   262 _IRCBAND	=	0x009d
                           00009E   263 _LIRTRIM	=	0x009e
                           00009F   264 _IRTRIM	=	0x009f
                           0000A0   265 _P2	=	0x00a0
                           0000A1   266 _BUS_SPEED	=	0x00a1
                           0000A2   267 _P_SW1	=	0x00a2
                           0000A8   268 _IE	=	0x00a8
                           0000A9   269 _SADDR	=	0x00a9
                           0000AA   270 _WKTCL	=	0x00aa
                           0000AB   271 _WKTCH	=	0x00ab
                           0000AC   272 _S3CON	=	0x00ac
                           0000AD   273 _S3BUF	=	0x00ad
                           0000AE   274 _TA	=	0x00ae
                           0000AF   275 _IE2	=	0x00af
                           0000B0   276 _P3	=	0x00b0
                           0000B1   277 _P3M1	=	0x00b1
                           0000B2   278 _P3M0	=	0x00b2
                           0000B3   279 _P4M1	=	0x00b3
                           0000B4   280 _P4M0	=	0x00b4
                           0000B5   281 _IP2	=	0x00b5
                           0000B6   282 _IP2H	=	0x00b6
                           0000B7   283 _IPH	=	0x00b7
                           0000B8   284 _IP	=	0x00b8
                           0000B9   285 _SADEN	=	0x00b9
                           0000BA   286 _P_SW2	=	0x00ba
                           0000BC   287 _ADC_CONTR	=	0x00bc
                           0000BD   288 _ADC_RES	=	0x00bd
                           0000BE   289 _ADC_RESL	=	0x00be
                           0000C0   290 _P4	=	0x00c0
                           0000C1   291 _WDT_CONTR	=	0x00c1
                           0000C2   292 _IAP_DATA	=	0x00c2
                           0000C3   293 _IAP_ADDRH	=	0x00c3
                           0000C4   294 _IAP_ADDRL	=	0x00c4
                           0000C5   295 _IAP_CMD	=	0x00c5
                           0000C6   296 _IAP_TRIG	=	0x00c6
                           0000C7   297 _IAP_CONTR	=	0x00c7
                           0000C8   298 _P5	=	0x00c8
                           0000C9   299 _P5M1	=	0x00c9
                           0000CA   300 _P5M0	=	0x00ca
                           0000CB   301 _P6M1	=	0x00cb
                           0000CC   302 _P6M0	=	0x00cc
                           0000CD   303 _SPSTAT	=	0x00cd
                           0000CE   304 _SPCTL	=	0x00ce
                           0000CF   305 _SPDAT	=	0x00cf
                           0000D0   306 _PSW	=	0x00d0
                           0000D1   307 _T4T3M	=	0x00d1
                           0000D2   308 _T4H	=	0x00d2
                           0000D3   309 _T4L	=	0x00d3
                           0000D4   310 _T3H	=	0x00d4
                           0000D5   311 _T3L	=	0x00d5
                           0000D6   312 _T2H	=	0x00d6
                           0000D7   313 _T2L	=	0x00d7
                           0000E0   314 _ACC	=	0x00e0
                           0000E8   315 _P6	=	0x00e8
                           0000F0   316 _B	=	0x00f0
                           0000F8   317 _P7	=	0x00f8
                           0000A6   318 _VRTRIM	=	0x00a6
                           0000DC   319 _USBCLK	=	0x00dc
                           0000DE   320 _ADCCFG	=	0x00de
                           0000DF   321 _IP3	=	0x00df
                           0000E1   322 _P7M1	=	0x00e1
                           0000E2   323 _P7M0	=	0x00e2
                           0000E3   324 _DPS	=	0x00e3
                           0000E4   325 _DPL1	=	0x00e4
                           0000E5   326 _DPH1	=	0x00e5
                           0000E6   327 _CMPCR1	=	0x00e6
                           0000E7   328 _CMPCR2	=	0x00e7
                           0000EC   329 _USBDAT	=	0x00ec
                           0000EE   330 _IP3H	=	0x00ee
                           0000EF   331 _AUXINTIF	=	0x00ef
                           0000F4   332 _USBCON	=	0x00f4
                           0000F5   333 _IAP_TPS	=	0x00f5
                           0000FC   334 _USBADR	=	0x00fc
                           0000FF   335 _RSTCFG	=	0x00ff
                                    336 ;--------------------------------------------------------
                                    337 ; special function bits
                                    338 ;--------------------------------------------------------
                                    339 	.area RSEG    (ABS,DATA)
      000000                        340 	.org 0x0000
                           000080   341 _P00	=	0x0080
                           000081   342 _P01	=	0x0081
                           000082   343 _P02	=	0x0082
                           000083   344 _P03	=	0x0083
                           000084   345 _P04	=	0x0084
                           000085   346 _P05	=	0x0085
                           000086   347 _P06	=	0x0086
                           000087   348 _P07	=	0x0087
                           00008F   349 _TF1	=	0x008f
                           00008E   350 _TR1	=	0x008e
                           00008D   351 _TF0	=	0x008d
                           00008C   352 _TR0	=	0x008c
                           00008B   353 _IE1	=	0x008b
                           00008A   354 _IT1	=	0x008a
                           000089   355 _IE0	=	0x0089
                           000088   356 _IT0	=	0x0088
                           000090   357 _P10	=	0x0090
                           000091   358 _P11	=	0x0091
                           000092   359 _P12	=	0x0092
                           000093   360 _P13	=	0x0093
                           000094   361 _P14	=	0x0094
                           000095   362 _P15	=	0x0095
                           000096   363 _P16	=	0x0096
                           000097   364 _P17	=	0x0097
                           00009F   365 _SM0	=	0x009f
                           00009E   366 _SM1	=	0x009e
                           00009D   367 _SM2	=	0x009d
                           00009C   368 _REN	=	0x009c
                           00009B   369 _TB8	=	0x009b
                           00009A   370 _RB8	=	0x009a
                           000099   371 _TI	=	0x0099
                           000098   372 _RI	=	0x0098
                           0000A0   373 _P20	=	0x00a0
                           0000A1   374 _P21	=	0x00a1
                           0000A2   375 _P22	=	0x00a2
                           0000A3   376 _P23	=	0x00a3
                           0000A4   377 _P24	=	0x00a4
                           0000A5   378 _P25	=	0x00a5
                           0000A6   379 _P26	=	0x00a6
                           0000A7   380 _P27	=	0x00a7
                           0000AF   381 _EA	=	0x00af
                           0000AE   382 _ELVD	=	0x00ae
                           0000AD   383 _EADC	=	0x00ad
                           0000AC   384 _ES	=	0x00ac
                           0000AB   385 _ET1	=	0x00ab
                           0000AA   386 _EX1	=	0x00aa
                           0000A9   387 _ET0	=	0x00a9
                           0000A8   388 _EX0	=	0x00a8
                           0000B0   389 _P30	=	0x00b0
                           0000B1   390 _P31	=	0x00b1
                           0000B2   391 _P32	=	0x00b2
                           0000B3   392 _P33	=	0x00b3
                           0000B4   393 _P34	=	0x00b4
                           0000B5   394 _P35	=	0x00b5
                           0000B6   395 _P36	=	0x00b6
                           0000B7   396 _P37	=	0x00b7
                           0000BF   397 _PPCA	=	0x00bf
                           0000BE   398 _PLVD	=	0x00be
                           0000BD   399 _PADC	=	0x00bd
                           0000BC   400 _PS	=	0x00bc
                           0000BB   401 _PT1	=	0x00bb
                           0000BA   402 _PX1	=	0x00ba
                           0000B9   403 _PT0	=	0x00b9
                           0000B8   404 _PX0	=	0x00b8
                           0000C0   405 _P40	=	0x00c0
                           0000C1   406 _P41	=	0x00c1
                           0000C2   407 _P42	=	0x00c2
                           0000C3   408 _P43	=	0x00c3
                           0000C4   409 _P44	=	0x00c4
                           0000C5   410 _P45	=	0x00c5
                           0000C6   411 _P46	=	0x00c6
                           0000C7   412 _P47	=	0x00c7
                           0000C8   413 _P50	=	0x00c8
                           0000C9   414 _P51	=	0x00c9
                           0000CA   415 _P52	=	0x00ca
                           0000CB   416 _P53	=	0x00cb
                           0000CC   417 _P54	=	0x00cc
                           0000CD   418 _P55	=	0x00cd
                           0000CE   419 _P56	=	0x00ce
                           0000CF   420 _P57	=	0x00cf
                           0000D7   421 _CY	=	0x00d7
                           0000D6   422 _AC	=	0x00d6
                           0000D5   423 _F0	=	0x00d5
                           0000D4   424 _RS1	=	0x00d4
                           0000D3   425 _RS0	=	0x00d3
                           0000D2   426 _OV	=	0x00d2
                           0000D1   427 _F1	=	0x00d1
                           0000D0   428 _P	=	0x00d0
                           0000E8   429 _P60	=	0x00e8
                           0000E9   430 _P61	=	0x00e9
                           0000EA   431 _P62	=	0x00ea
                           0000EB   432 _P63	=	0x00eb
                           0000EC   433 _P64	=	0x00ec
                           0000ED   434 _P65	=	0x00ed
                           0000EE   435 _P66	=	0x00ee
                           0000EF   436 _P67	=	0x00ef
                           0000F8   437 _P70	=	0x00f8
                           0000F9   438 _P71	=	0x00f9
                           0000FA   439 _P72	=	0x00fa
                           0000FB   440 _P73	=	0x00fb
                           0000FC   441 _P74	=	0x00fc
                           0000FD   442 _P75	=	0x00fd
                           0000FE   443 _P76	=	0x00fe
                           0000FF   444 _P77	=	0x00ff
                                    445 ;--------------------------------------------------------
                                    446 ; overlayable register banks
                                    447 ;--------------------------------------------------------
                                    448 	.area REG_BANK_0	(REL,OVR,DATA)
      000000                        449 	.ds 8
                                    450 ;--------------------------------------------------------
                                    451 ; internal ram data
                                    452 ;--------------------------------------------------------
                                    453 	.area DSEG    (DATA)
                                    454 ;--------------------------------------------------------
                                    455 ; overlayable items in internal ram
                                    456 ;--------------------------------------------------------
                                    457 	.area	OSEG    (OVR,DATA)
      000000                        458 _I2C_Write_PARM_2:
      000000                        459 	.ds 1
      000001                        460 _I2C_Write_PARM_3:
      000001                        461 	.ds 3
      000004                        462 _I2C_Write_PARM_4:
      000004                        463 	.ds 2
                                    464 	.area	OSEG    (OVR,DATA)
      000000                        465 _I2C_Read_PARM_2:
      000000                        466 	.ds 1
      000001                        467 _I2C_Read_PARM_3:
      000001                        468 	.ds 3
      000004                        469 _I2C_Read_PARM_4:
      000004                        470 	.ds 2
                                    471 	.area	OSEG    (OVR,DATA)
      000000                        472 _I2C_Write16BitAddr_PARM_2:
      000000                        473 	.ds 2
      000002                        474 _I2C_Write16BitAddr_PARM_3:
      000002                        475 	.ds 3
      000005                        476 _I2C_Write16BitAddr_PARM_4:
      000005                        477 	.ds 2
                                    478 	.area	OSEG    (OVR,DATA)
      000000                        479 _I2C_Read16BitAddr_PARM_2:
      000000                        480 	.ds 2
      000002                        481 _I2C_Read16BitAddr_PARM_3:
      000002                        482 	.ds 3
      000005                        483 _I2C_Read16BitAddr_PARM_4:
      000005                        484 	.ds 2
                                    485 ;--------------------------------------------------------
                                    486 ; indirectly addressable internal ram data
                                    487 ;--------------------------------------------------------
                                    488 	.area ISEG    (DATA)
                                    489 ;--------------------------------------------------------
                                    490 ; absolute internal ram data
                                    491 ;--------------------------------------------------------
                                    492 	.area IABS    (ABS,DATA)
                                    493 	.area IABS    (ABS,DATA)
                                    494 ;--------------------------------------------------------
                                    495 ; bit data
                                    496 ;--------------------------------------------------------
                                    497 	.area BSEG    (BIT)
                                    498 ;--------------------------------------------------------
                                    499 ; paged external ram data
                                    500 ;--------------------------------------------------------
                                    501 	.area PSEG    (PAG,XDATA)
                                    502 ;--------------------------------------------------------
                                    503 ; uninitialized external ram data
                                    504 ;--------------------------------------------------------
                                    505 	.area XSEG    (XDATA)
                                    506 ;--------------------------------------------------------
                                    507 ; absolute external ram data
                                    508 ;--------------------------------------------------------
                                    509 	.area XABS    (ABS,XDATA)
                                    510 ;--------------------------------------------------------
                                    511 ; initialized external ram data
                                    512 ;--------------------------------------------------------
                                    513 	.area XISEG   (XDATA)
                                    514 	.area HOME    (CODE)
                                    515 	.area GSINIT0 (CODE)
                                    516 	.area GSINIT1 (CODE)
                                    517 	.area GSINIT2 (CODE)
                                    518 	.area GSINIT3 (CODE)
                                    519 	.area GSINIT4 (CODE)
                                    520 	.area GSINIT5 (CODE)
                                    521 	.area GSINIT  (CODE)
                                    522 	.area GSFINAL (CODE)
                                    523 	.area CSEG    (CODE)
                                    524 ;--------------------------------------------------------
                                    525 ; global & static initialisations
                                    526 ;--------------------------------------------------------
                                    527 	.area HOME    (CODE)
                                    528 	.area GSINIT  (CODE)
                                    529 	.area GSFINAL (CODE)
                                    530 	.area GSINIT  (CODE)
                                    531 ;--------------------------------------------------------
                                    532 ; Home
                                    533 ;--------------------------------------------------------
                                    534 	.area HOME    (CODE)
                                    535 	.area HOME    (CODE)
                                    536 ;--------------------------------------------------------
                                    537 ; code
                                    538 ;--------------------------------------------------------
                                    539 	.area CSEG    (CODE)
                                    540 ;------------------------------------------------------------
                                    541 ;Allocation info for local variables in function 'I2C_Write'
                                    542 ;------------------------------------------------------------
                                    543 ;memAddr                   Allocated with name '_I2C_Write_PARM_2'
                                    544 ;dat                       Allocated with name '_I2C_Write_PARM_3'
                                    545 ;size                      Allocated with name '_I2C_Write_PARM_4'
                                    546 ;devAddr                   Allocated to registers r7 
                                    547 ;------------------------------------------------------------
                                    548 ;	lib\FwLib_STC8\src\fw_i2c.c:18: uint8_t I2C_Write(uint8_t devAddr, uint8_t memAddr, uint8_t *dat, uint16_t size)
                                    549 ;	-----------------------------------------
                                    550 ;	 function I2C_Write
                                    551 ;	-----------------------------------------
      000000                        552 _I2C_Write:
                           000007   553 	ar7 = 0x07
                           000006   554 	ar6 = 0x06
                           000005   555 	ar5 = 0x05
                           000004   556 	ar4 = 0x04
                           000003   557 	ar3 = 0x03
                           000002   558 	ar2 = 0x02
                           000001   559 	ar1 = 0x01
                           000000   560 	ar0 = 0x00
      000000 AF 82            [24]  561 	mov	r7, dpl
                                    562 ;	lib\FwLib_STC8\src\fw_i2c.c:20: SFRX_ON();
      000002 43 BA 80         [24]  563 	orl	_P_SW2,#0x80
                                    564 ;	lib\FwLib_STC8\src\fw_i2c.c:21: I2C_MasterStart();
      000005 90 FE 81         [24]  565 	mov	dptr,#0xfe81
      000008 E0               [24]  566 	movx	a,@dptr
      000009 FE               [12]  567 	mov	r6,a
      00000A 74 F0            [12]  568 	mov	a,#0xf0
      00000C 5E               [12]  569 	anl	a,r6
      00000D 44 01            [12]  570 	orl	a,#0x01
      00000F F0               [24]  571 	movx	@dptr,a
      000010                        572 00101$:
      000010 90 FE 82         [24]  573 	mov	dptr,#0xfe82
      000013 E0               [24]  574 	movx	a,@dptr
      000014 30 E6 F9         [24]  575 	jnb	acc.6,00101$
      000017 90 FE 82         [24]  576 	mov	dptr,#0xfe82
      00001A E0               [24]  577 	movx	a,@dptr
      00001B 54 BF            [12]  578 	anl	a,#0xbf
      00001D F0               [24]  579 	movx	@dptr,a
                                    580 ;	lib\FwLib_STC8\src\fw_i2c.c:22: I2C_MasterSendData(devAddr & 0xFE);
      00001E 53 07 FE         [24]  581 	anl	ar7,#0xfe
      000021 90 FE 86         [24]  582 	mov	dptr,#0xfe86
      000024 EF               [12]  583 	mov	a,r7
      000025 F0               [24]  584 	movx	@dptr,a
      000026 90 FE 81         [24]  585 	mov	dptr,#0xfe81
      000029 E0               [24]  586 	movx	a,@dptr
      00002A FF               [12]  587 	mov	r7,a
      00002B 74 F0            [12]  588 	mov	a,#0xf0
      00002D 5F               [12]  589 	anl	a,r7
      00002E 44 02            [12]  590 	orl	a,#0x02
      000030 F0               [24]  591 	movx	@dptr,a
      000031                        592 00104$:
      000031 90 FE 82         [24]  593 	mov	dptr,#0xfe82
      000034 E0               [24]  594 	movx	a,@dptr
      000035 30 E6 F9         [24]  595 	jnb	acc.6,00104$
      000038 90 FE 82         [24]  596 	mov	dptr,#0xfe82
      00003B E0               [24]  597 	movx	a,@dptr
      00003C 54 BF            [12]  598 	anl	a,#0xbf
      00003E F0               [24]  599 	movx	@dptr,a
                                    600 ;	lib\FwLib_STC8\src\fw_i2c.c:23: I2C_MasterRxAck();
      00003F 15 82            [12]  601 	dec	dpl
      000041 E0               [24]  602 	movx	a,@dptr
      000042 FF               [12]  603 	mov	r7,a
      000043 74 F0            [12]  604 	mov	a,#0xf0
      000045 5F               [12]  605 	anl	a,r7
      000046 44 03            [12]  606 	orl	a,#0x03
      000048 F0               [24]  607 	movx	@dptr,a
      000049                        608 00110$:
      000049 90 FE 82         [24]  609 	mov	dptr,#0xfe82
      00004C E0               [24]  610 	movx	a,@dptr
      00004D 30 E6 F9         [24]  611 	jnb	acc.6,00110$
      000050 90 FE 82         [24]  612 	mov	dptr,#0xfe82
      000053 E0               [24]  613 	movx	a,@dptr
      000054 54 BF            [12]  614 	anl	a,#0xbf
      000056 F0               [24]  615 	movx	@dptr,a
                                    616 ;	lib\FwLib_STC8\src\fw_i2c.c:24: I2C_MasterSendData(memAddr);
      000057 90 FE 86         [24]  617 	mov	dptr,#0xfe86
      00005A E5*00            [12]  618 	mov	a,_I2C_Write_PARM_2
      00005C F0               [24]  619 	movx	@dptr,a
      00005D 90 FE 81         [24]  620 	mov	dptr,#0xfe81
      000060 E0               [24]  621 	movx	a,@dptr
      000061 FF               [12]  622 	mov	r7,a
      000062 74 F0            [12]  623 	mov	a,#0xf0
      000064 5F               [12]  624 	anl	a,r7
      000065 44 02            [12]  625 	orl	a,#0x02
      000067 F0               [24]  626 	movx	@dptr,a
      000068                        627 00113$:
      000068 90 FE 82         [24]  628 	mov	dptr,#0xfe82
      00006B E0               [24]  629 	movx	a,@dptr
      00006C 30 E6 F9         [24]  630 	jnb	acc.6,00113$
      00006F 90 FE 82         [24]  631 	mov	dptr,#0xfe82
      000072 E0               [24]  632 	movx	a,@dptr
      000073 54 BF            [12]  633 	anl	a,#0xbf
      000075 F0               [24]  634 	movx	@dptr,a
                                    635 ;	lib\FwLib_STC8\src\fw_i2c.c:25: I2C_MasterRxAck();
      000076 15 82            [12]  636 	dec	dpl
      000078 E0               [24]  637 	movx	a,@dptr
      000079 FF               [12]  638 	mov	r7,a
      00007A 74 F0            [12]  639 	mov	a,#0xf0
      00007C 5F               [12]  640 	anl	a,r7
      00007D 44 03            [12]  641 	orl	a,#0x03
      00007F F0               [24]  642 	movx	@dptr,a
      000080                        643 00119$:
      000080 90 FE 82         [24]  644 	mov	dptr,#0xfe82
      000083 E0               [24]  645 	movx	a,@dptr
      000084 30 E6 F9         [24]  646 	jnb	acc.6,00119$
      000087 90 FE 82         [24]  647 	mov	dptr,#0xfe82
      00008A E0               [24]  648 	movx	a,@dptr
      00008B 54 BF            [12]  649 	anl	a,#0xbf
      00008D F0               [24]  650 	movx	@dptr,a
                                    651 ;	lib\FwLib_STC8\src\fw_i2c.c:26: while(size--)
      00008E AD*01            [24]  652 	mov	r5,_I2C_Write_PARM_3
      000090 AE*02            [24]  653 	mov	r6,(_I2C_Write_PARM_3 + 1)
      000092 AF*03            [24]  654 	mov	r7,(_I2C_Write_PARM_3 + 2)
      000094 AB*04            [24]  655 	mov	r3,_I2C_Write_PARM_4
      000096 AC*05            [24]  656 	mov	r4,(_I2C_Write_PARM_4 + 1)
      000098                        657 00131$:
      000098 8B 01            [24]  658 	mov	ar1,r3
      00009A 8C 02            [24]  659 	mov	ar2,r4
      00009C 1B               [12]  660 	dec	r3
      00009D BB FF 01         [24]  661 	cjne	r3,#0xff,00253$
      0000A0 1C               [12]  662 	dec	r4
      0000A1                        663 00253$:
      0000A1 E9               [12]  664 	mov	a,r1
      0000A2 4A               [12]  665 	orl	a,r2
      0000A3 60 47            [24]  666 	jz	00133$
                                    667 ;	lib\FwLib_STC8\src\fw_i2c.c:28: I2C_MasterSendData(*dat++);
      0000A5 8D 82            [24]  668 	mov	dpl,r5
      0000A7 8E 83            [24]  669 	mov	dph,r6
      0000A9 8F F0            [24]  670 	mov	b,r7
      0000AB 12r00r00         [24]  671 	lcall	__gptrget
      0000AE FA               [12]  672 	mov	r2,a
      0000AF A3               [24]  673 	inc	dptr
      0000B0 AD 82            [24]  674 	mov	r5,dpl
      0000B2 AE 83            [24]  675 	mov	r6,dph
      0000B4 90 FE 86         [24]  676 	mov	dptr,#0xfe86
      0000B7 EA               [12]  677 	mov	a,r2
      0000B8 F0               [24]  678 	movx	@dptr,a
      0000B9 90 FE 81         [24]  679 	mov	dptr,#0xfe81
      0000BC E0               [24]  680 	movx	a,@dptr
      0000BD FA               [12]  681 	mov	r2,a
      0000BE 74 F0            [12]  682 	mov	a,#0xf0
      0000C0 5A               [12]  683 	anl	a,r2
      0000C1 44 02            [12]  684 	orl	a,#0x02
      0000C3 F0               [24]  685 	movx	@dptr,a
      0000C4                        686 00122$:
      0000C4 90 FE 82         [24]  687 	mov	dptr,#0xfe82
      0000C7 E0               [24]  688 	movx	a,@dptr
      0000C8 30 E6 F9         [24]  689 	jnb	acc.6,00122$
      0000CB 90 FE 82         [24]  690 	mov	dptr,#0xfe82
      0000CE E0               [24]  691 	movx	a,@dptr
      0000CF 54 BF            [12]  692 	anl	a,#0xbf
      0000D1 F0               [24]  693 	movx	@dptr,a
                                    694 ;	lib\FwLib_STC8\src\fw_i2c.c:29: I2C_MasterRxAck();
      0000D2 15 82            [12]  695 	dec	dpl
      0000D4 E0               [24]  696 	movx	a,@dptr
      0000D5 FA               [12]  697 	mov	r2,a
      0000D6 74 F0            [12]  698 	mov	a,#0xf0
      0000D8 5A               [12]  699 	anl	a,r2
      0000D9 44 03            [12]  700 	orl	a,#0x03
      0000DB F0               [24]  701 	movx	@dptr,a
      0000DC                        702 00128$:
      0000DC 90 FE 82         [24]  703 	mov	dptr,#0xfe82
      0000DF E0               [24]  704 	movx	a,@dptr
      0000E0 30 E6 F9         [24]  705 	jnb	acc.6,00128$
      0000E3 90 FE 82         [24]  706 	mov	dptr,#0xfe82
      0000E6 E0               [24]  707 	movx	a,@dptr
      0000E7 54 BF            [12]  708 	anl	a,#0xbf
      0000E9 F0               [24]  709 	movx	@dptr,a
      0000EA 80 AC            [24]  710 	sjmp	00131$
      0000EC                        711 00133$:
                                    712 ;	lib\FwLib_STC8\src\fw_i2c.c:31: I2C_MasterStop();
      0000EC 90 FE 81         [24]  713 	mov	dptr,#0xfe81
      0000EF E0               [24]  714 	movx	a,@dptr
      0000F0 FF               [12]  715 	mov	r7,a
      0000F1 74 F0            [12]  716 	mov	a,#0xf0
      0000F3 5F               [12]  717 	anl	a,r7
      0000F4 44 06            [12]  718 	orl	a,#0x06
      0000F6 F0               [24]  719 	movx	@dptr,a
      0000F7                        720 00134$:
      0000F7 90 FE 82         [24]  721 	mov	dptr,#0xfe82
      0000FA E0               [24]  722 	movx	a,@dptr
      0000FB 30 E6 F9         [24]  723 	jnb	acc.6,00134$
      0000FE 90 FE 82         [24]  724 	mov	dptr,#0xfe82
      000101 E0               [24]  725 	movx	a,@dptr
      000102 54 BF            [12]  726 	anl	a,#0xbf
      000104 F0               [24]  727 	movx	@dptr,a
                                    728 ;	lib\FwLib_STC8\src\fw_i2c.c:32: SFRX_OFF();
      000105 53 BA 7F         [24]  729 	anl	_P_SW2,#0x7f
                                    730 ;	lib\FwLib_STC8\src\fw_i2c.c:33: return HAL_OK;
      000108 75 82 00         [24]  731 	mov	dpl, #0x00
                                    732 ;	lib\FwLib_STC8\src\fw_i2c.c:34: }
      00010B 22               [24]  733 	ret
                                    734 ;------------------------------------------------------------
                                    735 ;Allocation info for local variables in function 'I2C_Read'
                                    736 ;------------------------------------------------------------
                                    737 ;memAddr                   Allocated with name '_I2C_Read_PARM_2'
                                    738 ;buf                       Allocated with name '_I2C_Read_PARM_3'
                                    739 ;size                      Allocated with name '_I2C_Read_PARM_4'
                                    740 ;devAddr                   Allocated to registers r7 
                                    741 ;------------------------------------------------------------
                                    742 ;	lib\FwLib_STC8\src\fw_i2c.c:36: uint8_t I2C_Read(uint8_t devAddr, uint8_t memAddr, uint8_t *buf, uint16_t size)
                                    743 ;	-----------------------------------------
                                    744 ;	 function I2C_Read
                                    745 ;	-----------------------------------------
      00010C                        746 _I2C_Read:
      00010C AF 82            [24]  747 	mov	r7, dpl
                                    748 ;	lib\FwLib_STC8\src\fw_i2c.c:38: SFRX_ON();
      00010E 43 BA 80         [24]  749 	orl	_P_SW2,#0x80
                                    750 ;	lib\FwLib_STC8\src\fw_i2c.c:39: I2C_MasterStart();
      000111 90 FE 81         [24]  751 	mov	dptr,#0xfe81
      000114 E0               [24]  752 	movx	a,@dptr
      000115 FE               [12]  753 	mov	r6,a
      000116 74 F0            [12]  754 	mov	a,#0xf0
      000118 5E               [12]  755 	anl	a,r6
      000119 44 01            [12]  756 	orl	a,#0x01
      00011B F0               [24]  757 	movx	@dptr,a
      00011C                        758 00101$:
      00011C 90 FE 82         [24]  759 	mov	dptr,#0xfe82
      00011F E0               [24]  760 	movx	a,@dptr
      000120 30 E6 F9         [24]  761 	jnb	acc.6,00101$
      000123 90 FE 82         [24]  762 	mov	dptr,#0xfe82
      000126 E0               [24]  763 	movx	a,@dptr
      000127 54 BF            [12]  764 	anl	a,#0xbf
      000129 F0               [24]  765 	movx	@dptr,a
                                    766 ;	lib\FwLib_STC8\src\fw_i2c.c:40: I2C_MasterSendData(devAddr & 0xFE);
      00012A 74 FE            [12]  767 	mov	a,#0xfe
      00012C 5F               [12]  768 	anl	a,r7
      00012D 90 FE 86         [24]  769 	mov	dptr,#0xfe86
      000130 F0               [24]  770 	movx	@dptr,a
      000131 90 FE 81         [24]  771 	mov	dptr,#0xfe81
      000134 E0               [24]  772 	movx	a,@dptr
      000135 FE               [12]  773 	mov	r6,a
      000136 74 F0            [12]  774 	mov	a,#0xf0
      000138 5E               [12]  775 	anl	a,r6
      000139 44 02            [12]  776 	orl	a,#0x02
      00013B F0               [24]  777 	movx	@dptr,a
      00013C                        778 00104$:
      00013C 90 FE 82         [24]  779 	mov	dptr,#0xfe82
      00013F E0               [24]  780 	movx	a,@dptr
      000140 30 E6 F9         [24]  781 	jnb	acc.6,00104$
      000143 90 FE 82         [24]  782 	mov	dptr,#0xfe82
      000146 E0               [24]  783 	movx	a,@dptr
      000147 54 BF            [12]  784 	anl	a,#0xbf
      000149 F0               [24]  785 	movx	@dptr,a
                                    786 ;	lib\FwLib_STC8\src\fw_i2c.c:41: I2C_MasterRxAck();
      00014A 15 82            [12]  787 	dec	dpl
      00014C E0               [24]  788 	movx	a,@dptr
      00014D FE               [12]  789 	mov	r6,a
      00014E 74 F0            [12]  790 	mov	a,#0xf0
      000150 5E               [12]  791 	anl	a,r6
      000151 44 03            [12]  792 	orl	a,#0x03
      000153 F0               [24]  793 	movx	@dptr,a
      000154                        794 00110$:
      000154 90 FE 82         [24]  795 	mov	dptr,#0xfe82
      000157 E0               [24]  796 	movx	a,@dptr
      000158 30 E6 F9         [24]  797 	jnb	acc.6,00110$
      00015B 90 FE 82         [24]  798 	mov	dptr,#0xfe82
      00015E E0               [24]  799 	movx	a,@dptr
      00015F 54 BF            [12]  800 	anl	a,#0xbf
      000161 F0               [24]  801 	movx	@dptr,a
                                    802 ;	lib\FwLib_STC8\src\fw_i2c.c:42: I2C_MasterSendData(memAddr);
      000162 90 FE 86         [24]  803 	mov	dptr,#0xfe86
      000165 E5*00            [12]  804 	mov	a,_I2C_Read_PARM_2
      000167 F0               [24]  805 	movx	@dptr,a
      000168 90 FE 81         [24]  806 	mov	dptr,#0xfe81
      00016B E0               [24]  807 	movx	a,@dptr
      00016C FE               [12]  808 	mov	r6,a
      00016D 74 F0            [12]  809 	mov	a,#0xf0
      00016F 5E               [12]  810 	anl	a,r6
      000170 44 02            [12]  811 	orl	a,#0x02
      000172 F0               [24]  812 	movx	@dptr,a
      000173                        813 00113$:
      000173 90 FE 82         [24]  814 	mov	dptr,#0xfe82
      000176 E0               [24]  815 	movx	a,@dptr
      000177 30 E6 F9         [24]  816 	jnb	acc.6,00113$
      00017A 90 FE 82         [24]  817 	mov	dptr,#0xfe82
      00017D E0               [24]  818 	movx	a,@dptr
      00017E 54 BF            [12]  819 	anl	a,#0xbf
      000180 F0               [24]  820 	movx	@dptr,a
                                    821 ;	lib\FwLib_STC8\src\fw_i2c.c:43: I2C_MasterRxAck();
      000181 15 82            [12]  822 	dec	dpl
      000183 E0               [24]  823 	movx	a,@dptr
      000184 FE               [12]  824 	mov	r6,a
      000185 74 F0            [12]  825 	mov	a,#0xf0
      000187 5E               [12]  826 	anl	a,r6
      000188 44 03            [12]  827 	orl	a,#0x03
      00018A F0               [24]  828 	movx	@dptr,a
      00018B                        829 00119$:
      00018B 90 FE 82         [24]  830 	mov	dptr,#0xfe82
      00018E E0               [24]  831 	movx	a,@dptr
      00018F 30 E6 F9         [24]  832 	jnb	acc.6,00119$
      000192 90 FE 82         [24]  833 	mov	dptr,#0xfe82
      000195 E0               [24]  834 	movx	a,@dptr
      000196 54 BF            [12]  835 	anl	a,#0xbf
      000198 F0               [24]  836 	movx	@dptr,a
                                    837 ;	lib\FwLib_STC8\src\fw_i2c.c:44: I2C_MasterStart();
      000199 15 82            [12]  838 	dec	dpl
      00019B E0               [24]  839 	movx	a,@dptr
      00019C FE               [12]  840 	mov	r6,a
      00019D 74 F0            [12]  841 	mov	a,#0xf0
      00019F 5E               [12]  842 	anl	a,r6
      0001A0 44 01            [12]  843 	orl	a,#0x01
      0001A2 F0               [24]  844 	movx	@dptr,a
      0001A3                        845 00122$:
      0001A3 90 FE 82         [24]  846 	mov	dptr,#0xfe82
      0001A6 E0               [24]  847 	movx	a,@dptr
      0001A7 30 E6 F9         [24]  848 	jnb	acc.6,00122$
      0001AA 90 FE 82         [24]  849 	mov	dptr,#0xfe82
      0001AD E0               [24]  850 	movx	a,@dptr
      0001AE 54 BF            [12]  851 	anl	a,#0xbf
      0001B0 F0               [24]  852 	movx	@dptr,a
                                    853 ;	lib\FwLib_STC8\src\fw_i2c.c:45: I2C_MasterSendData(devAddr | 0x01);
      0001B1 43 07 01         [24]  854 	orl	ar7,#0x01
      0001B4 90 FE 86         [24]  855 	mov	dptr,#0xfe86
      0001B7 EF               [12]  856 	mov	a,r7
      0001B8 F0               [24]  857 	movx	@dptr,a
      0001B9 90 FE 81         [24]  858 	mov	dptr,#0xfe81
      0001BC E0               [24]  859 	movx	a,@dptr
      0001BD FF               [12]  860 	mov	r7,a
      0001BE 74 F0            [12]  861 	mov	a,#0xf0
      0001C0 5F               [12]  862 	anl	a,r7
      0001C1 44 02            [12]  863 	orl	a,#0x02
      0001C3 F0               [24]  864 	movx	@dptr,a
      0001C4                        865 00125$:
      0001C4 90 FE 82         [24]  866 	mov	dptr,#0xfe82
      0001C7 E0               [24]  867 	movx	a,@dptr
      0001C8 30 E6 F9         [24]  868 	jnb	acc.6,00125$
      0001CB 90 FE 82         [24]  869 	mov	dptr,#0xfe82
      0001CE E0               [24]  870 	movx	a,@dptr
      0001CF 54 BF            [12]  871 	anl	a,#0xbf
      0001D1 F0               [24]  872 	movx	@dptr,a
                                    873 ;	lib\FwLib_STC8\src\fw_i2c.c:46: I2C_MasterRxAck();
      0001D2 15 82            [12]  874 	dec	dpl
      0001D4 E0               [24]  875 	movx	a,@dptr
      0001D5 FF               [12]  876 	mov	r7,a
      0001D6 74 F0            [12]  877 	mov	a,#0xf0
      0001D8 5F               [12]  878 	anl	a,r7
      0001D9 44 03            [12]  879 	orl	a,#0x03
      0001DB F0               [24]  880 	movx	@dptr,a
      0001DC                        881 00131$:
      0001DC 90 FE 82         [24]  882 	mov	dptr,#0xfe82
      0001DF E0               [24]  883 	movx	a,@dptr
      0001E0 30 E6 F9         [24]  884 	jnb	acc.6,00131$
      0001E3 90 FE 82         [24]  885 	mov	dptr,#0xfe82
      0001E6 E0               [24]  886 	movx	a,@dptr
      0001E7 54 BF            [12]  887 	anl	a,#0xbf
      0001E9 F0               [24]  888 	movx	@dptr,a
                                    889 ;	lib\FwLib_STC8\src\fw_i2c.c:47: while(size--)
      0001EA AD*01            [24]  890 	mov	r5,_I2C_Read_PARM_3
      0001EC AE*02            [24]  891 	mov	r6,(_I2C_Read_PARM_3 + 1)
      0001EE AF*03            [24]  892 	mov	r7,(_I2C_Read_PARM_3 + 2)
      0001F0 AB*04            [24]  893 	mov	r3,_I2C_Read_PARM_4
      0001F2 AC*05            [24]  894 	mov	r4,(_I2C_Read_PARM_4 + 1)
      0001F4                        895 00152$:
      0001F4 8B 01            [24]  896 	mov	ar1,r3
      0001F6 8C 02            [24]  897 	mov	ar2,r4
      0001F8 1B               [12]  898 	dec	r3
      0001F9 BB FF 01         [24]  899 	cjne	r3,#0xff,00331$
      0001FC 1C               [12]  900 	dec	r4
      0001FD                        901 00331$:
      0001FD E9               [12]  902 	mov	a,r1
      0001FE 4A               [12]  903 	orl	a,r2
      0001FF 70 03            [24]  904 	jnz	00332$
      000201 02r02r76         [24]  905 	ljmp	00154$
      000204                        906 00332$:
                                    907 ;	lib\FwLib_STC8\src\fw_i2c.c:49: I2C_SendMasterCmd(I2C_MasterCmd_Recv);
      000204 90 FE 81         [24]  908 	mov	dptr,#0xfe81
      000207 E0               [24]  909 	movx	a,@dptr
      000208 FA               [12]  910 	mov	r2,a
      000209 74 F0            [12]  911 	mov	a,#0xf0
      00020B 5A               [12]  912 	anl	a,r2
      00020C 44 04            [12]  913 	orl	a,#0x04
      00020E F0               [24]  914 	movx	@dptr,a
      00020F                        915 00134$:
      00020F 90 FE 82         [24]  916 	mov	dptr,#0xfe82
      000212 E0               [24]  917 	movx	a,@dptr
      000213 30 E6 F9         [24]  918 	jnb	acc.6,00134$
      000216 90 FE 82         [24]  919 	mov	dptr,#0xfe82
      000219 E0               [24]  920 	movx	a,@dptr
      00021A 54 BF            [12]  921 	anl	a,#0xbf
      00021C F0               [24]  922 	movx	@dptr,a
                                    923 ;	lib\FwLib_STC8\src\fw_i2c.c:50: *buf++ = I2CRXD;
      00021D 90 FE 87         [24]  924 	mov	dptr,#0xfe87
      000220 E0               [24]  925 	movx	a,@dptr
      000221 8D 82            [24]  926 	mov	dpl,r5
      000223 8E 83            [24]  927 	mov	dph,r6
      000225 8F F0            [24]  928 	mov	b,r7
      000227 12r00r00         [24]  929 	lcall	__gptrput
      00022A A3               [24]  930 	inc	dptr
      00022B AD 82            [24]  931 	mov	r5,dpl
      00022D AE 83            [24]  932 	mov	r6,dph
                                    933 ;	lib\FwLib_STC8\src\fw_i2c.c:51: if (size == 0)
      00022F EB               [12]  934 	mov	a,r3
      000230 4C               [12]  935 	orl	a,r4
      000231 70 21            [24]  936 	jnz	00146$
                                    937 ;	lib\FwLib_STC8\src\fw_i2c.c:53: I2C_MasterNAck();
      000233 90 FE 82         [24]  938 	mov	dptr,#0xfe82
      000236 E0               [24]  939 	movx	a,@dptr
      000237 44 01            [12]  940 	orl	a,#0x01
      000239 F0               [24]  941 	movx	@dptr,a
      00023A 15 82            [12]  942 	dec	dpl
      00023C E0               [24]  943 	movx	a,@dptr
      00023D FA               [12]  944 	mov	r2,a
      00023E 74 F0            [12]  945 	mov	a,#0xf0
      000240 5A               [12]  946 	anl	a,r2
      000241 44 05            [12]  947 	orl	a,#0x05
      000243 F0               [24]  948 	movx	@dptr,a
      000244                        949 00137$:
      000244 90 FE 82         [24]  950 	mov	dptr,#0xfe82
      000247 E0               [24]  951 	movx	a,@dptr
      000248 30 E6 F9         [24]  952 	jnb	acc.6,00137$
      00024B 90 FE 82         [24]  953 	mov	dptr,#0xfe82
      00024E E0               [24]  954 	movx	a,@dptr
      00024F 54 BF            [12]  955 	anl	a,#0xbf
      000251 F0               [24]  956 	movx	@dptr,a
                                    957 ;	lib\FwLib_STC8\src\fw_i2c.c:57: I2C_MasterAck();
      000252 80 A0            [24]  958 	sjmp	00152$
      000254                        959 00146$:
      000254 90 FE 82         [24]  960 	mov	dptr,#0xfe82
      000257 E0               [24]  961 	movx	a,@dptr
      000258 54 FE            [12]  962 	anl	a,#0xfe
      00025A F0               [24]  963 	movx	@dptr,a
      00025B 15 82            [12]  964 	dec	dpl
      00025D E0               [24]  965 	movx	a,@dptr
      00025E FA               [12]  966 	mov	r2,a
      00025F 74 F0            [12]  967 	mov	a,#0xf0
      000261 5A               [12]  968 	anl	a,r2
      000262 44 05            [12]  969 	orl	a,#0x05
      000264 F0               [24]  970 	movx	@dptr,a
      000265                        971 00143$:
      000265 90 FE 82         [24]  972 	mov	dptr,#0xfe82
      000268 E0               [24]  973 	movx	a,@dptr
      000269 30 E6 F9         [24]  974 	jnb	acc.6,00143$
      00026C 90 FE 82         [24]  975 	mov	dptr,#0xfe82
      00026F E0               [24]  976 	movx	a,@dptr
      000270 54 BF            [12]  977 	anl	a,#0xbf
      000272 F0               [24]  978 	movx	@dptr,a
      000273 02r01rF4         [24]  979 	ljmp	00152$
      000276                        980 00154$:
                                    981 ;	lib\FwLib_STC8\src\fw_i2c.c:60: I2C_MasterStop();
      000276 90 FE 81         [24]  982 	mov	dptr,#0xfe81
      000279 E0               [24]  983 	movx	a,@dptr
      00027A FF               [12]  984 	mov	r7,a
      00027B 74 F0            [12]  985 	mov	a,#0xf0
      00027D 5F               [12]  986 	anl	a,r7
      00027E 44 06            [12]  987 	orl	a,#0x06
      000280 F0               [24]  988 	movx	@dptr,a
      000281                        989 00155$:
      000281 90 FE 82         [24]  990 	mov	dptr,#0xfe82
      000284 E0               [24]  991 	movx	a,@dptr
      000285 30 E6 F9         [24]  992 	jnb	acc.6,00155$
      000288 90 FE 82         [24]  993 	mov	dptr,#0xfe82
      00028B E0               [24]  994 	movx	a,@dptr
      00028C 54 BF            [12]  995 	anl	a,#0xbf
      00028E F0               [24]  996 	movx	@dptr,a
                                    997 ;	lib\FwLib_STC8\src\fw_i2c.c:61: SFRX_OFF();
      00028F 53 BA 7F         [24]  998 	anl	_P_SW2,#0x7f
                                    999 ;	lib\FwLib_STC8\src\fw_i2c.c:62: return HAL_OK;
      000292 75 82 00         [24] 1000 	mov	dpl, #0x00
                                   1001 ;	lib\FwLib_STC8\src\fw_i2c.c:63: }
      000295 22               [24] 1002 	ret
                                   1003 ;------------------------------------------------------------
                                   1004 ;Allocation info for local variables in function 'I2C_Write16BitAddr'
                                   1005 ;------------------------------------------------------------
                                   1006 ;memAddr                   Allocated with name '_I2C_Write16BitAddr_PARM_2'
                                   1007 ;dat                       Allocated with name '_I2C_Write16BitAddr_PARM_3'
                                   1008 ;size                      Allocated with name '_I2C_Write16BitAddr_PARM_4'
                                   1009 ;devAddr                   Allocated to registers r7 
                                   1010 ;------------------------------------------------------------
                                   1011 ;	lib\FwLib_STC8\src\fw_i2c.c:65: uint8_t I2C_Write16BitAddr(uint8_t devAddr, uint16_t memAddr, uint8_t *dat, uint16_t size)
                                   1012 ;	-----------------------------------------
                                   1013 ;	 function I2C_Write16BitAddr
                                   1014 ;	-----------------------------------------
      000296                       1015 _I2C_Write16BitAddr:
      000296 AF 82            [24] 1016 	mov	r7, dpl
                                   1017 ;	lib\FwLib_STC8\src\fw_i2c.c:67: SFRX_ON();
      000298 43 BA 80         [24] 1018 	orl	_P_SW2,#0x80
                                   1019 ;	lib\FwLib_STC8\src\fw_i2c.c:68: I2C_MasterStart();
      00029B 90 FE 81         [24] 1020 	mov	dptr,#0xfe81
      00029E E0               [24] 1021 	movx	a,@dptr
      00029F FE               [12] 1022 	mov	r6,a
      0002A0 74 F0            [12] 1023 	mov	a,#0xf0
      0002A2 5E               [12] 1024 	anl	a,r6
      0002A3 44 01            [12] 1025 	orl	a,#0x01
      0002A5 F0               [24] 1026 	movx	@dptr,a
      0002A6                       1027 00101$:
      0002A6 90 FE 82         [24] 1028 	mov	dptr,#0xfe82
      0002A9 E0               [24] 1029 	movx	a,@dptr
      0002AA 30 E6 F9         [24] 1030 	jnb	acc.6,00101$
      0002AD 90 FE 82         [24] 1031 	mov	dptr,#0xfe82
      0002B0 E0               [24] 1032 	movx	a,@dptr
      0002B1 54 BF            [12] 1033 	anl	a,#0xbf
      0002B3 F0               [24] 1034 	movx	@dptr,a
                                   1035 ;	lib\FwLib_STC8\src\fw_i2c.c:69: I2C_MasterSendData(devAddr & 0xFE);
      0002B4 53 07 FE         [24] 1036 	anl	ar7,#0xfe
      0002B7 90 FE 86         [24] 1037 	mov	dptr,#0xfe86
      0002BA EF               [12] 1038 	mov	a,r7
      0002BB F0               [24] 1039 	movx	@dptr,a
      0002BC 90 FE 81         [24] 1040 	mov	dptr,#0xfe81
      0002BF E0               [24] 1041 	movx	a,@dptr
      0002C0 FF               [12] 1042 	mov	r7,a
      0002C1 74 F0            [12] 1043 	mov	a,#0xf0
      0002C3 5F               [12] 1044 	anl	a,r7
      0002C4 44 02            [12] 1045 	orl	a,#0x02
      0002C6 F0               [24] 1046 	movx	@dptr,a
      0002C7                       1047 00104$:
      0002C7 90 FE 82         [24] 1048 	mov	dptr,#0xfe82
      0002CA E0               [24] 1049 	movx	a,@dptr
      0002CB 30 E6 F9         [24] 1050 	jnb	acc.6,00104$
      0002CE 90 FE 82         [24] 1051 	mov	dptr,#0xfe82
      0002D1 E0               [24] 1052 	movx	a,@dptr
      0002D2 54 BF            [12] 1053 	anl	a,#0xbf
      0002D4 F0               [24] 1054 	movx	@dptr,a
                                   1055 ;	lib\FwLib_STC8\src\fw_i2c.c:70: I2C_MasterRxAck();
      0002D5 15 82            [12] 1056 	dec	dpl
      0002D7 E0               [24] 1057 	movx	a,@dptr
      0002D8 FF               [12] 1058 	mov	r7,a
      0002D9 74 F0            [12] 1059 	mov	a,#0xf0
      0002DB 5F               [12] 1060 	anl	a,r7
      0002DC 44 03            [12] 1061 	orl	a,#0x03
      0002DE F0               [24] 1062 	movx	@dptr,a
      0002DF                       1063 00110$:
      0002DF 90 FE 82         [24] 1064 	mov	dptr,#0xfe82
      0002E2 E0               [24] 1065 	movx	a,@dptr
      0002E3 30 E6 F9         [24] 1066 	jnb	acc.6,00110$
      0002E6 90 FE 82         [24] 1067 	mov	dptr,#0xfe82
      0002E9 E0               [24] 1068 	movx	a,@dptr
      0002EA 54 BF            [12] 1069 	anl	a,#0xbf
      0002EC F0               [24] 1070 	movx	@dptr,a
                                   1071 ;	lib\FwLib_STC8\src\fw_i2c.c:71: I2C_MasterSendData(memAddr >> 8);
      0002ED AF*01            [24] 1072 	mov	r7,(_I2C_Write16BitAddr_PARM_2 + 1)
      0002EF 90 FE 86         [24] 1073 	mov	dptr,#0xfe86
      0002F2 EF               [12] 1074 	mov	a,r7
      0002F3 F0               [24] 1075 	movx	@dptr,a
      0002F4 90 FE 81         [24] 1076 	mov	dptr,#0xfe81
      0002F7 E0               [24] 1077 	movx	a,@dptr
      0002F8 FF               [12] 1078 	mov	r7,a
      0002F9 74 F0            [12] 1079 	mov	a,#0xf0
      0002FB 5F               [12] 1080 	anl	a,r7
      0002FC 44 02            [12] 1081 	orl	a,#0x02
      0002FE F0               [24] 1082 	movx	@dptr,a
      0002FF                       1083 00113$:
      0002FF 90 FE 82         [24] 1084 	mov	dptr,#0xfe82
      000302 E0               [24] 1085 	movx	a,@dptr
      000303 30 E6 F9         [24] 1086 	jnb	acc.6,00113$
      000306 90 FE 82         [24] 1087 	mov	dptr,#0xfe82
      000309 E0               [24] 1088 	movx	a,@dptr
      00030A 54 BF            [12] 1089 	anl	a,#0xbf
      00030C F0               [24] 1090 	movx	@dptr,a
                                   1091 ;	lib\FwLib_STC8\src\fw_i2c.c:72: I2C_MasterRxAck();
      00030D 15 82            [12] 1092 	dec	dpl
      00030F E0               [24] 1093 	movx	a,@dptr
      000310 FF               [12] 1094 	mov	r7,a
      000311 74 F0            [12] 1095 	mov	a,#0xf0
      000313 5F               [12] 1096 	anl	a,r7
      000314 44 03            [12] 1097 	orl	a,#0x03
      000316 F0               [24] 1098 	movx	@dptr,a
      000317                       1099 00119$:
      000317 90 FE 82         [24] 1100 	mov	dptr,#0xfe82
      00031A E0               [24] 1101 	movx	a,@dptr
      00031B 30 E6 F9         [24] 1102 	jnb	acc.6,00119$
      00031E 90 FE 82         [24] 1103 	mov	dptr,#0xfe82
      000321 E0               [24] 1104 	movx	a,@dptr
      000322 54 BF            [12] 1105 	anl	a,#0xbf
      000324 F0               [24] 1106 	movx	@dptr,a
                                   1107 ;	lib\FwLib_STC8\src\fw_i2c.c:73: I2C_MasterSendData(memAddr & 0xFF);
      000325 AF*00            [24] 1108 	mov	r7,_I2C_Write16BitAddr_PARM_2
      000327 90 FE 86         [24] 1109 	mov	dptr,#0xfe86
      00032A EF               [12] 1110 	mov	a,r7
      00032B F0               [24] 1111 	movx	@dptr,a
      00032C 90 FE 81         [24] 1112 	mov	dptr,#0xfe81
      00032F E0               [24] 1113 	movx	a,@dptr
      000330 FF               [12] 1114 	mov	r7,a
      000331 74 F0            [12] 1115 	mov	a,#0xf0
      000333 5F               [12] 1116 	anl	a,r7
      000334 44 02            [12] 1117 	orl	a,#0x02
      000336 F0               [24] 1118 	movx	@dptr,a
      000337                       1119 00122$:
      000337 90 FE 82         [24] 1120 	mov	dptr,#0xfe82
      00033A E0               [24] 1121 	movx	a,@dptr
      00033B 30 E6 F9         [24] 1122 	jnb	acc.6,00122$
      00033E 90 FE 82         [24] 1123 	mov	dptr,#0xfe82
      000341 E0               [24] 1124 	movx	a,@dptr
      000342 54 BF            [12] 1125 	anl	a,#0xbf
      000344 F0               [24] 1126 	movx	@dptr,a
                                   1127 ;	lib\FwLib_STC8\src\fw_i2c.c:74: I2C_MasterRxAck();
      000345 15 82            [12] 1128 	dec	dpl
      000347 E0               [24] 1129 	movx	a,@dptr
      000348 FF               [12] 1130 	mov	r7,a
      000349 74 F0            [12] 1131 	mov	a,#0xf0
      00034B 5F               [12] 1132 	anl	a,r7
      00034C 44 03            [12] 1133 	orl	a,#0x03
      00034E F0               [24] 1134 	movx	@dptr,a
      00034F                       1135 00128$:
      00034F 90 FE 82         [24] 1136 	mov	dptr,#0xfe82
      000352 E0               [24] 1137 	movx	a,@dptr
      000353 30 E6 F9         [24] 1138 	jnb	acc.6,00128$
      000356 90 FE 82         [24] 1139 	mov	dptr,#0xfe82
      000359 E0               [24] 1140 	movx	a,@dptr
      00035A 54 BF            [12] 1141 	anl	a,#0xbf
      00035C F0               [24] 1142 	movx	@dptr,a
                                   1143 ;	lib\FwLib_STC8\src\fw_i2c.c:75: while(size--)
      00035D AD*02            [24] 1144 	mov	r5,_I2C_Write16BitAddr_PARM_3
      00035F AE*03            [24] 1145 	mov	r6,(_I2C_Write16BitAddr_PARM_3 + 1)
      000361 AF*04            [24] 1146 	mov	r7,(_I2C_Write16BitAddr_PARM_3 + 2)
      000363 AB*05            [24] 1147 	mov	r3,_I2C_Write16BitAddr_PARM_4
      000365 AC*06            [24] 1148 	mov	r4,(_I2C_Write16BitAddr_PARM_4 + 1)
      000367                       1149 00140$:
      000367 8B 01            [24] 1150 	mov	ar1,r3
      000369 8C 02            [24] 1151 	mov	ar2,r4
      00036B 1B               [12] 1152 	dec	r3
      00036C BB FF 01         [24] 1153 	cjne	r3,#0xff,00288$
      00036F 1C               [12] 1154 	dec	r4
      000370                       1155 00288$:
      000370 E9               [12] 1156 	mov	a,r1
      000371 4A               [12] 1157 	orl	a,r2
      000372 60 47            [24] 1158 	jz	00142$
                                   1159 ;	lib\FwLib_STC8\src\fw_i2c.c:77: I2C_MasterSendData(*dat++);
      000374 8D 82            [24] 1160 	mov	dpl,r5
      000376 8E 83            [24] 1161 	mov	dph,r6
      000378 8F F0            [24] 1162 	mov	b,r7
      00037A 12r00r00         [24] 1163 	lcall	__gptrget
      00037D FA               [12] 1164 	mov	r2,a
      00037E A3               [24] 1165 	inc	dptr
      00037F AD 82            [24] 1166 	mov	r5,dpl
      000381 AE 83            [24] 1167 	mov	r6,dph
      000383 90 FE 86         [24] 1168 	mov	dptr,#0xfe86
      000386 EA               [12] 1169 	mov	a,r2
      000387 F0               [24] 1170 	movx	@dptr,a
      000388 90 FE 81         [24] 1171 	mov	dptr,#0xfe81
      00038B E0               [24] 1172 	movx	a,@dptr
      00038C FA               [12] 1173 	mov	r2,a
      00038D 74 F0            [12] 1174 	mov	a,#0xf0
      00038F 5A               [12] 1175 	anl	a,r2
      000390 44 02            [12] 1176 	orl	a,#0x02
      000392 F0               [24] 1177 	movx	@dptr,a
      000393                       1178 00131$:
      000393 90 FE 82         [24] 1179 	mov	dptr,#0xfe82
      000396 E0               [24] 1180 	movx	a,@dptr
      000397 30 E6 F9         [24] 1181 	jnb	acc.6,00131$
      00039A 90 FE 82         [24] 1182 	mov	dptr,#0xfe82
      00039D E0               [24] 1183 	movx	a,@dptr
      00039E 54 BF            [12] 1184 	anl	a,#0xbf
      0003A0 F0               [24] 1185 	movx	@dptr,a
                                   1186 ;	lib\FwLib_STC8\src\fw_i2c.c:78: I2C_MasterRxAck();
      0003A1 15 82            [12] 1187 	dec	dpl
      0003A3 E0               [24] 1188 	movx	a,@dptr
      0003A4 FA               [12] 1189 	mov	r2,a
      0003A5 74 F0            [12] 1190 	mov	a,#0xf0
      0003A7 5A               [12] 1191 	anl	a,r2
      0003A8 44 03            [12] 1192 	orl	a,#0x03
      0003AA F0               [24] 1193 	movx	@dptr,a
      0003AB                       1194 00137$:
      0003AB 90 FE 82         [24] 1195 	mov	dptr,#0xfe82
      0003AE E0               [24] 1196 	movx	a,@dptr
      0003AF 30 E6 F9         [24] 1197 	jnb	acc.6,00137$
      0003B2 90 FE 82         [24] 1198 	mov	dptr,#0xfe82
      0003B5 E0               [24] 1199 	movx	a,@dptr
      0003B6 54 BF            [12] 1200 	anl	a,#0xbf
      0003B8 F0               [24] 1201 	movx	@dptr,a
      0003B9 80 AC            [24] 1202 	sjmp	00140$
      0003BB                       1203 00142$:
                                   1204 ;	lib\FwLib_STC8\src\fw_i2c.c:80: I2C_MasterStop();
      0003BB 90 FE 81         [24] 1205 	mov	dptr,#0xfe81
      0003BE E0               [24] 1206 	movx	a,@dptr
      0003BF FF               [12] 1207 	mov	r7,a
      0003C0 74 F0            [12] 1208 	mov	a,#0xf0
      0003C2 5F               [12] 1209 	anl	a,r7
      0003C3 44 06            [12] 1210 	orl	a,#0x06
      0003C5 F0               [24] 1211 	movx	@dptr,a
      0003C6                       1212 00143$:
      0003C6 90 FE 82         [24] 1213 	mov	dptr,#0xfe82
      0003C9 E0               [24] 1214 	movx	a,@dptr
      0003CA 30 E6 F9         [24] 1215 	jnb	acc.6,00143$
      0003CD 90 FE 82         [24] 1216 	mov	dptr,#0xfe82
      0003D0 E0               [24] 1217 	movx	a,@dptr
      0003D1 54 BF            [12] 1218 	anl	a,#0xbf
      0003D3 F0               [24] 1219 	movx	@dptr,a
                                   1220 ;	lib\FwLib_STC8\src\fw_i2c.c:81: SFRX_OFF();
      0003D4 53 BA 7F         [24] 1221 	anl	_P_SW2,#0x7f
                                   1222 ;	lib\FwLib_STC8\src\fw_i2c.c:82: return HAL_OK;
      0003D7 75 82 00         [24] 1223 	mov	dpl, #0x00
                                   1224 ;	lib\FwLib_STC8\src\fw_i2c.c:83: }
      0003DA 22               [24] 1225 	ret
                                   1226 ;------------------------------------------------------------
                                   1227 ;Allocation info for local variables in function 'I2C_Read16BitAddr'
                                   1228 ;------------------------------------------------------------
                                   1229 ;memAddr                   Allocated with name '_I2C_Read16BitAddr_PARM_2'
                                   1230 ;buf                       Allocated with name '_I2C_Read16BitAddr_PARM_3'
                                   1231 ;size                      Allocated with name '_I2C_Read16BitAddr_PARM_4'
                                   1232 ;devAddr                   Allocated to registers r7 
                                   1233 ;------------------------------------------------------------
                                   1234 ;	lib\FwLib_STC8\src\fw_i2c.c:85: uint8_t I2C_Read16BitAddr(uint8_t devAddr, uint16_t memAddr, uint8_t *buf, uint16_t size)
                                   1235 ;	-----------------------------------------
                                   1236 ;	 function I2C_Read16BitAddr
                                   1237 ;	-----------------------------------------
      0003DB                       1238 _I2C_Read16BitAddr:
      0003DB AF 82            [24] 1239 	mov	r7, dpl
                                   1240 ;	lib\FwLib_STC8\src\fw_i2c.c:87: SFRX_ON();
      0003DD 43 BA 80         [24] 1241 	orl	_P_SW2,#0x80
                                   1242 ;	lib\FwLib_STC8\src\fw_i2c.c:88: I2C_MasterStart();
      0003E0 90 FE 81         [24] 1243 	mov	dptr,#0xfe81
      0003E3 E0               [24] 1244 	movx	a,@dptr
      0003E4 FE               [12] 1245 	mov	r6,a
      0003E5 74 F0            [12] 1246 	mov	a,#0xf0
      0003E7 5E               [12] 1247 	anl	a,r6
      0003E8 44 01            [12] 1248 	orl	a,#0x01
      0003EA F0               [24] 1249 	movx	@dptr,a
      0003EB                       1250 00101$:
      0003EB 90 FE 82         [24] 1251 	mov	dptr,#0xfe82
      0003EE E0               [24] 1252 	movx	a,@dptr
      0003EF 30 E6 F9         [24] 1253 	jnb	acc.6,00101$
      0003F2 90 FE 82         [24] 1254 	mov	dptr,#0xfe82
      0003F5 E0               [24] 1255 	movx	a,@dptr
      0003F6 54 BF            [12] 1256 	anl	a,#0xbf
      0003F8 F0               [24] 1257 	movx	@dptr,a
                                   1258 ;	lib\FwLib_STC8\src\fw_i2c.c:89: I2C_MasterSendData(devAddr & 0xFE);
      0003F9 74 FE            [12] 1259 	mov	a,#0xfe
      0003FB 5F               [12] 1260 	anl	a,r7
      0003FC 90 FE 86         [24] 1261 	mov	dptr,#0xfe86
      0003FF F0               [24] 1262 	movx	@dptr,a
      000400 90 FE 81         [24] 1263 	mov	dptr,#0xfe81
      000403 E0               [24] 1264 	movx	a,@dptr
      000404 FE               [12] 1265 	mov	r6,a
      000405 74 F0            [12] 1266 	mov	a,#0xf0
      000407 5E               [12] 1267 	anl	a,r6
      000408 44 02            [12] 1268 	orl	a,#0x02
      00040A F0               [24] 1269 	movx	@dptr,a
      00040B                       1270 00104$:
      00040B 90 FE 82         [24] 1271 	mov	dptr,#0xfe82
      00040E E0               [24] 1272 	movx	a,@dptr
      00040F 30 E6 F9         [24] 1273 	jnb	acc.6,00104$
      000412 90 FE 82         [24] 1274 	mov	dptr,#0xfe82
      000415 E0               [24] 1275 	movx	a,@dptr
      000416 54 BF            [12] 1276 	anl	a,#0xbf
      000418 F0               [24] 1277 	movx	@dptr,a
                                   1278 ;	lib\FwLib_STC8\src\fw_i2c.c:90: I2C_MasterRxAck();
      000419 15 82            [12] 1279 	dec	dpl
      00041B E0               [24] 1280 	movx	a,@dptr
      00041C FE               [12] 1281 	mov	r6,a
      00041D 74 F0            [12] 1282 	mov	a,#0xf0
      00041F 5E               [12] 1283 	anl	a,r6
      000420 44 03            [12] 1284 	orl	a,#0x03
      000422 F0               [24] 1285 	movx	@dptr,a
      000423                       1286 00110$:
      000423 90 FE 82         [24] 1287 	mov	dptr,#0xfe82
      000426 E0               [24] 1288 	movx	a,@dptr
      000427 30 E6 F9         [24] 1289 	jnb	acc.6,00110$
      00042A 90 FE 82         [24] 1290 	mov	dptr,#0xfe82
      00042D E0               [24] 1291 	movx	a,@dptr
      00042E 54 BF            [12] 1292 	anl	a,#0xbf
      000430 F0               [24] 1293 	movx	@dptr,a
                                   1294 ;	lib\FwLib_STC8\src\fw_i2c.c:91: I2C_MasterSendData(memAddr >> 8);
      000431 AE*01            [24] 1295 	mov	r6,(_I2C_Read16BitAddr_PARM_2 + 1)
      000433 90 FE 86         [24] 1296 	mov	dptr,#0xfe86
      000436 EE               [12] 1297 	mov	a,r6
      000437 F0               [24] 1298 	movx	@dptr,a
      000438 90 FE 81         [24] 1299 	mov	dptr,#0xfe81
      00043B E0               [24] 1300 	movx	a,@dptr
      00043C FE               [12] 1301 	mov	r6,a
      00043D 74 F0            [12] 1302 	mov	a,#0xf0
      00043F 5E               [12] 1303 	anl	a,r6
      000440 44 02            [12] 1304 	orl	a,#0x02
      000442 F0               [24] 1305 	movx	@dptr,a
      000443                       1306 00113$:
      000443 90 FE 82         [24] 1307 	mov	dptr,#0xfe82
      000446 E0               [24] 1308 	movx	a,@dptr
      000447 30 E6 F9         [24] 1309 	jnb	acc.6,00113$
      00044A 90 FE 82         [24] 1310 	mov	dptr,#0xfe82
      00044D E0               [24] 1311 	movx	a,@dptr
      00044E 54 BF            [12] 1312 	anl	a,#0xbf
      000450 F0               [24] 1313 	movx	@dptr,a
                                   1314 ;	lib\FwLib_STC8\src\fw_i2c.c:92: I2C_MasterRxAck();
      000451 15 82            [12] 1315 	dec	dpl
      000453 E0               [24] 1316 	movx	a,@dptr
      000454 FE               [12] 1317 	mov	r6,a
      000455 74 F0            [12] 1318 	mov	a,#0xf0
      000457 5E               [12] 1319 	anl	a,r6
      000458 44 03            [12] 1320 	orl	a,#0x03
      00045A F0               [24] 1321 	movx	@dptr,a
      00045B                       1322 00119$:
      00045B 90 FE 82         [24] 1323 	mov	dptr,#0xfe82
      00045E E0               [24] 1324 	movx	a,@dptr
      00045F 30 E6 F9         [24] 1325 	jnb	acc.6,00119$
      000462 90 FE 82         [24] 1326 	mov	dptr,#0xfe82
      000465 E0               [24] 1327 	movx	a,@dptr
      000466 54 BF            [12] 1328 	anl	a,#0xbf
      000468 F0               [24] 1329 	movx	@dptr,a
                                   1330 ;	lib\FwLib_STC8\src\fw_i2c.c:93: I2C_MasterSendData(memAddr & 0xFF);
      000469 AE*00            [24] 1331 	mov	r6,_I2C_Read16BitAddr_PARM_2
      00046B 90 FE 86         [24] 1332 	mov	dptr,#0xfe86
      00046E EE               [12] 1333 	mov	a,r6
      00046F F0               [24] 1334 	movx	@dptr,a
      000470 90 FE 81         [24] 1335 	mov	dptr,#0xfe81
      000473 E0               [24] 1336 	movx	a,@dptr
      000474 FE               [12] 1337 	mov	r6,a
      000475 74 F0            [12] 1338 	mov	a,#0xf0
      000477 5E               [12] 1339 	anl	a,r6
      000478 44 02            [12] 1340 	orl	a,#0x02
      00047A F0               [24] 1341 	movx	@dptr,a
      00047B                       1342 00122$:
      00047B 90 FE 82         [24] 1343 	mov	dptr,#0xfe82
      00047E E0               [24] 1344 	movx	a,@dptr
      00047F 30 E6 F9         [24] 1345 	jnb	acc.6,00122$
      000482 90 FE 82         [24] 1346 	mov	dptr,#0xfe82
      000485 E0               [24] 1347 	movx	a,@dptr
      000486 54 BF            [12] 1348 	anl	a,#0xbf
      000488 F0               [24] 1349 	movx	@dptr,a
                                   1350 ;	lib\FwLib_STC8\src\fw_i2c.c:94: I2C_MasterRxAck();
      000489 15 82            [12] 1351 	dec	dpl
      00048B E0               [24] 1352 	movx	a,@dptr
      00048C FE               [12] 1353 	mov	r6,a
      00048D 74 F0            [12] 1354 	mov	a,#0xf0
      00048F 5E               [12] 1355 	anl	a,r6
      000490 44 03            [12] 1356 	orl	a,#0x03
      000492 F0               [24] 1357 	movx	@dptr,a
      000493                       1358 00128$:
      000493 90 FE 82         [24] 1359 	mov	dptr,#0xfe82
      000496 E0               [24] 1360 	movx	a,@dptr
      000497 30 E6 F9         [24] 1361 	jnb	acc.6,00128$
      00049A 90 FE 82         [24] 1362 	mov	dptr,#0xfe82
      00049D E0               [24] 1363 	movx	a,@dptr
      00049E 54 BF            [12] 1364 	anl	a,#0xbf
      0004A0 F0               [24] 1365 	movx	@dptr,a
                                   1366 ;	lib\FwLib_STC8\src\fw_i2c.c:95: I2C_MasterStart();
      0004A1 15 82            [12] 1367 	dec	dpl
      0004A3 E0               [24] 1368 	movx	a,@dptr
      0004A4 FE               [12] 1369 	mov	r6,a
      0004A5 74 F0            [12] 1370 	mov	a,#0xf0
      0004A7 5E               [12] 1371 	anl	a,r6
      0004A8 44 01            [12] 1372 	orl	a,#0x01
      0004AA F0               [24] 1373 	movx	@dptr,a
      0004AB                       1374 00131$:
      0004AB 90 FE 82         [24] 1375 	mov	dptr,#0xfe82
      0004AE E0               [24] 1376 	movx	a,@dptr
      0004AF 30 E6 F9         [24] 1377 	jnb	acc.6,00131$
      0004B2 90 FE 82         [24] 1378 	mov	dptr,#0xfe82
      0004B5 E0               [24] 1379 	movx	a,@dptr
      0004B6 54 BF            [12] 1380 	anl	a,#0xbf
      0004B8 F0               [24] 1381 	movx	@dptr,a
                                   1382 ;	lib\FwLib_STC8\src\fw_i2c.c:96: I2C_MasterSendData(devAddr | 0x01);
      0004B9 43 07 01         [24] 1383 	orl	ar7,#0x01
      0004BC 90 FE 86         [24] 1384 	mov	dptr,#0xfe86
      0004BF EF               [12] 1385 	mov	a,r7
      0004C0 F0               [24] 1386 	movx	@dptr,a
      0004C1 90 FE 81         [24] 1387 	mov	dptr,#0xfe81
      0004C4 E0               [24] 1388 	movx	a,@dptr
      0004C5 FF               [12] 1389 	mov	r7,a
      0004C6 74 F0            [12] 1390 	mov	a,#0xf0
      0004C8 5F               [12] 1391 	anl	a,r7
      0004C9 44 02            [12] 1392 	orl	a,#0x02
      0004CB F0               [24] 1393 	movx	@dptr,a
      0004CC                       1394 00134$:
      0004CC 90 FE 82         [24] 1395 	mov	dptr,#0xfe82
      0004CF E0               [24] 1396 	movx	a,@dptr
      0004D0 30 E6 F9         [24] 1397 	jnb	acc.6,00134$
      0004D3 90 FE 82         [24] 1398 	mov	dptr,#0xfe82
      0004D6 E0               [24] 1399 	movx	a,@dptr
      0004D7 54 BF            [12] 1400 	anl	a,#0xbf
      0004D9 F0               [24] 1401 	movx	@dptr,a
                                   1402 ;	lib\FwLib_STC8\src\fw_i2c.c:97: I2C_MasterRxAck();
      0004DA 15 82            [12] 1403 	dec	dpl
      0004DC E0               [24] 1404 	movx	a,@dptr
      0004DD FF               [12] 1405 	mov	r7,a
      0004DE 74 F0            [12] 1406 	mov	a,#0xf0
      0004E0 5F               [12] 1407 	anl	a,r7
      0004E1 44 03            [12] 1408 	orl	a,#0x03
      0004E3 F0               [24] 1409 	movx	@dptr,a
      0004E4                       1410 00140$:
      0004E4 90 FE 82         [24] 1411 	mov	dptr,#0xfe82
      0004E7 E0               [24] 1412 	movx	a,@dptr
      0004E8 30 E6 F9         [24] 1413 	jnb	acc.6,00140$
      0004EB 90 FE 82         [24] 1414 	mov	dptr,#0xfe82
      0004EE E0               [24] 1415 	movx	a,@dptr
      0004EF 54 BF            [12] 1416 	anl	a,#0xbf
      0004F1 F0               [24] 1417 	movx	@dptr,a
                                   1418 ;	lib\FwLib_STC8\src\fw_i2c.c:98: while(size--)
      0004F2 AD*02            [24] 1419 	mov	r5,_I2C_Read16BitAddr_PARM_3
      0004F4 AE*03            [24] 1420 	mov	r6,(_I2C_Read16BitAddr_PARM_3 + 1)
      0004F6 AF*04            [24] 1421 	mov	r7,(_I2C_Read16BitAddr_PARM_3 + 2)
      0004F8 AB*05            [24] 1422 	mov	r3,_I2C_Read16BitAddr_PARM_4
      0004FA AC*06            [24] 1423 	mov	r4,(_I2C_Read16BitAddr_PARM_4 + 1)
      0004FC                       1424 00161$:
      0004FC 8B 01            [24] 1425 	mov	ar1,r3
      0004FE 8C 02            [24] 1426 	mov	ar2,r4
      000500 1B               [12] 1427 	dec	r3
      000501 BB FF 01         [24] 1428 	cjne	r3,#0xff,00366$
      000504 1C               [12] 1429 	dec	r4
      000505                       1430 00366$:
      000505 E9               [12] 1431 	mov	a,r1
      000506 4A               [12] 1432 	orl	a,r2
      000507 70 03            [24] 1433 	jnz	00367$
      000509 02r05r7E         [24] 1434 	ljmp	00163$
      00050C                       1435 00367$:
                                   1436 ;	lib\FwLib_STC8\src\fw_i2c.c:100: I2C_SendMasterCmd(I2C_MasterCmd_Recv);
      00050C 90 FE 81         [24] 1437 	mov	dptr,#0xfe81
      00050F E0               [24] 1438 	movx	a,@dptr
      000510 FA               [12] 1439 	mov	r2,a
      000511 74 F0            [12] 1440 	mov	a,#0xf0
      000513 5A               [12] 1441 	anl	a,r2
      000514 44 04            [12] 1442 	orl	a,#0x04
      000516 F0               [24] 1443 	movx	@dptr,a
      000517                       1444 00143$:
      000517 90 FE 82         [24] 1445 	mov	dptr,#0xfe82
      00051A E0               [24] 1446 	movx	a,@dptr
      00051B 30 E6 F9         [24] 1447 	jnb	acc.6,00143$
      00051E 90 FE 82         [24] 1448 	mov	dptr,#0xfe82
      000521 E0               [24] 1449 	movx	a,@dptr
      000522 54 BF            [12] 1450 	anl	a,#0xbf
      000524 F0               [24] 1451 	movx	@dptr,a
                                   1452 ;	lib\FwLib_STC8\src\fw_i2c.c:101: *buf++ = I2CRXD;
      000525 90 FE 87         [24] 1453 	mov	dptr,#0xfe87
      000528 E0               [24] 1454 	movx	a,@dptr
      000529 8D 82            [24] 1455 	mov	dpl,r5
      00052B 8E 83            [24] 1456 	mov	dph,r6
      00052D 8F F0            [24] 1457 	mov	b,r7
      00052F 12r00r00         [24] 1458 	lcall	__gptrput
      000532 A3               [24] 1459 	inc	dptr
      000533 AD 82            [24] 1460 	mov	r5,dpl
      000535 AE 83            [24] 1461 	mov	r6,dph
                                   1462 ;	lib\FwLib_STC8\src\fw_i2c.c:102: if (size == 0)
      000537 EB               [12] 1463 	mov	a,r3
      000538 4C               [12] 1464 	orl	a,r4
      000539 70 21            [24] 1465 	jnz	00155$
                                   1466 ;	lib\FwLib_STC8\src\fw_i2c.c:104: I2C_MasterNAck();
      00053B 90 FE 82         [24] 1467 	mov	dptr,#0xfe82
      00053E E0               [24] 1468 	movx	a,@dptr
      00053F 44 01            [12] 1469 	orl	a,#0x01
      000541 F0               [24] 1470 	movx	@dptr,a
      000542 15 82            [12] 1471 	dec	dpl
      000544 E0               [24] 1472 	movx	a,@dptr
      000545 FA               [12] 1473 	mov	r2,a
      000546 74 F0            [12] 1474 	mov	a,#0xf0
      000548 5A               [12] 1475 	anl	a,r2
      000549 44 05            [12] 1476 	orl	a,#0x05
      00054B F0               [24] 1477 	movx	@dptr,a
      00054C                       1478 00146$:
      00054C 90 FE 82         [24] 1479 	mov	dptr,#0xfe82
      00054F E0               [24] 1480 	movx	a,@dptr
      000550 30 E6 F9         [24] 1481 	jnb	acc.6,00146$
      000553 90 FE 82         [24] 1482 	mov	dptr,#0xfe82
      000556 E0               [24] 1483 	movx	a,@dptr
      000557 54 BF            [12] 1484 	anl	a,#0xbf
      000559 F0               [24] 1485 	movx	@dptr,a
                                   1486 ;	lib\FwLib_STC8\src\fw_i2c.c:108: I2C_MasterAck();
      00055A 80 A0            [24] 1487 	sjmp	00161$
      00055C                       1488 00155$:
      00055C 90 FE 82         [24] 1489 	mov	dptr,#0xfe82
      00055F E0               [24] 1490 	movx	a,@dptr
      000560 54 FE            [12] 1491 	anl	a,#0xfe
      000562 F0               [24] 1492 	movx	@dptr,a
      000563 15 82            [12] 1493 	dec	dpl
      000565 E0               [24] 1494 	movx	a,@dptr
      000566 FA               [12] 1495 	mov	r2,a
      000567 74 F0            [12] 1496 	mov	a,#0xf0
      000569 5A               [12] 1497 	anl	a,r2
      00056A 44 05            [12] 1498 	orl	a,#0x05
      00056C F0               [24] 1499 	movx	@dptr,a
      00056D                       1500 00152$:
      00056D 90 FE 82         [24] 1501 	mov	dptr,#0xfe82
      000570 E0               [24] 1502 	movx	a,@dptr
      000571 30 E6 F9         [24] 1503 	jnb	acc.6,00152$
      000574 90 FE 82         [24] 1504 	mov	dptr,#0xfe82
      000577 E0               [24] 1505 	movx	a,@dptr
      000578 54 BF            [12] 1506 	anl	a,#0xbf
      00057A F0               [24] 1507 	movx	@dptr,a
      00057B 02r04rFC         [24] 1508 	ljmp	00161$
      00057E                       1509 00163$:
                                   1510 ;	lib\FwLib_STC8\src\fw_i2c.c:111: I2C_MasterStop();
      00057E 90 FE 81         [24] 1511 	mov	dptr,#0xfe81
      000581 E0               [24] 1512 	movx	a,@dptr
      000582 FF               [12] 1513 	mov	r7,a
      000583 74 F0            [12] 1514 	mov	a,#0xf0
      000585 5F               [12] 1515 	anl	a,r7
      000586 44 06            [12] 1516 	orl	a,#0x06
      000588 F0               [24] 1517 	movx	@dptr,a
      000589                       1518 00164$:
      000589 90 FE 82         [24] 1519 	mov	dptr,#0xfe82
      00058C E0               [24] 1520 	movx	a,@dptr
      00058D 30 E6 F9         [24] 1521 	jnb	acc.6,00164$
      000590 90 FE 82         [24] 1522 	mov	dptr,#0xfe82
      000593 E0               [24] 1523 	movx	a,@dptr
      000594 54 BF            [12] 1524 	anl	a,#0xbf
      000596 F0               [24] 1525 	movx	@dptr,a
                                   1526 ;	lib\FwLib_STC8\src\fw_i2c.c:112: SFRX_OFF();
      000597 53 BA 7F         [24] 1527 	anl	_P_SW2,#0x7f
                                   1528 ;	lib\FwLib_STC8\src\fw_i2c.c:113: return HAL_OK;
      00059A 75 82 00         [24] 1529 	mov	dpl, #0x00
                                   1530 ;	lib\FwLib_STC8\src\fw_i2c.c:114: }
      00059D 22               [24] 1531 	ret
                                   1532 	.area CSEG    (CODE)
                                   1533 	.area CONST   (CODE)
                                   1534 	.area XINIT   (CODE)
                                   1535 	.area CABS    (ABS,CODE)
