                                      1 ;--------------------------------------------------------
                                      2 ; File Created by SDCC : free open source ISO C Compiler 
                                      3 ; Version 4.4.0 #14620 (MINGW32)
                                      4 ;--------------------------------------------------------
                                      5 	.module fw_tim
                                      6 	.optsdcc -mmcs51 --model-small
                                      7 	
                                      8 ;--------------------------------------------------------
                                      9 ; Public variables in this module
                                     10 ;--------------------------------------------------------
                                     11 	.globl __TIM_Timer234_InitValueCalculate
                                     12 	.globl _P77
                                     13 	.globl _P76
                                     14 	.globl _P75
                                     15 	.globl _P74
                                     16 	.globl _P73
                                     17 	.globl _P72
                                     18 	.globl _P71
                                     19 	.globl _P70
                                     20 	.globl _P67
                                     21 	.globl _P66
                                     22 	.globl _P65
                                     23 	.globl _P64
                                     24 	.globl _P63
                                     25 	.globl _P62
                                     26 	.globl _P61
                                     27 	.globl _P60
                                     28 	.globl _P
                                     29 	.globl _F1
                                     30 	.globl _OV
                                     31 	.globl _RS0
                                     32 	.globl _RS1
                                     33 	.globl _F0
                                     34 	.globl _AC
                                     35 	.globl _CY
                                     36 	.globl _P57
                                     37 	.globl _P56
                                     38 	.globl _P55
                                     39 	.globl _P54
                                     40 	.globl _P53
                                     41 	.globl _P52
                                     42 	.globl _P51
                                     43 	.globl _P50
                                     44 	.globl _P47
                                     45 	.globl _P46
                                     46 	.globl _P45
                                     47 	.globl _P44
                                     48 	.globl _P43
                                     49 	.globl _P42
                                     50 	.globl _P41
                                     51 	.globl _P40
                                     52 	.globl _PX0
                                     53 	.globl _PT0
                                     54 	.globl _PX1
                                     55 	.globl _PT1
                                     56 	.globl _PS
                                     57 	.globl _PADC
                                     58 	.globl _PLVD
                                     59 	.globl _PPCA
                                     60 	.globl _P37
                                     61 	.globl _P36
                                     62 	.globl _P35
                                     63 	.globl _P34
                                     64 	.globl _P33
                                     65 	.globl _P32
                                     66 	.globl _P31
                                     67 	.globl _P30
                                     68 	.globl _EX0
                                     69 	.globl _ET0
                                     70 	.globl _EX1
                                     71 	.globl _ET1
                                     72 	.globl _ES
                                     73 	.globl _EADC
                                     74 	.globl _ELVD
                                     75 	.globl _EA
                                     76 	.globl _P27
                                     77 	.globl _P26
                                     78 	.globl _P25
                                     79 	.globl _P24
                                     80 	.globl _P23
                                     81 	.globl _P22
                                     82 	.globl _P21
                                     83 	.globl _P20
                                     84 	.globl _RI
                                     85 	.globl _TI
                                     86 	.globl _RB8
                                     87 	.globl _TB8
                                     88 	.globl _REN
                                     89 	.globl _SM2
                                     90 	.globl _SM1
                                     91 	.globl _SM0
                                     92 	.globl _P17
                                     93 	.globl _P16
                                     94 	.globl _P15
                                     95 	.globl _P14
                                     96 	.globl _P13
                                     97 	.globl _P12
                                     98 	.globl _P11
                                     99 	.globl _P10
                                    100 	.globl _IT0
                                    101 	.globl _IE0
                                    102 	.globl _IT1
                                    103 	.globl _IE1
                                    104 	.globl _TR0
                                    105 	.globl _TF0
                                    106 	.globl _TR1
                                    107 	.globl _TF1
                                    108 	.globl _P07
                                    109 	.globl _P06
                                    110 	.globl _P05
                                    111 	.globl _P04
                                    112 	.globl _P03
                                    113 	.globl _P02
                                    114 	.globl _P01
                                    115 	.globl _P00
                                    116 	.globl _RSTCFG
                                    117 	.globl _USBADR
                                    118 	.globl _IAP_TPS
                                    119 	.globl _USBCON
                                    120 	.globl _AUXINTIF
                                    121 	.globl _IP3H
                                    122 	.globl _USBDAT
                                    123 	.globl _CMPCR2
                                    124 	.globl _CMPCR1
                                    125 	.globl _DPH1
                                    126 	.globl _DPL1
                                    127 	.globl _DPS
                                    128 	.globl _P7M0
                                    129 	.globl _P7M1
                                    130 	.globl _IP3
                                    131 	.globl _ADCCFG
                                    132 	.globl _USBCLK
                                    133 	.globl _VRTRIM
                                    134 	.globl _P7
                                    135 	.globl _B
                                    136 	.globl _P6
                                    137 	.globl _ACC
                                    138 	.globl _T2L
                                    139 	.globl _T2H
                                    140 	.globl _T3L
                                    141 	.globl _T3H
                                    142 	.globl _T4L
                                    143 	.globl _T4H
                                    144 	.globl _T4T3M
                                    145 	.globl _PSW
                                    146 	.globl _SPDAT
                                    147 	.globl _SPCTL
                                    148 	.globl _SPSTAT
                                    149 	.globl _P6M0
                                    150 	.globl _P6M1
                                    151 	.globl _P5M0
                                    152 	.globl _P5M1
                                    153 	.globl _P5
                                    154 	.globl _IAP_CONTR
                                    155 	.globl _IAP_TRIG
                                    156 	.globl _IAP_CMD
                                    157 	.globl _IAP_ADDRL
                                    158 	.globl _IAP_ADDRH
                                    159 	.globl _IAP_DATA
                                    160 	.globl _WDT_CONTR
                                    161 	.globl _P4
                                    162 	.globl _ADC_RESL
                                    163 	.globl _ADC_RES
                                    164 	.globl _ADC_CONTR
                                    165 	.globl _P_SW2
                                    166 	.globl _SADEN
                                    167 	.globl _IP
                                    168 	.globl _IPH
                                    169 	.globl _IP2H
                                    170 	.globl _IP2
                                    171 	.globl _P4M0
                                    172 	.globl _P4M1
                                    173 	.globl _P3M0
                                    174 	.globl _P3M1
                                    175 	.globl _P3
                                    176 	.globl _IE2
                                    177 	.globl _TA
                                    178 	.globl _S3BUF
                                    179 	.globl _S3CON
                                    180 	.globl _WKTCH
                                    181 	.globl _WKTCL
                                    182 	.globl _SADDR
                                    183 	.globl _IE
                                    184 	.globl _P_SW1
                                    185 	.globl _BUS_SPEED
                                    186 	.globl _P2
                                    187 	.globl _IRTRIM
                                    188 	.globl _LIRTRIM
                                    189 	.globl _IRCBAND
                                    190 	.globl _S2BUF
                                    191 	.globl _S2CON
                                    192 	.globl _SBUF
                                    193 	.globl _SCON
                                    194 	.globl _P2M0
                                    195 	.globl _P2M1
                                    196 	.globl _P0M0
                                    197 	.globl _P0M1
                                    198 	.globl _P1M0
                                    199 	.globl _P1M1
                                    200 	.globl _P1
                                    201 	.globl _INTCLKO
                                    202 	.globl _AUXR
                                    203 	.globl _TH1
                                    204 	.globl _TH0
                                    205 	.globl _TL1
                                    206 	.globl _TL0
                                    207 	.globl _TMOD
                                    208 	.globl _TCON
                                    209 	.globl _PCON
                                    210 	.globl _S4BUF
                                    211 	.globl _S4CON
                                    212 	.globl _DPH
                                    213 	.globl _DPL
                                    214 	.globl _SP
                                    215 	.globl _P0
                                    216 	.globl _TIM_Timer4_Config_PARM_4
                                    217 	.globl _TIM_Timer4_Config_PARM_3
                                    218 	.globl _TIM_Timer4_Config_PARM_2
                                    219 	.globl _TIM_Timer3_Config_PARM_4
                                    220 	.globl _TIM_Timer3_Config_PARM_3
                                    221 	.globl _TIM_Timer3_Config_PARM_2
                                    222 	.globl _TIM_Timer2_Config_PARM_3
                                    223 	.globl _TIM_Timer2_Config_PARM_2
                                    224 	.globl __TIM_Timer234_InitValueCalculate_PARM_3
                                    225 	.globl __TIM_Timer234_InitValueCalculate_PARM_2
                                    226 	.globl _TIM_Timer1_Config_PARM_3
                                    227 	.globl _TIM_Timer1_Config_PARM_2
                                    228 	.globl _TIM_Timer0_Config_PARM_3
                                    229 	.globl _TIM_Timer0_Config_PARM_2
                                    230 	.globl _TIM_Timer0n1_CalculateInitValue_PARM_3
                                    231 	.globl _TIM_Timer0n1_CalculateInitValue_PARM_2
                                    232 	.globl _TIM_Timer0n1_CalculateInitValue
                                    233 	.globl _TIM_Timer0_Config
                                    234 	.globl _TIM_Timer1_Config
                                    235 	.globl _TIM_Timer2_Config
                                    236 	.globl _TIM_Timer3_Config
                                    237 	.globl _TIM_Timer4_Config
                                    238 ;--------------------------------------------------------
                                    239 ; special function registers
                                    240 ;--------------------------------------------------------
                                    241 	.area RSEG    (ABS,DATA)
      000000                        242 	.org 0x0000
                           000080   243 _P0	=	0x0080
                           000081   244 _SP	=	0x0081
                           000082   245 _DPL	=	0x0082
                           000083   246 _DPH	=	0x0083
                           000084   247 _S4CON	=	0x0084
                           000085   248 _S4BUF	=	0x0085
                           000087   249 _PCON	=	0x0087
                           000088   250 _TCON	=	0x0088
                           000089   251 _TMOD	=	0x0089
                           00008A   252 _TL0	=	0x008a
                           00008B   253 _TL1	=	0x008b
                           00008C   254 _TH0	=	0x008c
                           00008D   255 _TH1	=	0x008d
                           00008E   256 _AUXR	=	0x008e
                           00008F   257 _INTCLKO	=	0x008f
                           000090   258 _P1	=	0x0090
                           000091   259 _P1M1	=	0x0091
                           000092   260 _P1M0	=	0x0092
                           000093   261 _P0M1	=	0x0093
                           000094   262 _P0M0	=	0x0094
                           000095   263 _P2M1	=	0x0095
                           000096   264 _P2M0	=	0x0096
                           000098   265 _SCON	=	0x0098
                           000099   266 _SBUF	=	0x0099
                           00009A   267 _S2CON	=	0x009a
                           00009B   268 _S2BUF	=	0x009b
                           00009D   269 _IRCBAND	=	0x009d
                           00009E   270 _LIRTRIM	=	0x009e
                           00009F   271 _IRTRIM	=	0x009f
                           0000A0   272 _P2	=	0x00a0
                           0000A1   273 _BUS_SPEED	=	0x00a1
                           0000A2   274 _P_SW1	=	0x00a2
                           0000A8   275 _IE	=	0x00a8
                           0000A9   276 _SADDR	=	0x00a9
                           0000AA   277 _WKTCL	=	0x00aa
                           0000AB   278 _WKTCH	=	0x00ab
                           0000AC   279 _S3CON	=	0x00ac
                           0000AD   280 _S3BUF	=	0x00ad
                           0000AE   281 _TA	=	0x00ae
                           0000AF   282 _IE2	=	0x00af
                           0000B0   283 _P3	=	0x00b0
                           0000B1   284 _P3M1	=	0x00b1
                           0000B2   285 _P3M0	=	0x00b2
                           0000B3   286 _P4M1	=	0x00b3
                           0000B4   287 _P4M0	=	0x00b4
                           0000B5   288 _IP2	=	0x00b5
                           0000B6   289 _IP2H	=	0x00b6
                           0000B7   290 _IPH	=	0x00b7
                           0000B8   291 _IP	=	0x00b8
                           0000B9   292 _SADEN	=	0x00b9
                           0000BA   293 _P_SW2	=	0x00ba
                           0000BC   294 _ADC_CONTR	=	0x00bc
                           0000BD   295 _ADC_RES	=	0x00bd
                           0000BE   296 _ADC_RESL	=	0x00be
                           0000C0   297 _P4	=	0x00c0
                           0000C1   298 _WDT_CONTR	=	0x00c1
                           0000C2   299 _IAP_DATA	=	0x00c2
                           0000C3   300 _IAP_ADDRH	=	0x00c3
                           0000C4   301 _IAP_ADDRL	=	0x00c4
                           0000C5   302 _IAP_CMD	=	0x00c5
                           0000C6   303 _IAP_TRIG	=	0x00c6
                           0000C7   304 _IAP_CONTR	=	0x00c7
                           0000C8   305 _P5	=	0x00c8
                           0000C9   306 _P5M1	=	0x00c9
                           0000CA   307 _P5M0	=	0x00ca
                           0000CB   308 _P6M1	=	0x00cb
                           0000CC   309 _P6M0	=	0x00cc
                           0000CD   310 _SPSTAT	=	0x00cd
                           0000CE   311 _SPCTL	=	0x00ce
                           0000CF   312 _SPDAT	=	0x00cf
                           0000D0   313 _PSW	=	0x00d0
                           0000D1   314 _T4T3M	=	0x00d1
                           0000D2   315 _T4H	=	0x00d2
                           0000D3   316 _T4L	=	0x00d3
                           0000D4   317 _T3H	=	0x00d4
                           0000D5   318 _T3L	=	0x00d5
                           0000D6   319 _T2H	=	0x00d6
                           0000D7   320 _T2L	=	0x00d7
                           0000E0   321 _ACC	=	0x00e0
                           0000E8   322 _P6	=	0x00e8
                           0000F0   323 _B	=	0x00f0
                           0000F8   324 _P7	=	0x00f8
                           0000A6   325 _VRTRIM	=	0x00a6
                           0000DC   326 _USBCLK	=	0x00dc
                           0000DE   327 _ADCCFG	=	0x00de
                           0000DF   328 _IP3	=	0x00df
                           0000E1   329 _P7M1	=	0x00e1
                           0000E2   330 _P7M0	=	0x00e2
                           0000E3   331 _DPS	=	0x00e3
                           0000E4   332 _DPL1	=	0x00e4
                           0000E5   333 _DPH1	=	0x00e5
                           0000E6   334 _CMPCR1	=	0x00e6
                           0000E7   335 _CMPCR2	=	0x00e7
                           0000EC   336 _USBDAT	=	0x00ec
                           0000EE   337 _IP3H	=	0x00ee
                           0000EF   338 _AUXINTIF	=	0x00ef
                           0000F4   339 _USBCON	=	0x00f4
                           0000F5   340 _IAP_TPS	=	0x00f5
                           0000FC   341 _USBADR	=	0x00fc
                           0000FF   342 _RSTCFG	=	0x00ff
                                    343 ;--------------------------------------------------------
                                    344 ; special function bits
                                    345 ;--------------------------------------------------------
                                    346 	.area RSEG    (ABS,DATA)
      000000                        347 	.org 0x0000
                           000080   348 _P00	=	0x0080
                           000081   349 _P01	=	0x0081
                           000082   350 _P02	=	0x0082
                           000083   351 _P03	=	0x0083
                           000084   352 _P04	=	0x0084
                           000085   353 _P05	=	0x0085
                           000086   354 _P06	=	0x0086
                           000087   355 _P07	=	0x0087
                           00008F   356 _TF1	=	0x008f
                           00008E   357 _TR1	=	0x008e
                           00008D   358 _TF0	=	0x008d
                           00008C   359 _TR0	=	0x008c
                           00008B   360 _IE1	=	0x008b
                           00008A   361 _IT1	=	0x008a
                           000089   362 _IE0	=	0x0089
                           000088   363 _IT0	=	0x0088
                           000090   364 _P10	=	0x0090
                           000091   365 _P11	=	0x0091
                           000092   366 _P12	=	0x0092
                           000093   367 _P13	=	0x0093
                           000094   368 _P14	=	0x0094
                           000095   369 _P15	=	0x0095
                           000096   370 _P16	=	0x0096
                           000097   371 _P17	=	0x0097
                           00009F   372 _SM0	=	0x009f
                           00009E   373 _SM1	=	0x009e
                           00009D   374 _SM2	=	0x009d
                           00009C   375 _REN	=	0x009c
                           00009B   376 _TB8	=	0x009b
                           00009A   377 _RB8	=	0x009a
                           000099   378 _TI	=	0x0099
                           000098   379 _RI	=	0x0098
                           0000A0   380 _P20	=	0x00a0
                           0000A1   381 _P21	=	0x00a1
                           0000A2   382 _P22	=	0x00a2
                           0000A3   383 _P23	=	0x00a3
                           0000A4   384 _P24	=	0x00a4
                           0000A5   385 _P25	=	0x00a5
                           0000A6   386 _P26	=	0x00a6
                           0000A7   387 _P27	=	0x00a7
                           0000AF   388 _EA	=	0x00af
                           0000AE   389 _ELVD	=	0x00ae
                           0000AD   390 _EADC	=	0x00ad
                           0000AC   391 _ES	=	0x00ac
                           0000AB   392 _ET1	=	0x00ab
                           0000AA   393 _EX1	=	0x00aa
                           0000A9   394 _ET0	=	0x00a9
                           0000A8   395 _EX0	=	0x00a8
                           0000B0   396 _P30	=	0x00b0
                           0000B1   397 _P31	=	0x00b1
                           0000B2   398 _P32	=	0x00b2
                           0000B3   399 _P33	=	0x00b3
                           0000B4   400 _P34	=	0x00b4
                           0000B5   401 _P35	=	0x00b5
                           0000B6   402 _P36	=	0x00b6
                           0000B7   403 _P37	=	0x00b7
                           0000BF   404 _PPCA	=	0x00bf
                           0000BE   405 _PLVD	=	0x00be
                           0000BD   406 _PADC	=	0x00bd
                           0000BC   407 _PS	=	0x00bc
                           0000BB   408 _PT1	=	0x00bb
                           0000BA   409 _PX1	=	0x00ba
                           0000B9   410 _PT0	=	0x00b9
                           0000B8   411 _PX0	=	0x00b8
                           0000C0   412 _P40	=	0x00c0
                           0000C1   413 _P41	=	0x00c1
                           0000C2   414 _P42	=	0x00c2
                           0000C3   415 _P43	=	0x00c3
                           0000C4   416 _P44	=	0x00c4
                           0000C5   417 _P45	=	0x00c5
                           0000C6   418 _P46	=	0x00c6
                           0000C7   419 _P47	=	0x00c7
                           0000C8   420 _P50	=	0x00c8
                           0000C9   421 _P51	=	0x00c9
                           0000CA   422 _P52	=	0x00ca
                           0000CB   423 _P53	=	0x00cb
                           0000CC   424 _P54	=	0x00cc
                           0000CD   425 _P55	=	0x00cd
                           0000CE   426 _P56	=	0x00ce
                           0000CF   427 _P57	=	0x00cf
                           0000D7   428 _CY	=	0x00d7
                           0000D6   429 _AC	=	0x00d6
                           0000D5   430 _F0	=	0x00d5
                           0000D4   431 _RS1	=	0x00d4
                           0000D3   432 _RS0	=	0x00d3
                           0000D2   433 _OV	=	0x00d2
                           0000D1   434 _F1	=	0x00d1
                           0000D0   435 _P	=	0x00d0
                           0000E8   436 _P60	=	0x00e8
                           0000E9   437 _P61	=	0x00e9
                           0000EA   438 _P62	=	0x00ea
                           0000EB   439 _P63	=	0x00eb
                           0000EC   440 _P64	=	0x00ec
                           0000ED   441 _P65	=	0x00ed
                           0000EE   442 _P66	=	0x00ee
                           0000EF   443 _P67	=	0x00ef
                           0000F8   444 _P70	=	0x00f8
                           0000F9   445 _P71	=	0x00f9
                           0000FA   446 _P72	=	0x00fa
                           0000FB   447 _P73	=	0x00fb
                           0000FC   448 _P74	=	0x00fc
                           0000FD   449 _P75	=	0x00fd
                           0000FE   450 _P76	=	0x00fe
                           0000FF   451 _P77	=	0x00ff
                                    452 ;--------------------------------------------------------
                                    453 ; overlayable register banks
                                    454 ;--------------------------------------------------------
                                    455 	.area REG_BANK_0	(REL,OVR,DATA)
      000000                        456 	.ds 8
                                    457 ;--------------------------------------------------------
                                    458 ; internal ram data
                                    459 ;--------------------------------------------------------
                                    460 	.area DSEG    (DATA)
      000000                        461 _TIM_Timer0n1_CalculateInitValue_PARM_2:
      000000                        462 	.ds 1
      000001                        463 _TIM_Timer0n1_CalculateInitValue_PARM_3:
      000001                        464 	.ds 2
      000003                        465 _TIM_Timer0_Config_PARM_2:
      000003                        466 	.ds 1
      000004                        467 _TIM_Timer0_Config_PARM_3:
      000004                        468 	.ds 2
      000006                        469 _TIM_Timer1_Config_PARM_2:
      000006                        470 	.ds 1
      000007                        471 _TIM_Timer1_Config_PARM_3:
      000007                        472 	.ds 2
      000009                        473 __TIM_Timer234_InitValueCalculate_PARM_2:
      000009                        474 	.ds 1
      00000A                        475 __TIM_Timer234_InitValueCalculate_PARM_3:
      00000A                        476 	.ds 1
      00000B                        477 _TIM_Timer2_Config_PARM_2:
      00000B                        478 	.ds 1
      00000C                        479 _TIM_Timer2_Config_PARM_3:
      00000C                        480 	.ds 2
      00000E                        481 _TIM_Timer3_Config_PARM_2:
      00000E                        482 	.ds 1
      00000F                        483 _TIM_Timer3_Config_PARM_3:
      00000F                        484 	.ds 2
      000011                        485 _TIM_Timer3_Config_PARM_4:
      000011                        486 	.ds 1
      000012                        487 _TIM_Timer4_Config_PARM_2:
      000012                        488 	.ds 1
      000013                        489 _TIM_Timer4_Config_PARM_3:
      000013                        490 	.ds 2
      000015                        491 _TIM_Timer4_Config_PARM_4:
      000015                        492 	.ds 1
                                    493 ;--------------------------------------------------------
                                    494 ; overlayable items in internal ram
                                    495 ;--------------------------------------------------------
                                    496 ;--------------------------------------------------------
                                    497 ; indirectly addressable internal ram data
                                    498 ;--------------------------------------------------------
                                    499 	.area ISEG    (DATA)
                                    500 ;--------------------------------------------------------
                                    501 ; absolute internal ram data
                                    502 ;--------------------------------------------------------
                                    503 	.area IABS    (ABS,DATA)
                                    504 	.area IABS    (ABS,DATA)
                                    505 ;--------------------------------------------------------
                                    506 ; bit data
                                    507 ;--------------------------------------------------------
                                    508 	.area BSEG    (BIT)
                                    509 ;--------------------------------------------------------
                                    510 ; paged external ram data
                                    511 ;--------------------------------------------------------
                                    512 	.area PSEG    (PAG,XDATA)
                                    513 ;--------------------------------------------------------
                                    514 ; uninitialized external ram data
                                    515 ;--------------------------------------------------------
                                    516 	.area XSEG    (XDATA)
                                    517 ;--------------------------------------------------------
                                    518 ; absolute external ram data
                                    519 ;--------------------------------------------------------
                                    520 	.area XABS    (ABS,XDATA)
                                    521 ;--------------------------------------------------------
                                    522 ; initialized external ram data
                                    523 ;--------------------------------------------------------
                                    524 	.area XISEG   (XDATA)
                                    525 	.area HOME    (CODE)
                                    526 	.area GSINIT0 (CODE)
                                    527 	.area GSINIT1 (CODE)
                                    528 	.area GSINIT2 (CODE)
                                    529 	.area GSINIT3 (CODE)
                                    530 	.area GSINIT4 (CODE)
                                    531 	.area GSINIT5 (CODE)
                                    532 	.area GSINIT  (CODE)
                                    533 	.area GSFINAL (CODE)
                                    534 	.area CSEG    (CODE)
                                    535 ;--------------------------------------------------------
                                    536 ; global & static initialisations
                                    537 ;--------------------------------------------------------
                                    538 	.area HOME    (CODE)
                                    539 	.area GSINIT  (CODE)
                                    540 	.area GSFINAL (CODE)
                                    541 	.area GSINIT  (CODE)
                                    542 ;--------------------------------------------------------
                                    543 ; Home
                                    544 ;--------------------------------------------------------
                                    545 	.area HOME    (CODE)
                                    546 	.area HOME    (CODE)
                                    547 ;--------------------------------------------------------
                                    548 ; code
                                    549 ;--------------------------------------------------------
                                    550 	.area CSEG    (CODE)
                                    551 ;------------------------------------------------------------
                                    552 ;Allocation info for local variables in function 'TIM_Timer0n1_CalculateInitValue'
                                    553 ;------------------------------------------------------------
                                    554 ;freq1t                    Allocated with name '_TIM_Timer0n1_CalculateInitValue_PARM_2'
                                    555 ;limit                     Allocated with name '_TIM_Timer0n1_CalculateInitValue_PARM_3'
                                    556 ;frequency                 Allocated to registers r6 r7 
                                    557 ;value                     Allocated to registers r4 r5 r6 r7 
                                    558 ;------------------------------------------------------------
                                    559 ;	lib\FwLib_STC8\src\fw_tim.c:26: int16_t TIM_Timer0n1_CalculateInitValue(uint16_t frequency, HAL_State_t freq1t, uint16_t limit)
                                    560 ;	-----------------------------------------
                                    561 ;	 function TIM_Timer0n1_CalculateInitValue
                                    562 ;	-----------------------------------------
      000000                        563 _TIM_Timer0n1_CalculateInitValue:
                           000007   564 	ar7 = 0x07
                           000006   565 	ar6 = 0x06
                           000005   566 	ar5 = 0x05
                           000004   567 	ar4 = 0x04
                           000003   568 	ar3 = 0x03
                           000002   569 	ar2 = 0x02
                           000001   570 	ar1 = 0x01
                           000000   571 	ar0 = 0x00
      000000 AE 82            [24]  572 	mov	r6, dpl
      000002 AF 83            [24]  573 	mov	r7, dph
                                    574 ;	lib\FwLib_STC8\src\fw_tim.c:28: uint32_t value = __SYSCLOCK;
      000004 7A 00            [12]  575 	mov	r2,#0x00
      000006 7B C0            [12]  576 	mov	r3,#0xc0
      000008 7C A8            [12]  577 	mov	r4,#0xa8
      00000A 7D 00            [12]  578 	mov	r5,#0x00
                                    579 ;	lib\FwLib_STC8\src\fw_tim.c:29: if (!freq1t)
      00000C E5*00            [12]  580 	mov	a,_TIM_Timer0n1_CalculateInitValue_PARM_2
                                    581 ;	lib\FwLib_STC8\src\fw_tim.c:30: value = value / 12;
      00000E 70 06            [24]  582 	jnz	00102$
      000010 FA               [12]  583 	mov	r2,a
      000011 7B 10            [12]  584 	mov	r3,#0x10
      000013 7C 0E            [12]  585 	mov	r4,#0x0e
      000015 FD               [12]  586 	mov	r5,a
      000016                        587 00102$:
                                    588 ;	lib\FwLib_STC8\src\fw_tim.c:31: value = value / frequency;
      000016 8E*00            [24]  589 	mov	__divulong_PARM_2,r6
      000018 8F*01            [24]  590 	mov	(__divulong_PARM_2 + 1),r7
      00001A 75*02 00         [24]  591 	mov	(__divulong_PARM_2 + 2),#0x00
      00001D 75*03 00         [24]  592 	mov	(__divulong_PARM_2 + 3),#0x00
                                    593 ;	lib\FwLib_STC8\src\fw_tim.c:32: if (value > limit)
      000020 8A 82            [24]  594 	mov	dpl, r2
      000022 8B 83            [24]  595 	mov	dph, r3
      000024 8C F0            [24]  596 	mov	b, r4
      000026 ED               [12]  597 	mov	a, r5
      000027 12r00r00         [24]  598 	lcall	__divulong
      00002A AC 82            [24]  599 	mov	r4, dpl
      00002C AD 83            [24]  600 	mov	r5, dph
      00002E AE F0            [24]  601 	mov	r6, b
      000030 FF               [12]  602 	mov	r7, a
      000031 A8*01            [24]  603 	mov	r0,_TIM_Timer0n1_CalculateInitValue_PARM_3
      000033 A9*02            [24]  604 	mov	r1,(_TIM_Timer0n1_CalculateInitValue_PARM_3 + 1)
      000035 7A 00            [12]  605 	mov	r2,#0x00
      000037 7B 00            [12]  606 	mov	r3,#0x00
      000039 C3               [12]  607 	clr	c
      00003A E8               [12]  608 	mov	a,r0
      00003B 9C               [12]  609 	subb	a,r4
      00003C E9               [12]  610 	mov	a,r1
      00003D 9D               [12]  611 	subb	a,r5
      00003E EA               [12]  612 	mov	a,r2
      00003F 9E               [12]  613 	subb	a,r6
      000040 EB               [12]  614 	mov	a,r3
      000041 9F               [12]  615 	subb	a,r7
      000042 50 04            [24]  616 	jnc	00104$
                                    617 ;	lib\FwLib_STC8\src\fw_tim.c:33: return 0;
      000044 90 00 00         [24]  618 	mov	dptr,#0x0000
      000047 22               [24]  619 	ret
      000048                        620 00104$:
                                    621 ;	lib\FwLib_STC8\src\fw_tim.c:35: return limit - value;
      000048 AA*01            [24]  622 	mov	r2,_TIM_Timer0n1_CalculateInitValue_PARM_3
      00004A AB*02            [24]  623 	mov	r3,(_TIM_Timer0n1_CalculateInitValue_PARM_3 + 1)
      00004C EA               [12]  624 	mov	a,r2
      00004D C3               [12]  625 	clr	c
      00004E 9C               [12]  626 	subb	a,r4
      00004F F5 82            [12]  627 	mov	dpl,a
      000051 EB               [12]  628 	mov	a,r3
      000052 9D               [12]  629 	subb	a,r5
      000053 F5 83            [12]  630 	mov	dph,a
                                    631 ;	lib\FwLib_STC8\src\fw_tim.c:36: }
      000055 22               [24]  632 	ret
                                    633 ;------------------------------------------------------------
                                    634 ;Allocation info for local variables in function 'TIM_Timer0_Config'
                                    635 ;------------------------------------------------------------
                                    636 ;mode                      Allocated with name '_TIM_Timer0_Config_PARM_2'
                                    637 ;frequency                 Allocated with name '_TIM_Timer0_Config_PARM_3'
                                    638 ;freq1t                    Allocated to registers r7 
                                    639 ;init                      Allocated to registers r6 r7 
                                    640 ;------------------------------------------------------------
                                    641 ;	lib\FwLib_STC8\src\fw_tim.c:38: void TIM_Timer0_Config(HAL_State_t freq1t, TIM_TimerMode_t mode, uint16_t frequency)
                                    642 ;	-----------------------------------------
                                    643 ;	 function TIM_Timer0_Config
                                    644 ;	-----------------------------------------
      000056                        645 _TIM_Timer0_Config:
      000056 AF 82            [24]  646 	mov	r7, dpl
                                    647 ;	lib\FwLib_STC8\src\fw_tim.c:41: TIM_Timer0_Set1TMode(freq1t);
      000058 74 7F            [12]  648 	mov	a,#0x7f
      00005A 55 8E            [12]  649 	anl	a,_AUXR
      00005C FE               [12]  650 	mov	r6,a
      00005D 8F 05            [24]  651 	mov	ar5,r7
      00005F ED               [12]  652 	mov	a,r5
      000060 03               [12]  653 	rr	a
      000061 54 80            [12]  654 	anl	a,#0x80
      000063 4E               [12]  655 	orl	a,r6
      000064 F5 8E            [12]  656 	mov	_AUXR,a
                                    657 ;	lib\FwLib_STC8\src\fw_tim.c:42: TIM_Timer0_SetMode(mode);
      000066 74 FC            [12]  658 	mov	a,#0xfc
      000068 55 89            [12]  659 	anl	a,_TMOD
      00006A FE               [12]  660 	mov	r6,a
      00006B E5*03            [12]  661 	mov	a,_TIM_Timer0_Config_PARM_2
      00006D 4E               [12]  662 	orl	a,r6
      00006E F5 89            [12]  663 	mov	_TMOD,a
                                    664 ;	lib\FwLib_STC8\src\fw_tim.c:43: if (mode == TIM_TimerMode_8BitAuto)
      000070 74 02            [12]  665 	mov	a,#0x02
      000072 B5*03 18         [24]  666 	cjne	a,_TIM_Timer0_Config_PARM_2,00108$
                                    667 ;	lib\FwLib_STC8\src\fw_tim.c:45: init = TIM_Timer0n1_CalculateInitValue(frequency, freq1t, 0xFF);
      000075 8F*00            [24]  668 	mov	_TIM_Timer0n1_CalculateInitValue_PARM_2,r7
      000077 75*01 FF         [24]  669 	mov	_TIM_Timer0n1_CalculateInitValue_PARM_3,#0xff
      00007A 75*02 00         [24]  670 	mov	(_TIM_Timer0n1_CalculateInitValue_PARM_3 + 1),#0x00
      00007D 85*04 82         [24]  671 	mov	dpl, _TIM_Timer0_Config_PARM_3
      000080 85*05 83         [24]  672 	mov	dph, (_TIM_Timer0_Config_PARM_3 + 1)
      000083 12r00r00         [24]  673 	lcall	_TIM_Timer0n1_CalculateInitValue
      000086 AD 82            [24]  674 	mov	r5, dpl
                                    675 ;	lib\FwLib_STC8\src\fw_tim.c:46: TIM_Timer0_SetInitValue(init & 0xFF, init & 0xFF);
      000088 8D 8C            [24]  676 	mov	_TH0,r5
      00008A 8D 8A            [24]  677 	mov	_TL0,r5
      00008C 22               [24]  678 	ret
      00008D                        679 00108$:
                                    680 ;	lib\FwLib_STC8\src\fw_tim.c:50: init = TIM_Timer0n1_CalculateInitValue(frequency, freq1t, 0xFFFF);
      00008D 8F*00            [24]  681 	mov	_TIM_Timer0n1_CalculateInitValue_PARM_2,r7
      00008F 75*01 FF         [24]  682 	mov	_TIM_Timer0n1_CalculateInitValue_PARM_3,#0xff
      000092 75*02 FF         [24]  683 	mov	(_TIM_Timer0n1_CalculateInitValue_PARM_3 + 1),#0xff
      000095 85*04 82         [24]  684 	mov	dpl, _TIM_Timer0_Config_PARM_3
      000098 85*05 83         [24]  685 	mov	dph, (_TIM_Timer0_Config_PARM_3 + 1)
      00009B 12r00r00         [24]  686 	lcall	_TIM_Timer0n1_CalculateInitValue
      00009E AE 82            [24]  687 	mov	r6, dpl
      0000A0 AF 83            [24]  688 	mov	r7, dph
                                    689 ;	lib\FwLib_STC8\src\fw_tim.c:51: TIM_Timer0_SetInitValue(init >> 8, init & 0xFF);
      0000A2 8F 8C            [24]  690 	mov	_TH0,r7
      0000A4 8E 8A            [24]  691 	mov	_TL0,r6
                                    692 ;	lib\FwLib_STC8\src\fw_tim.c:53: }
      0000A6 22               [24]  693 	ret
                                    694 ;------------------------------------------------------------
                                    695 ;Allocation info for local variables in function 'TIM_Timer1_Config'
                                    696 ;------------------------------------------------------------
                                    697 ;mode                      Allocated with name '_TIM_Timer1_Config_PARM_2'
                                    698 ;frequency                 Allocated with name '_TIM_Timer1_Config_PARM_3'
                                    699 ;freq1t                    Allocated to registers r7 
                                    700 ;init                      Allocated to registers r6 r7 
                                    701 ;------------------------------------------------------------
                                    702 ;	lib\FwLib_STC8\src\fw_tim.c:55: void TIM_Timer1_Config(HAL_State_t freq1t, TIM_TimerMode_t mode, uint16_t frequency)
                                    703 ;	-----------------------------------------
                                    704 ;	 function TIM_Timer1_Config
                                    705 ;	-----------------------------------------
      0000A7                        706 _TIM_Timer1_Config:
      0000A7 AF 82            [24]  707 	mov	r7, dpl
                                    708 ;	lib\FwLib_STC8\src\fw_tim.c:58: TIM_Timer1_Set1TMode(freq1t);
      0000A9 74 BF            [12]  709 	mov	a,#0xbf
      0000AB 55 8E            [12]  710 	anl	a,_AUXR
      0000AD FE               [12]  711 	mov	r6,a
      0000AE 8F 05            [24]  712 	mov	ar5,r7
      0000B0 ED               [12]  713 	mov	a,r5
      0000B1 03               [12]  714 	rr	a
      0000B2 03               [12]  715 	rr	a
      0000B3 54 C0            [12]  716 	anl	a,#0xc0
      0000B5 4E               [12]  717 	orl	a,r6
      0000B6 F5 8E            [12]  718 	mov	_AUXR,a
                                    719 ;	lib\FwLib_STC8\src\fw_tim.c:59: TIM_Timer1_SetMode(mode);
      0000B8 74 CF            [12]  720 	mov	a,#0xcf
      0000BA 55 89            [12]  721 	anl	a,_TMOD
      0000BC FE               [12]  722 	mov	r6,a
      0000BD E5*06            [12]  723 	mov	a,_TIM_Timer1_Config_PARM_2
      0000BF C4               [12]  724 	swap	a
      0000C0 54 F0            [12]  725 	anl	a,#0xf0
      0000C2 4E               [12]  726 	orl	a,r6
      0000C3 F5 89            [12]  727 	mov	_TMOD,a
                                    728 ;	lib\FwLib_STC8\src\fw_tim.c:60: if (mode == TIM_TimerMode_8BitAuto)
      0000C5 74 02            [12]  729 	mov	a,#0x02
      0000C7 B5*06 18         [24]  730 	cjne	a,_TIM_Timer1_Config_PARM_2,00108$
                                    731 ;	lib\FwLib_STC8\src\fw_tim.c:62: init = TIM_Timer0n1_CalculateInitValue(frequency, freq1t, 0xFF);
      0000CA 8F*00            [24]  732 	mov	_TIM_Timer0n1_CalculateInitValue_PARM_2,r7
      0000CC 75*01 FF         [24]  733 	mov	_TIM_Timer0n1_CalculateInitValue_PARM_3,#0xff
      0000CF 75*02 00         [24]  734 	mov	(_TIM_Timer0n1_CalculateInitValue_PARM_3 + 1),#0x00
      0000D2 85*07 82         [24]  735 	mov	dpl, _TIM_Timer1_Config_PARM_3
      0000D5 85*08 83         [24]  736 	mov	dph, (_TIM_Timer1_Config_PARM_3 + 1)
      0000D8 12r00r00         [24]  737 	lcall	_TIM_Timer0n1_CalculateInitValue
      0000DB AD 82            [24]  738 	mov	r5, dpl
                                    739 ;	lib\FwLib_STC8\src\fw_tim.c:63: TIM_Timer1_SetInitValue(init & 0xFF, init & 0xFF);
      0000DD 8D 8D            [24]  740 	mov	_TH1,r5
      0000DF 8D 8B            [24]  741 	mov	_TL1,r5
      0000E1 22               [24]  742 	ret
      0000E2                        743 00108$:
                                    744 ;	lib\FwLib_STC8\src\fw_tim.c:67: init = TIM_Timer0n1_CalculateInitValue(frequency, freq1t, 0xFF);
      0000E2 8F*00            [24]  745 	mov	_TIM_Timer0n1_CalculateInitValue_PARM_2,r7
      0000E4 75*01 FF         [24]  746 	mov	_TIM_Timer0n1_CalculateInitValue_PARM_3,#0xff
      0000E7 75*02 00         [24]  747 	mov	(_TIM_Timer0n1_CalculateInitValue_PARM_3 + 1),#0x00
      0000EA 85*07 82         [24]  748 	mov	dpl, _TIM_Timer1_Config_PARM_3
      0000ED 85*08 83         [24]  749 	mov	dph, (_TIM_Timer1_Config_PARM_3 + 1)
      0000F0 12r00r00         [24]  750 	lcall	_TIM_Timer0n1_CalculateInitValue
      0000F3 AE 82            [24]  751 	mov	r6, dpl
      0000F5 AF 83            [24]  752 	mov	r7, dph
                                    753 ;	lib\FwLib_STC8\src\fw_tim.c:68: TIM_Timer1_SetInitValue(init >> 8, init & 0xFF);
      0000F7 8F 8D            [24]  754 	mov	_TH1,r7
      0000F9 8E 8B            [24]  755 	mov	_TL1,r6
                                    756 ;	lib\FwLib_STC8\src\fw_tim.c:70: }
      0000FB 22               [24]  757 	ret
                                    758 ;------------------------------------------------------------
                                    759 ;Allocation info for local variables in function '_TIM_Timer234_InitValueCalculate'
                                    760 ;------------------------------------------------------------
                                    761 ;prescaler                 Allocated with name '__TIM_Timer234_InitValueCalculate_PARM_2'
                                    762 ;freq1t                    Allocated with name '__TIM_Timer234_InitValueCalculate_PARM_3'
                                    763 ;frequency                 Allocated to registers r6 r7 
                                    764 ;value                     Allocated to registers r4 r5 r6 r7 
                                    765 ;------------------------------------------------------------
                                    766 ;	lib\FwLib_STC8\src\fw_tim.c:72: int16_t _TIM_Timer234_InitValueCalculate(
                                    767 ;	-----------------------------------------
                                    768 ;	 function _TIM_Timer234_InitValueCalculate
                                    769 ;	-----------------------------------------
      0000FC                        770 __TIM_Timer234_InitValueCalculate:
      0000FC AE 82            [24]  771 	mov	r6, dpl
      0000FE AF 83            [24]  772 	mov	r7, dph
                                    773 ;	lib\FwLib_STC8\src\fw_tim.c:75: uint32_t value = __SYSCLOCK;
      000100 7A 00            [12]  774 	mov	r2,#0x00
      000102 7B C0            [12]  775 	mov	r3,#0xc0
      000104 7C A8            [12]  776 	mov	r4,#0xa8
      000106 7D 00            [12]  777 	mov	r5,#0x00
                                    778 ;	lib\FwLib_STC8\src\fw_tim.c:76: if (!freq1t)
      000108 E5*0A            [12]  779 	mov	a,__TIM_Timer234_InitValueCalculate_PARM_3
                                    780 ;	lib\FwLib_STC8\src\fw_tim.c:77: value = value / 12;
      00010A 70 06            [24]  781 	jnz	00102$
      00010C FA               [12]  782 	mov	r2,a
      00010D 7B 10            [12]  783 	mov	r3,#0x10
      00010F 7C 0E            [12]  784 	mov	r4,#0x0e
      000111 FD               [12]  785 	mov	r5,a
      000112                        786 00102$:
                                    787 ;	lib\FwLib_STC8\src\fw_tim.c:78: value = value / ((prescaler + 1) * frequency);
      000112 A8*09            [24]  788 	mov	r0,__TIM_Timer234_InitValueCalculate_PARM_2
      000114 79 00            [12]  789 	mov	r1,#0x00
      000116 08               [12]  790 	inc	r0
      000117 B8 00 01         [24]  791 	cjne	r0,#0x00,00123$
      00011A 09               [12]  792 	inc	r1
      00011B                        793 00123$:
      00011B 88 82            [24]  794 	mov	dpl,r0
      00011D 89 83            [24]  795 	mov	dph,r1
      00011F 8E*00            [24]  796 	mov	__mulint_PARM_2,r6
      000121 8F*01            [24]  797 	mov	(__mulint_PARM_2 + 1),r7
      000123 C0 05            [24]  798 	push	ar5
      000125 C0 04            [24]  799 	push	ar4
      000127 C0 03            [24]  800 	push	ar3
      000129 C0 02            [24]  801 	push	ar2
      00012B 12r00r00         [24]  802 	lcall	__mulint
      00012E AE 82            [24]  803 	mov	r6, dpl
      000130 AF 83            [24]  804 	mov	r7, dph
      000132 D0 02            [24]  805 	pop	ar2
      000134 D0 03            [24]  806 	pop	ar3
      000136 D0 04            [24]  807 	pop	ar4
      000138 D0 05            [24]  808 	pop	ar5
      00013A 8E*00            [24]  809 	mov	__divulong_PARM_2,r6
      00013C 8F*01            [24]  810 	mov	(__divulong_PARM_2 + 1),r7
      00013E 75*02 00         [24]  811 	mov	(__divulong_PARM_2 + 2),#0x00
      000141 75*03 00         [24]  812 	mov	(__divulong_PARM_2 + 3),#0x00
                                    813 ;	lib\FwLib_STC8\src\fw_tim.c:80: if (value > 0xFFFF)
      000144 8A 82            [24]  814 	mov	dpl, r2
      000146 8B 83            [24]  815 	mov	dph, r3
      000148 8C F0            [24]  816 	mov	b, r4
      00014A ED               [12]  817 	mov	a, r5
      00014B 12r00r00         [24]  818 	lcall	__divulong
      00014E AC 82            [24]  819 	mov	r4, dpl
      000150 AD 83            [24]  820 	mov	r5, dph
      000152 AE F0            [24]  821 	mov	r6, b
      000154 FF               [12]  822 	mov	r7, a
      000155 C3               [12]  823 	clr	c
      000156 74 FF            [12]  824 	mov	a,#0xff
      000158 9C               [12]  825 	subb	a,r4
      000159 74 FF            [12]  826 	mov	a,#0xff
      00015B 9D               [12]  827 	subb	a,r5
      00015C E4               [12]  828 	clr	a
      00015D 9E               [12]  829 	subb	a,r6
      00015E E4               [12]  830 	clr	a
      00015F 9F               [12]  831 	subb	a,r7
      000160 50 04            [24]  832 	jnc	00104$
                                    833 ;	lib\FwLib_STC8\src\fw_tim.c:81: return 0;
      000162 90 00 00         [24]  834 	mov	dptr,#0x0000
      000165 22               [24]  835 	ret
      000166                        836 00104$:
                                    837 ;	lib\FwLib_STC8\src\fw_tim.c:83: return 0xFFFF - value;
      000166 74 FF            [12]  838 	mov	a,#0xff
      000168 C3               [12]  839 	clr	c
      000169 9C               [12]  840 	subb	a,r4
      00016A F5 82            [12]  841 	mov	dpl,a
      00016C 74 FF            [12]  842 	mov	a,#0xff
      00016E 9D               [12]  843 	subb	a,r5
      00016F F5 83            [12]  844 	mov	dph,a
                                    845 ;	lib\FwLib_STC8\src\fw_tim.c:84: }
      000171 22               [24]  846 	ret
                                    847 ;------------------------------------------------------------
                                    848 ;Allocation info for local variables in function 'TIM_Timer2_Config'
                                    849 ;------------------------------------------------------------
                                    850 ;prescaler                 Allocated with name '_TIM_Timer2_Config_PARM_2'
                                    851 ;frequency                 Allocated with name '_TIM_Timer2_Config_PARM_3'
                                    852 ;freq1t                    Allocated to registers r7 
                                    853 ;init                      Allocated to registers r5 r6 
                                    854 ;------------------------------------------------------------
                                    855 ;	lib\FwLib_STC8\src\fw_tim.c:93: void TIM_Timer2_Config(HAL_State_t freq1t, uint8_t prescaler, uint16_t frequency)
                                    856 ;	-----------------------------------------
                                    857 ;	 function TIM_Timer2_Config
                                    858 ;	-----------------------------------------
      000172                        859 _TIM_Timer2_Config:
      000172 AF 82            [24]  860 	mov	r7, dpl
                                    861 ;	lib\FwLib_STC8\src\fw_tim.c:95: uint16_t init = _TIM_Timer234_InitValueCalculate(frequency, prescaler, freq1t);
      000174 85*0B*09         [24]  862 	mov	__TIM_Timer234_InitValueCalculate_PARM_2,_TIM_Timer2_Config_PARM_2
      000177 8F*0A            [24]  863 	mov	__TIM_Timer234_InitValueCalculate_PARM_3,r7
      000179 85*0C 82         [24]  864 	mov	dpl, _TIM_Timer2_Config_PARM_3
      00017C 85*0D 83         [24]  865 	mov	dph, (_TIM_Timer2_Config_PARM_3 + 1)
      00017F C0 07            [24]  866 	push	ar7
      000181 12r00rFC         [24]  867 	lcall	__TIM_Timer234_InitValueCalculate
      000184 AD 82            [24]  868 	mov	r5, dpl
      000186 AE 83            [24]  869 	mov	r6, dph
      000188 D0 07            [24]  870 	pop	ar7
                                    871 ;	lib\FwLib_STC8\src\fw_tim.c:96: TIM_Timer2_Set1TMode(freq1t);
      00018A 74 FB            [12]  872 	mov	a,#0xfb
      00018C 55 8E            [12]  873 	anl	a,_AUXR
      00018E FC               [12]  874 	mov	r4,a
      00018F EF               [12]  875 	mov	a,r7
      000190 2F               [12]  876 	add	a,r7
      000191 25 E0            [12]  877 	add	a,acc
      000193 4C               [12]  878 	orl	a,r4
      000194 F5 8E            [12]  879 	mov	_AUXR,a
                                    880 ;	lib\FwLib_STC8\src\fw_tim.c:97: TIM_Timer2_SetPreScaler(prescaler);
      000196 43 BA 80         [24]  881 	orl	_P_SW2,#0x80
      000199 90 FE A2         [24]  882 	mov	dptr,#0xfea2
      00019C E5*0B            [12]  883 	mov	a,_TIM_Timer2_Config_PARM_2
      00019E F0               [24]  884 	movx	@dptr,a
      00019F 53 BA 7F         [24]  885 	anl	_P_SW2,#0x7f
                                    886 ;	lib\FwLib_STC8\src\fw_tim.c:98: TIM_Timer2_SetInitValue(init >> 8, init & 0xFF);
      0001A2 8E D6            [24]  887 	mov	_T2H,r6
      0001A4 8D D7            [24]  888 	mov	_T2L,r5
                                    889 ;	lib\FwLib_STC8\src\fw_tim.c:99: }
      0001A6 22               [24]  890 	ret
                                    891 ;------------------------------------------------------------
                                    892 ;Allocation info for local variables in function 'TIM_Timer3_Config'
                                    893 ;------------------------------------------------------------
                                    894 ;prescaler                 Allocated with name '_TIM_Timer3_Config_PARM_2'
                                    895 ;frequency                 Allocated with name '_TIM_Timer3_Config_PARM_3'
                                    896 ;intState                  Allocated with name '_TIM_Timer3_Config_PARM_4'
                                    897 ;freq1t                    Allocated to registers r7 
                                    898 ;init                      Allocated to registers r5 r6 
                                    899 ;------------------------------------------------------------
                                    900 ;	lib\FwLib_STC8\src\fw_tim.c:101: void TIM_Timer3_Config(
                                    901 ;	-----------------------------------------
                                    902 ;	 function TIM_Timer3_Config
                                    903 ;	-----------------------------------------
      0001A7                        904 _TIM_Timer3_Config:
      0001A7 AF 82            [24]  905 	mov	r7, dpl
                                    906 ;	lib\FwLib_STC8\src\fw_tim.c:104: uint16_t init = _TIM_Timer234_InitValueCalculate(frequency, prescaler, freq1t);
      0001A9 85*0E*09         [24]  907 	mov	__TIM_Timer234_InitValueCalculate_PARM_2,_TIM_Timer3_Config_PARM_2
      0001AC 8F*0A            [24]  908 	mov	__TIM_Timer234_InitValueCalculate_PARM_3,r7
      0001AE 85*0F 82         [24]  909 	mov	dpl, _TIM_Timer3_Config_PARM_3
      0001B1 85*10 83         [24]  910 	mov	dph, (_TIM_Timer3_Config_PARM_3 + 1)
      0001B4 C0 07            [24]  911 	push	ar7
      0001B6 12r00rFC         [24]  912 	lcall	__TIM_Timer234_InitValueCalculate
      0001B9 AD 82            [24]  913 	mov	r5, dpl
      0001BB AE 83            [24]  914 	mov	r6, dph
      0001BD D0 07            [24]  915 	pop	ar7
                                    916 ;	lib\FwLib_STC8\src\fw_tim.c:105: TIM_Timer3_Set1TMode(freq1t);
      0001BF 74 FD            [12]  917 	mov	a,#0xfd
      0001C1 55 D1            [12]  918 	anl	a,_T4T3M
      0001C3 FC               [12]  919 	mov	r4,a
      0001C4 EF               [12]  920 	mov	a,r7
      0001C5 2F               [12]  921 	add	a,r7
      0001C6 4C               [12]  922 	orl	a,r4
      0001C7 F5 D1            [12]  923 	mov	_T4T3M,a
                                    924 ;	lib\FwLib_STC8\src\fw_tim.c:106: TIM_Timer3_SetPreScaler(prescaler);
      0001C9 43 BA 80         [24]  925 	orl	_P_SW2,#0x80
      0001CC 90 FE A3         [24]  926 	mov	dptr,#0xfea3
      0001CF E5*0E            [12]  927 	mov	a,_TIM_Timer3_Config_PARM_2
      0001D1 F0               [24]  928 	movx	@dptr,a
      0001D2 53 BA 7F         [24]  929 	anl	_P_SW2,#0x7f
                                    930 ;	lib\FwLib_STC8\src\fw_tim.c:107: TIM_Timer3_SetInitValue(init >> 8, init & 0xFF);
      0001D5 8E D4            [24]  931 	mov	_T3H,r6
      0001D7 8D D5            [24]  932 	mov	_T3L,r5
                                    933 ;	lib\FwLib_STC8\src\fw_tim.c:108: EXTI_Timer3_SetIntState(intState);
      0001D9 74 DF            [12]  934 	mov	a,#0xdf
      0001DB 55 AF            [12]  935 	anl	a,_IE2
      0001DD FF               [12]  936 	mov	r7,a
      0001DE E5*11            [12]  937 	mov	a,_TIM_Timer3_Config_PARM_4
      0001E0 C4               [12]  938 	swap	a
      0001E1 23               [12]  939 	rl	a
      0001E2 54 E0            [12]  940 	anl	a,#0xe0
      0001E4 4F               [12]  941 	orl	a,r7
      0001E5 F5 AF            [12]  942 	mov	_IE2,a
                                    943 ;	lib\FwLib_STC8\src\fw_tim.c:109: }
      0001E7 22               [24]  944 	ret
                                    945 ;------------------------------------------------------------
                                    946 ;Allocation info for local variables in function 'TIM_Timer4_Config'
                                    947 ;------------------------------------------------------------
                                    948 ;prescaler                 Allocated with name '_TIM_Timer4_Config_PARM_2'
                                    949 ;frequency                 Allocated with name '_TIM_Timer4_Config_PARM_3'
                                    950 ;intState                  Allocated with name '_TIM_Timer4_Config_PARM_4'
                                    951 ;freq1t                    Allocated to registers r7 
                                    952 ;init                      Allocated to registers r5 r6 
                                    953 ;------------------------------------------------------------
                                    954 ;	lib\FwLib_STC8\src\fw_tim.c:111: void TIM_Timer4_Config(
                                    955 ;	-----------------------------------------
                                    956 ;	 function TIM_Timer4_Config
                                    957 ;	-----------------------------------------
      0001E8                        958 _TIM_Timer4_Config:
      0001E8 AF 82            [24]  959 	mov	r7, dpl
                                    960 ;	lib\FwLib_STC8\src\fw_tim.c:114: uint16_t init = _TIM_Timer234_InitValueCalculate(frequency, prescaler, freq1t);
      0001EA 85*12*09         [24]  961 	mov	__TIM_Timer234_InitValueCalculate_PARM_2,_TIM_Timer4_Config_PARM_2
      0001ED 8F*0A            [24]  962 	mov	__TIM_Timer234_InitValueCalculate_PARM_3,r7
      0001EF 85*13 82         [24]  963 	mov	dpl, _TIM_Timer4_Config_PARM_3
      0001F2 85*14 83         [24]  964 	mov	dph, (_TIM_Timer4_Config_PARM_3 + 1)
      0001F5 C0 07            [24]  965 	push	ar7
      0001F7 12r00rFC         [24]  966 	lcall	__TIM_Timer234_InitValueCalculate
      0001FA AD 82            [24]  967 	mov	r5, dpl
      0001FC AE 83            [24]  968 	mov	r6, dph
      0001FE D0 07            [24]  969 	pop	ar7
                                    970 ;	lib\FwLib_STC8\src\fw_tim.c:115: TIM_Timer4_Set1TMode(freq1t);
      000200 74 DF            [12]  971 	mov	a,#0xdf
      000202 55 D1            [12]  972 	anl	a,_T4T3M
      000204 FC               [12]  973 	mov	r4,a
      000205 EF               [12]  974 	mov	a,r7
      000206 C4               [12]  975 	swap	a
      000207 23               [12]  976 	rl	a
      000208 54 E0            [12]  977 	anl	a,#0xe0
      00020A 4C               [12]  978 	orl	a,r4
      00020B F5 D1            [12]  979 	mov	_T4T3M,a
                                    980 ;	lib\FwLib_STC8\src\fw_tim.c:116: TIM_Timer4_SetPreScaler(prescaler);
      00020D 43 BA 80         [24]  981 	orl	_P_SW2,#0x80
      000210 90 FE A4         [24]  982 	mov	dptr,#0xfea4
      000213 E5*12            [12]  983 	mov	a,_TIM_Timer4_Config_PARM_2
      000215 F0               [24]  984 	movx	@dptr,a
      000216 53 BA 7F         [24]  985 	anl	_P_SW2,#0x7f
                                    986 ;	lib\FwLib_STC8\src\fw_tim.c:117: TIM_Timer4_SetInitValue(init >> 8, init & 0xFF);
      000219 8E D2            [24]  987 	mov	_T4H,r6
      00021B 8D D3            [24]  988 	mov	_T4L,r5
                                    989 ;	lib\FwLib_STC8\src\fw_tim.c:118: EXTI_Timer4_SetIntState(intState);
      00021D 74 BF            [12]  990 	mov	a,#0xbf
      00021F 55 AF            [12]  991 	anl	a,_IE2
      000221 FF               [12]  992 	mov	r7,a
      000222 E5*15            [12]  993 	mov	a,_TIM_Timer4_Config_PARM_4
      000224 03               [12]  994 	rr	a
      000225 03               [12]  995 	rr	a
      000226 54 C0            [12]  996 	anl	a,#0xc0
      000228 4F               [12]  997 	orl	a,r7
      000229 F5 AF            [12]  998 	mov	_IE2,a
                                    999 ;	lib\FwLib_STC8\src\fw_tim.c:119: }
      00022B 22               [24] 1000 	ret
                                   1001 	.area CSEG    (CODE)
                                   1002 	.area CONST   (CODE)
                                   1003 	.area XINIT   (CODE)
                                   1004 	.area CABS    (ABS,CODE)
