                                      1 ;--------------------------------------------------------
                                      2 ; File Created by SDCC : free open source ISO C Compiler 
                                      3 ; Version 4.4.0 #14620 (MINGW32)
                                      4 ;--------------------------------------------------------
                                      5 	.module fw_uart
                                      6 	.optsdcc -mmcs51 --model-small
                                      7 	
                                      8 ;--------------------------------------------------------
                                      9 ; Public variables in this module
                                     10 ;--------------------------------------------------------
                                     11 	.globl __UART1_ConfigDynUart_PARM_3
                                     12 	.globl __UART1_ConfigDynUart_PARM_2
                                     13 	.globl _putchar
                                     14 	.globl __UART1_ConfigDynUart
                                     15 	.globl _P77
                                     16 	.globl _P76
                                     17 	.globl _P75
                                     18 	.globl _P74
                                     19 	.globl _P73
                                     20 	.globl _P72
                                     21 	.globl _P71
                                     22 	.globl _P70
                                     23 	.globl _P67
                                     24 	.globl _P66
                                     25 	.globl _P65
                                     26 	.globl _P64
                                     27 	.globl _P63
                                     28 	.globl _P62
                                     29 	.globl _P61
                                     30 	.globl _P60
                                     31 	.globl _P
                                     32 	.globl _F1
                                     33 	.globl _OV
                                     34 	.globl _RS0
                                     35 	.globl _RS1
                                     36 	.globl _F0
                                     37 	.globl _AC
                                     38 	.globl _CY
                                     39 	.globl _P57
                                     40 	.globl _P56
                                     41 	.globl _P55
                                     42 	.globl _P54
                                     43 	.globl _P53
                                     44 	.globl _P52
                                     45 	.globl _P51
                                     46 	.globl _P50
                                     47 	.globl _P47
                                     48 	.globl _P46
                                     49 	.globl _P45
                                     50 	.globl _P44
                                     51 	.globl _P43
                                     52 	.globl _P42
                                     53 	.globl _P41
                                     54 	.globl _P40
                                     55 	.globl _PX0
                                     56 	.globl _PT0
                                     57 	.globl _PX1
                                     58 	.globl _PT1
                                     59 	.globl _PS
                                     60 	.globl _PADC
                                     61 	.globl _PLVD
                                     62 	.globl _PPCA
                                     63 	.globl _P37
                                     64 	.globl _P36
                                     65 	.globl _P35
                                     66 	.globl _P34
                                     67 	.globl _P33
                                     68 	.globl _P32
                                     69 	.globl _P31
                                     70 	.globl _P30
                                     71 	.globl _EX0
                                     72 	.globl _ET0
                                     73 	.globl _EX1
                                     74 	.globl _ET1
                                     75 	.globl _ES
                                     76 	.globl _EADC
                                     77 	.globl _ELVD
                                     78 	.globl _EA
                                     79 	.globl _P27
                                     80 	.globl _P26
                                     81 	.globl _P25
                                     82 	.globl _P24
                                     83 	.globl _P23
                                     84 	.globl _P22
                                     85 	.globl _P21
                                     86 	.globl _P20
                                     87 	.globl _RI
                                     88 	.globl _TI
                                     89 	.globl _RB8
                                     90 	.globl _TB8
                                     91 	.globl _REN
                                     92 	.globl _SM2
                                     93 	.globl _SM1
                                     94 	.globl _SM0
                                     95 	.globl _P17
                                     96 	.globl _P16
                                     97 	.globl _P15
                                     98 	.globl _P14
                                     99 	.globl _P13
                                    100 	.globl _P12
                                    101 	.globl _P11
                                    102 	.globl _P10
                                    103 	.globl _IT0
                                    104 	.globl _IE0
                                    105 	.globl _IT1
                                    106 	.globl _IE1
                                    107 	.globl _TR0
                                    108 	.globl _TF0
                                    109 	.globl _TR1
                                    110 	.globl _TF1
                                    111 	.globl _P07
                                    112 	.globl _P06
                                    113 	.globl _P05
                                    114 	.globl _P04
                                    115 	.globl _P03
                                    116 	.globl _P02
                                    117 	.globl _P01
                                    118 	.globl _P00
                                    119 	.globl _RSTCFG
                                    120 	.globl _USBADR
                                    121 	.globl _IAP_TPS
                                    122 	.globl _USBCON
                                    123 	.globl _AUXINTIF
                                    124 	.globl _IP3H
                                    125 	.globl _USBDAT
                                    126 	.globl _CMPCR2
                                    127 	.globl _CMPCR1
                                    128 	.globl _DPH1
                                    129 	.globl _DPL1
                                    130 	.globl _DPS
                                    131 	.globl _P7M0
                                    132 	.globl _P7M1
                                    133 	.globl _IP3
                                    134 	.globl _ADCCFG
                                    135 	.globl _USBCLK
                                    136 	.globl _VRTRIM
                                    137 	.globl _P7
                                    138 	.globl _B
                                    139 	.globl _P6
                                    140 	.globl _ACC
                                    141 	.globl _T2L
                                    142 	.globl _T2H
                                    143 	.globl _T3L
                                    144 	.globl _T3H
                                    145 	.globl _T4L
                                    146 	.globl _T4H
                                    147 	.globl _T4T3M
                                    148 	.globl _PSW
                                    149 	.globl _SPDAT
                                    150 	.globl _SPCTL
                                    151 	.globl _SPSTAT
                                    152 	.globl _P6M0
                                    153 	.globl _P6M1
                                    154 	.globl _P5M0
                                    155 	.globl _P5M1
                                    156 	.globl _P5
                                    157 	.globl _IAP_CONTR
                                    158 	.globl _IAP_TRIG
                                    159 	.globl _IAP_CMD
                                    160 	.globl _IAP_ADDRL
                                    161 	.globl _IAP_ADDRH
                                    162 	.globl _IAP_DATA
                                    163 	.globl _WDT_CONTR
                                    164 	.globl _P4
                                    165 	.globl _ADC_RESL
                                    166 	.globl _ADC_RES
                                    167 	.globl _ADC_CONTR
                                    168 	.globl _P_SW2
                                    169 	.globl _SADEN
                                    170 	.globl _IP
                                    171 	.globl _IPH
                                    172 	.globl _IP2H
                                    173 	.globl _IP2
                                    174 	.globl _P4M0
                                    175 	.globl _P4M1
                                    176 	.globl _P3M0
                                    177 	.globl _P3M1
                                    178 	.globl _P3
                                    179 	.globl _IE2
                                    180 	.globl _TA
                                    181 	.globl _S3BUF
                                    182 	.globl _S3CON
                                    183 	.globl _WKTCH
                                    184 	.globl _WKTCL
                                    185 	.globl _SADDR
                                    186 	.globl _IE
                                    187 	.globl _P_SW1
                                    188 	.globl _BUS_SPEED
                                    189 	.globl _P2
                                    190 	.globl _IRTRIM
                                    191 	.globl _LIRTRIM
                                    192 	.globl _IRCBAND
                                    193 	.globl _S2BUF
                                    194 	.globl _S2CON
                                    195 	.globl _SBUF
                                    196 	.globl _SCON
                                    197 	.globl _P2M0
                                    198 	.globl _P2M1
                                    199 	.globl _P0M0
                                    200 	.globl _P0M1
                                    201 	.globl _P1M0
                                    202 	.globl _P1M1
                                    203 	.globl _P1
                                    204 	.globl _INTCLKO
                                    205 	.globl _AUXR
                                    206 	.globl _TH1
                                    207 	.globl _TH0
                                    208 	.globl _TL1
                                    209 	.globl _TL0
                                    210 	.globl _TMOD
                                    211 	.globl _TCON
                                    212 	.globl _PCON
                                    213 	.globl _S4BUF
                                    214 	.globl _S4CON
                                    215 	.globl _DPH
                                    216 	.globl _DPL
                                    217 	.globl _SP
                                    218 	.globl _P0
                                    219 	.globl _UART4_ConfigOnTimer4_PARM_2
                                    220 	.globl _UART4_ConfigOnTimer2_PARM_2
                                    221 	.globl _UART3_ConfigOnTimer3_PARM_2
                                    222 	.globl _UART3_ConfigOnTimer2_PARM_2
                                    223 	.globl _UART2_Config_PARM_2
                                    224 	.globl _UART1_Config9bitUart_PARM_3
                                    225 	.globl _UART1_Config9bitUart_PARM_2
                                    226 	.globl _UART1_Config8bitUart_PARM_3
                                    227 	.globl _UART1_Config8bitUart_PARM_2
                                    228 	.globl _UART_Timer_InitValueCalculate_PARM_3
                                    229 	.globl _UART_Timer_InitValueCalculate_PARM_2
                                    230 	.globl _UART_Timer_InitValueCalculate
                                    231 	.globl _UART1_Config8bitUart
                                    232 	.globl _UART1_Config9bitUart
                                    233 	.globl _UART1_TxChar
                                    234 	.globl _UART1_TxHex
                                    235 	.globl _UART1_TxString
                                    236 	.globl _UART2_Config
                                    237 	.globl _UART2_TxChar
                                    238 	.globl _UART2_TxHex
                                    239 	.globl _UART2_TxString
                                    240 	.globl _UART3_ConfigOnTimer2
                                    241 	.globl _UART3_ConfigOnTimer3
                                    242 	.globl _UART4_ConfigOnTimer2
                                    243 	.globl _UART4_ConfigOnTimer4
                                    244 ;--------------------------------------------------------
                                    245 ; special function registers
                                    246 ;--------------------------------------------------------
                                    247 	.area RSEG    (ABS,DATA)
      000000                        248 	.org 0x0000
                           000080   249 _P0	=	0x0080
                           000081   250 _SP	=	0x0081
                           000082   251 _DPL	=	0x0082
                           000083   252 _DPH	=	0x0083
                           000084   253 _S4CON	=	0x0084
                           000085   254 _S4BUF	=	0x0085
                           000087   255 _PCON	=	0x0087
                           000088   256 _TCON	=	0x0088
                           000089   257 _TMOD	=	0x0089
                           00008A   258 _TL0	=	0x008a
                           00008B   259 _TL1	=	0x008b
                           00008C   260 _TH0	=	0x008c
                           00008D   261 _TH1	=	0x008d
                           00008E   262 _AUXR	=	0x008e
                           00008F   263 _INTCLKO	=	0x008f
                           000090   264 _P1	=	0x0090
                           000091   265 _P1M1	=	0x0091
                           000092   266 _P1M0	=	0x0092
                           000093   267 _P0M1	=	0x0093
                           000094   268 _P0M0	=	0x0094
                           000095   269 _P2M1	=	0x0095
                           000096   270 _P2M0	=	0x0096
                           000098   271 _SCON	=	0x0098
                           000099   272 _SBUF	=	0x0099
                           00009A   273 _S2CON	=	0x009a
                           00009B   274 _S2BUF	=	0x009b
                           00009D   275 _IRCBAND	=	0x009d
                           00009E   276 _LIRTRIM	=	0x009e
                           00009F   277 _IRTRIM	=	0x009f
                           0000A0   278 _P2	=	0x00a0
                           0000A1   279 _BUS_SPEED	=	0x00a1
                           0000A2   280 _P_SW1	=	0x00a2
                           0000A8   281 _IE	=	0x00a8
                           0000A9   282 _SADDR	=	0x00a9
                           0000AA   283 _WKTCL	=	0x00aa
                           0000AB   284 _WKTCH	=	0x00ab
                           0000AC   285 _S3CON	=	0x00ac
                           0000AD   286 _S3BUF	=	0x00ad
                           0000AE   287 _TA	=	0x00ae
                           0000AF   288 _IE2	=	0x00af
                           0000B0   289 _P3	=	0x00b0
                           0000B1   290 _P3M1	=	0x00b1
                           0000B2   291 _P3M0	=	0x00b2
                           0000B3   292 _P4M1	=	0x00b3
                           0000B4   293 _P4M0	=	0x00b4
                           0000B5   294 _IP2	=	0x00b5
                           0000B6   295 _IP2H	=	0x00b6
                           0000B7   296 _IPH	=	0x00b7
                           0000B8   297 _IP	=	0x00b8
                           0000B9   298 _SADEN	=	0x00b9
                           0000BA   299 _P_SW2	=	0x00ba
                           0000BC   300 _ADC_CONTR	=	0x00bc
                           0000BD   301 _ADC_RES	=	0x00bd
                           0000BE   302 _ADC_RESL	=	0x00be
                           0000C0   303 _P4	=	0x00c0
                           0000C1   304 _WDT_CONTR	=	0x00c1
                           0000C2   305 _IAP_DATA	=	0x00c2
                           0000C3   306 _IAP_ADDRH	=	0x00c3
                           0000C4   307 _IAP_ADDRL	=	0x00c4
                           0000C5   308 _IAP_CMD	=	0x00c5
                           0000C6   309 _IAP_TRIG	=	0x00c6
                           0000C7   310 _IAP_CONTR	=	0x00c7
                           0000C8   311 _P5	=	0x00c8
                           0000C9   312 _P5M1	=	0x00c9
                           0000CA   313 _P5M0	=	0x00ca
                           0000CB   314 _P6M1	=	0x00cb
                           0000CC   315 _P6M0	=	0x00cc
                           0000CD   316 _SPSTAT	=	0x00cd
                           0000CE   317 _SPCTL	=	0x00ce
                           0000CF   318 _SPDAT	=	0x00cf
                           0000D0   319 _PSW	=	0x00d0
                           0000D1   320 _T4T3M	=	0x00d1
                           0000D2   321 _T4H	=	0x00d2
                           0000D3   322 _T4L	=	0x00d3
                           0000D4   323 _T3H	=	0x00d4
                           0000D5   324 _T3L	=	0x00d5
                           0000D6   325 _T2H	=	0x00d6
                           0000D7   326 _T2L	=	0x00d7
                           0000E0   327 _ACC	=	0x00e0
                           0000E8   328 _P6	=	0x00e8
                           0000F0   329 _B	=	0x00f0
                           0000F8   330 _P7	=	0x00f8
                           0000A6   331 _VRTRIM	=	0x00a6
                           0000DC   332 _USBCLK	=	0x00dc
                           0000DE   333 _ADCCFG	=	0x00de
                           0000DF   334 _IP3	=	0x00df
                           0000E1   335 _P7M1	=	0x00e1
                           0000E2   336 _P7M0	=	0x00e2
                           0000E3   337 _DPS	=	0x00e3
                           0000E4   338 _DPL1	=	0x00e4
                           0000E5   339 _DPH1	=	0x00e5
                           0000E6   340 _CMPCR1	=	0x00e6
                           0000E7   341 _CMPCR2	=	0x00e7
                           0000EC   342 _USBDAT	=	0x00ec
                           0000EE   343 _IP3H	=	0x00ee
                           0000EF   344 _AUXINTIF	=	0x00ef
                           0000F4   345 _USBCON	=	0x00f4
                           0000F5   346 _IAP_TPS	=	0x00f5
                           0000FC   347 _USBADR	=	0x00fc
                           0000FF   348 _RSTCFG	=	0x00ff
                                    349 ;--------------------------------------------------------
                                    350 ; special function bits
                                    351 ;--------------------------------------------------------
                                    352 	.area RSEG    (ABS,DATA)
      000000                        353 	.org 0x0000
                           000080   354 _P00	=	0x0080
                           000081   355 _P01	=	0x0081
                           000082   356 _P02	=	0x0082
                           000083   357 _P03	=	0x0083
                           000084   358 _P04	=	0x0084
                           000085   359 _P05	=	0x0085
                           000086   360 _P06	=	0x0086
                           000087   361 _P07	=	0x0087
                           00008F   362 _TF1	=	0x008f
                           00008E   363 _TR1	=	0x008e
                           00008D   364 _TF0	=	0x008d
                           00008C   365 _TR0	=	0x008c
                           00008B   366 _IE1	=	0x008b
                           00008A   367 _IT1	=	0x008a
                           000089   368 _IE0	=	0x0089
                           000088   369 _IT0	=	0x0088
                           000090   370 _P10	=	0x0090
                           000091   371 _P11	=	0x0091
                           000092   372 _P12	=	0x0092
                           000093   373 _P13	=	0x0093
                           000094   374 _P14	=	0x0094
                           000095   375 _P15	=	0x0095
                           000096   376 _P16	=	0x0096
                           000097   377 _P17	=	0x0097
                           00009F   378 _SM0	=	0x009f
                           00009E   379 _SM1	=	0x009e
                           00009D   380 _SM2	=	0x009d
                           00009C   381 _REN	=	0x009c
                           00009B   382 _TB8	=	0x009b
                           00009A   383 _RB8	=	0x009a
                           000099   384 _TI	=	0x0099
                           000098   385 _RI	=	0x0098
                           0000A0   386 _P20	=	0x00a0
                           0000A1   387 _P21	=	0x00a1
                           0000A2   388 _P22	=	0x00a2
                           0000A3   389 _P23	=	0x00a3
                           0000A4   390 _P24	=	0x00a4
                           0000A5   391 _P25	=	0x00a5
                           0000A6   392 _P26	=	0x00a6
                           0000A7   393 _P27	=	0x00a7
                           0000AF   394 _EA	=	0x00af
                           0000AE   395 _ELVD	=	0x00ae
                           0000AD   396 _EADC	=	0x00ad
                           0000AC   397 _ES	=	0x00ac
                           0000AB   398 _ET1	=	0x00ab
                           0000AA   399 _EX1	=	0x00aa
                           0000A9   400 _ET0	=	0x00a9
                           0000A8   401 _EX0	=	0x00a8
                           0000B0   402 _P30	=	0x00b0
                           0000B1   403 _P31	=	0x00b1
                           0000B2   404 _P32	=	0x00b2
                           0000B3   405 _P33	=	0x00b3
                           0000B4   406 _P34	=	0x00b4
                           0000B5   407 _P35	=	0x00b5
                           0000B6   408 _P36	=	0x00b6
                           0000B7   409 _P37	=	0x00b7
                           0000BF   410 _PPCA	=	0x00bf
                           0000BE   411 _PLVD	=	0x00be
                           0000BD   412 _PADC	=	0x00bd
                           0000BC   413 _PS	=	0x00bc
                           0000BB   414 _PT1	=	0x00bb
                           0000BA   415 _PX1	=	0x00ba
                           0000B9   416 _PT0	=	0x00b9
                           0000B8   417 _PX0	=	0x00b8
                           0000C0   418 _P40	=	0x00c0
                           0000C1   419 _P41	=	0x00c1
                           0000C2   420 _P42	=	0x00c2
                           0000C3   421 _P43	=	0x00c3
                           0000C4   422 _P44	=	0x00c4
                           0000C5   423 _P45	=	0x00c5
                           0000C6   424 _P46	=	0x00c6
                           0000C7   425 _P47	=	0x00c7
                           0000C8   426 _P50	=	0x00c8
                           0000C9   427 _P51	=	0x00c9
                           0000CA   428 _P52	=	0x00ca
                           0000CB   429 _P53	=	0x00cb
                           0000CC   430 _P54	=	0x00cc
                           0000CD   431 _P55	=	0x00cd
                           0000CE   432 _P56	=	0x00ce
                           0000CF   433 _P57	=	0x00cf
                           0000D7   434 _CY	=	0x00d7
                           0000D6   435 _AC	=	0x00d6
                           0000D5   436 _F0	=	0x00d5
                           0000D4   437 _RS1	=	0x00d4
                           0000D3   438 _RS0	=	0x00d3
                           0000D2   439 _OV	=	0x00d2
                           0000D1   440 _F1	=	0x00d1
                           0000D0   441 _P	=	0x00d0
                           0000E8   442 _P60	=	0x00e8
                           0000E9   443 _P61	=	0x00e9
                           0000EA   444 _P62	=	0x00ea
                           0000EB   445 _P63	=	0x00eb
                           0000EC   446 _P64	=	0x00ec
                           0000ED   447 _P65	=	0x00ed
                           0000EE   448 _P66	=	0x00ee
                           0000EF   449 _P67	=	0x00ef
                           0000F8   450 _P70	=	0x00f8
                           0000F9   451 _P71	=	0x00f9
                           0000FA   452 _P72	=	0x00fa
                           0000FB   453 _P73	=	0x00fb
                           0000FC   454 _P74	=	0x00fc
                           0000FD   455 _P75	=	0x00fd
                           0000FE   456 _P76	=	0x00fe
                           0000FF   457 _P77	=	0x00ff
                                    458 ;--------------------------------------------------------
                                    459 ; overlayable register banks
                                    460 ;--------------------------------------------------------
                                    461 	.area REG_BANK_0	(REL,OVR,DATA)
      000000                        462 	.ds 8
                                    463 ;--------------------------------------------------------
                                    464 ; internal ram data
                                    465 ;--------------------------------------------------------
                                    466 	.area DSEG    (DATA)
      000000                        467 _UART_Timer_InitValueCalculate_PARM_2:
      000000                        468 	.ds 1
      000001                        469 _UART_Timer_InitValueCalculate_PARM_3:
      000001                        470 	.ds 4
      000005                        471 _UART1_Config8bitUart_PARM_2:
      000005                        472 	.ds 1
      000006                        473 _UART1_Config8bitUart_PARM_3:
      000006                        474 	.ds 4
      00000A                        475 _UART1_Config9bitUart_PARM_2:
      00000A                        476 	.ds 1
      00000B                        477 _UART1_Config9bitUart_PARM_3:
      00000B                        478 	.ds 4
      00000F                        479 _UART2_Config_PARM_2:
      00000F                        480 	.ds 4
      000013                        481 _UART3_ConfigOnTimer2_PARM_2:
      000013                        482 	.ds 4
      000017                        483 _UART3_ConfigOnTimer3_PARM_2:
      000017                        484 	.ds 4
      00001B                        485 _UART4_ConfigOnTimer2_PARM_2:
      00001B                        486 	.ds 4
      00001F                        487 _UART4_ConfigOnTimer4_PARM_2:
      00001F                        488 	.ds 4
                                    489 ;--------------------------------------------------------
                                    490 ; overlayable items in internal ram
                                    491 ;--------------------------------------------------------
                                    492 	.area	OSEG    (OVR,DATA)
      000000                        493 __UART1_ConfigDynUart_PARM_2:
      000000                        494 	.ds 1
      000001                        495 __UART1_ConfigDynUart_PARM_3:
      000001                        496 	.ds 2
                                    497 	.area	OSEG    (OVR,DATA)
                                    498 	.area	OSEG    (OVR,DATA)
                                    499 	.area	OSEG    (OVR,DATA)
                                    500 ;--------------------------------------------------------
                                    501 ; indirectly addressable internal ram data
                                    502 ;--------------------------------------------------------
                                    503 	.area ISEG    (DATA)
                                    504 ;--------------------------------------------------------
                                    505 ; absolute internal ram data
                                    506 ;--------------------------------------------------------
                                    507 	.area IABS    (ABS,DATA)
                                    508 	.area IABS    (ABS,DATA)
                                    509 ;--------------------------------------------------------
                                    510 ; bit data
                                    511 ;--------------------------------------------------------
                                    512 	.area BSEG    (BIT)
                                    513 ;--------------------------------------------------------
                                    514 ; paged external ram data
                                    515 ;--------------------------------------------------------
                                    516 	.area PSEG    (PAG,XDATA)
                                    517 ;--------------------------------------------------------
                                    518 ; uninitialized external ram data
                                    519 ;--------------------------------------------------------
                                    520 	.area XSEG    (XDATA)
                                    521 ;--------------------------------------------------------
                                    522 ; absolute external ram data
                                    523 ;--------------------------------------------------------
                                    524 	.area XABS    (ABS,XDATA)
                                    525 ;--------------------------------------------------------
                                    526 ; initialized external ram data
                                    527 ;--------------------------------------------------------
                                    528 	.area XISEG   (XDATA)
                                    529 	.area HOME    (CODE)
                                    530 	.area GSINIT0 (CODE)
                                    531 	.area GSINIT1 (CODE)
                                    532 	.area GSINIT2 (CODE)
                                    533 	.area GSINIT3 (CODE)
                                    534 	.area GSINIT4 (CODE)
                                    535 	.area GSINIT5 (CODE)
                                    536 	.area GSINIT  (CODE)
                                    537 	.area GSFINAL (CODE)
                                    538 	.area CSEG    (CODE)
                                    539 ;--------------------------------------------------------
                                    540 ; global & static initialisations
                                    541 ;--------------------------------------------------------
                                    542 	.area HOME    (CODE)
                                    543 	.area GSINIT  (CODE)
                                    544 	.area GSFINAL (CODE)
                                    545 	.area GSINIT  (CODE)
                                    546 ;--------------------------------------------------------
                                    547 ; Home
                                    548 ;--------------------------------------------------------
                                    549 	.area HOME    (CODE)
                                    550 	.area HOME    (CODE)
                                    551 ;--------------------------------------------------------
                                    552 ; code
                                    553 ;--------------------------------------------------------
                                    554 	.area CSEG    (CODE)
                                    555 ;------------------------------------------------------------
                                    556 ;Allocation info for local variables in function 'UART_Timer_InitValueCalculate'
                                    557 ;------------------------------------------------------------
                                    558 ;_1TMode                   Allocated with name '_UART_Timer_InitValueCalculate_PARM_2'
                                    559 ;baudrate                  Allocated with name '_UART_Timer_InitValueCalculate_PARM_3'
                                    560 ;sysclk                    Allocated to registers r4 r5 r6 r7 
                                    561 ;value                     Allocated to registers r4 r5 r6 r7 
                                    562 ;------------------------------------------------------------
                                    563 ;	lib\FwLib_STC8\src\fw_uart.c:20: int16_t UART_Timer_InitValueCalculate(uint32_t sysclk, HAL_State_t _1TMode, uint32_t baudrate)
                                    564 ;	-----------------------------------------
                                    565 ;	 function UART_Timer_InitValueCalculate
                                    566 ;	-----------------------------------------
      000000                        567 _UART_Timer_InitValueCalculate:
                           000007   568 	ar7 = 0x07
                           000006   569 	ar6 = 0x06
                           000005   570 	ar5 = 0x05
                           000004   571 	ar4 = 0x04
                           000003   572 	ar3 = 0x03
                           000002   573 	ar2 = 0x02
                           000001   574 	ar1 = 0x01
                           000000   575 	ar0 = 0x00
      000000 AC 82            [24]  576 	mov	r4,dpl
      000002 AD 83            [24]  577 	mov	r5,dph
      000004 AE F0            [24]  578 	mov	r6,b
      000006 FF               [12]  579 	mov	r7,a
                                    580 ;	lib\FwLib_STC8\src\fw_uart.c:23: value = sysclk / (4 * baudrate);
      000007 E5*01            [12]  581 	mov	a,_UART_Timer_InitValueCalculate_PARM_3
      000009 25*01            [12]  582 	add	a,_UART_Timer_InitValueCalculate_PARM_3
      00000B F5*00            [12]  583 	mov	__divulong_PARM_2,a
      00000D E5*02            [12]  584 	mov	a,(_UART_Timer_InitValueCalculate_PARM_3 + 1)
      00000F 33               [12]  585 	rlc	a
      000010 F5*01            [12]  586 	mov	(__divulong_PARM_2 + 1),a
      000012 E5*03            [12]  587 	mov	a,(_UART_Timer_InitValueCalculate_PARM_3 + 2)
      000014 33               [12]  588 	rlc	a
      000015 F5*02            [12]  589 	mov	(__divulong_PARM_2 + 2),a
      000017 E5*04            [12]  590 	mov	a,(_UART_Timer_InitValueCalculate_PARM_3 + 3)
      000019 33               [12]  591 	rlc	a
      00001A F5*03            [12]  592 	mov	(__divulong_PARM_2 + 3),a
      00001C E5*00            [12]  593 	mov	a,__divulong_PARM_2
      00001E 25*00            [12]  594 	add	a,__divulong_PARM_2
      000020 F5*00            [12]  595 	mov	__divulong_PARM_2,a
      000022 E5*01            [12]  596 	mov	a,(__divulong_PARM_2 + 1)
      000024 33               [12]  597 	rlc	a
      000025 F5*01            [12]  598 	mov	(__divulong_PARM_2 + 1),a
      000027 E5*02            [12]  599 	mov	a,(__divulong_PARM_2 + 2)
      000029 33               [12]  600 	rlc	a
      00002A F5*02            [12]  601 	mov	(__divulong_PARM_2 + 2),a
      00002C E5*03            [12]  602 	mov	a,(__divulong_PARM_2 + 3)
      00002E 33               [12]  603 	rlc	a
      00002F F5*03            [12]  604 	mov	(__divulong_PARM_2 + 3),a
                                    605 ;	lib\FwLib_STC8\src\fw_uart.c:24: if (!_1TMode)
      000031 8C 82            [24]  606 	mov	dpl, r4
      000033 8D 83            [24]  607 	mov	dph, r5
      000035 8E F0            [24]  608 	mov	b, r6
      000037 EF               [12]  609 	mov	a, r7
      000038 12r00r00         [24]  610 	lcall	__divulong
      00003B AC 82            [24]  611 	mov	r4, dpl
      00003D AD 83            [24]  612 	mov	r5, dph
      00003F AE F0            [24]  613 	mov	r6, b
      000041 FF               [12]  614 	mov	r7, a
      000042 E5*00            [12]  615 	mov	a,_UART_Timer_InitValueCalculate_PARM_2
      000044 70 1B            [24]  616 	jnz	00102$
                                    617 ;	lib\FwLib_STC8\src\fw_uart.c:25: value = value / 12;
      000046 75*00 0C         [24]  618 	mov	__divulong_PARM_2,#0x0c
      000049 E4               [12]  619 	clr	a
      00004A F5*01            [12]  620 	mov	(__divulong_PARM_2 + 1),a
      00004C F5*02            [12]  621 	mov	(__divulong_PARM_2 + 2),a
      00004E F5*03            [12]  622 	mov	(__divulong_PARM_2 + 3),a
      000050 8C 82            [24]  623 	mov	dpl, r4
      000052 8D 83            [24]  624 	mov	dph, r5
      000054 8E F0            [24]  625 	mov	b, r6
      000056 EF               [12]  626 	mov	a, r7
      000057 12r00r00         [24]  627 	lcall	__divulong
      00005A AC 82            [24]  628 	mov	r4, dpl
      00005C AD 83            [24]  629 	mov	r5, dph
      00005E AE F0            [24]  630 	mov	r6, b
      000060 FF               [12]  631 	mov	r7, a
      000061                        632 00102$:
                                    633 ;	lib\FwLib_STC8\src\fw_uart.c:26: if (value > 0xFFFF)
      000061 C3               [12]  634 	clr	c
      000062 74 FF            [12]  635 	mov	a,#0xff
      000064 9C               [12]  636 	subb	a,r4
      000065 74 FF            [12]  637 	mov	a,#0xff
      000067 9D               [12]  638 	subb	a,r5
      000068 E4               [12]  639 	clr	a
      000069 9E               [12]  640 	subb	a,r6
      00006A E4               [12]  641 	clr	a
      00006B 9F               [12]  642 	subb	a,r7
      00006C 50 04            [24]  643 	jnc	00104$
                                    644 ;	lib\FwLib_STC8\src\fw_uart.c:27: return 0;
      00006E 90 00 00         [24]  645 	mov	dptr,#0x0000
      000071 22               [24]  646 	ret
      000072                        647 00104$:
                                    648 ;	lib\FwLib_STC8\src\fw_uart.c:29: return 0xFFFF - value + 1;
      000072 C3               [12]  649 	clr	c
      000073 E4               [12]  650 	clr	a
      000074 9C               [12]  651 	subb	a,r4
      000075 F5 82            [12]  652 	mov	dpl,a
      000077 E4               [12]  653 	clr	a
      000078 9D               [12]  654 	subb	a,r5
      000079 F5 83            [12]  655 	mov	dph,a
                                    656 ;	lib\FwLib_STC8\src\fw_uart.c:30: }
      00007B 22               [24]  657 	ret
                                    658 ;------------------------------------------------------------
                                    659 ;Allocation info for local variables in function '_UART1_ConfigDynUart'
                                    660 ;------------------------------------------------------------
                                    661 ;_1TMode                   Allocated with name '__UART1_ConfigDynUart_PARM_2'
                                    662 ;init                      Allocated with name '__UART1_ConfigDynUart_PARM_3'
                                    663 ;baudSource                Allocated to registers r7 
                                    664 ;------------------------------------------------------------
                                    665 ;	lib\FwLib_STC8\src\fw_uart.c:36: void _UART1_ConfigDynUart(UART1_BaudSource_t baudSource, HAL_State_t _1TMode, int16_t init)
                                    666 ;	-----------------------------------------
                                    667 ;	 function _UART1_ConfigDynUart
                                    668 ;	-----------------------------------------
      00007C                        669 __UART1_ConfigDynUart:
      00007C AF 82            [24]  670 	mov	r7, dpl
                                    671 ;	lib\FwLib_STC8\src\fw_uart.c:38: UART1_SetBaudSource(baudSource);
      00007E 74 FE            [12]  672 	mov	a,#0xfe
      000080 55 8E            [12]  673 	anl	a,_AUXR
      000082 FE               [12]  674 	mov	r6,a
      000083 8F 05            [24]  675 	mov	ar5,r7
      000085 ED               [12]  676 	mov	a,r5
      000086 4E               [12]  677 	orl	a,r6
      000087 F5 8E            [12]  678 	mov	_AUXR,a
                                    679 ;	lib\FwLib_STC8\src\fw_uart.c:40: if (baudSource == UART1_BaudSource_Timer1)
      000089 EF               [12]  680 	mov	a,r7
      00008A 70 1A            [24]  681 	jnz	00108$
                                    682 ;	lib\FwLib_STC8\src\fw_uart.c:42: TIM_Timer1_Set1TMode(_1TMode);
      00008C 74 BF            [12]  683 	mov	a,#0xbf
      00008E 55 8E            [12]  684 	anl	a,_AUXR
      000090 FF               [12]  685 	mov	r7,a
      000091 E5*00            [12]  686 	mov	a,__UART1_ConfigDynUart_PARM_2
      000093 03               [12]  687 	rr	a
      000094 03               [12]  688 	rr	a
      000095 54 C0            [12]  689 	anl	a,#0xc0
      000097 4F               [12]  690 	orl	a,r7
      000098 F5 8E            [12]  691 	mov	_AUXR,a
                                    692 ;	lib\FwLib_STC8\src\fw_uart.c:43: TIM_Timer1_SetMode(TIM_TimerMode_16BitAuto);
      00009A 53 89 CF         [24]  693 	anl	_TMOD,#0xcf
                                    694 ;	lib\FwLib_STC8\src\fw_uart.c:44: TIM_Timer1_SetInitValue(init >> 8, init & 0xFF);
      00009D 85*02 8D         [24]  695 	mov	_TH1,(__UART1_ConfigDynUart_PARM_3 + 1)
      0000A0 85*01 8B         [24]  696 	mov	_TL1,__UART1_ConfigDynUart_PARM_3
                                    697 ;	lib\FwLib_STC8\src\fw_uart.c:45: TIM_Timer1_SetRunState(HAL_State_ON);
                                    698 ;	assignBit
      0000A3 D2 8E            [12]  699 	setb	_TR1
      0000A5 22               [24]  700 	ret
      0000A6                        701 00108$:
                                    702 ;	lib\FwLib_STC8\src\fw_uart.c:51: TIM_Timer2_Set1TMode(_1TMode);
      0000A6 74 FB            [12]  703 	mov	a,#0xfb
      0000A8 55 8E            [12]  704 	anl	a,_AUXR
      0000AA FF               [12]  705 	mov	r7,a
      0000AB E5*00            [12]  706 	mov	a,__UART1_ConfigDynUart_PARM_2
      0000AD 25 E0            [12]  707 	add	a,acc
      0000AF 25 E0            [12]  708 	add	a,acc
      0000B1 4F               [12]  709 	orl	a,r7
      0000B2 F5 8E            [12]  710 	mov	_AUXR,a
                                    711 ;	lib\FwLib_STC8\src\fw_uart.c:52: TIM_Timer2_SetInitValue(init >> 8, init & 0xFF);
      0000B4 85*02 D6         [24]  712 	mov	_T2H,(__UART1_ConfigDynUart_PARM_3 + 1)
      0000B7 85*01 D7         [24]  713 	mov	_T2L,__UART1_ConfigDynUart_PARM_3
                                    714 ;	lib\FwLib_STC8\src\fw_uart.c:53: TIM_Timer2_SetRunState(HAL_State_ON);
      0000BA 74 EF            [12]  715 	mov	a,#0xef
      0000BC 55 8E            [12]  716 	anl	a,_AUXR
      0000BE 44 10            [12]  717 	orl	a,#0x10
      0000C0 F5 8E            [12]  718 	mov	_AUXR,a
                                    719 ;	lib\FwLib_STC8\src\fw_uart.c:55: }
      0000C2 22               [24]  720 	ret
                                    721 ;------------------------------------------------------------
                                    722 ;Allocation info for local variables in function 'UART1_Config8bitUart'
                                    723 ;------------------------------------------------------------
                                    724 ;_1TMode                   Allocated with name '_UART1_Config8bitUart_PARM_2'
                                    725 ;baudrate                  Allocated with name '_UART1_Config8bitUart_PARM_3'
                                    726 ;baudSource                Allocated to registers r7 
                                    727 ;init                      Allocated to registers 
                                    728 ;------------------------------------------------------------
                                    729 ;	lib\FwLib_STC8\src\fw_uart.c:56: void UART1_Config8bitUart(UART1_BaudSource_t baudSource, HAL_State_t _1TMode, uint32_t baudrate)
                                    730 ;	-----------------------------------------
                                    731 ;	 function UART1_Config8bitUart
                                    732 ;	-----------------------------------------
      0000C3                        733 _UART1_Config8bitUart:
      0000C3 AF 82            [24]  734 	mov	r7, dpl
                                    735 ;	lib\FwLib_STC8\src\fw_uart.c:59: SM0=0; SM1=1;
                                    736 ;	assignBit
      0000C5 C2 9F            [12]  737 	clr	_SM0
                                    738 ;	assignBit
      0000C7 D2 9E            [12]  739 	setb	_SM1
                                    740 ;	lib\FwLib_STC8\src\fw_uart.c:60: init = UART_Timer_InitValueCalculate(__SYSCLOCK, _1TMode, baudrate);
      0000C9 85*05*00         [24]  741 	mov	_UART_Timer_InitValueCalculate_PARM_2,_UART1_Config8bitUart_PARM_2
      0000CC 85*06*01         [24]  742 	mov	_UART_Timer_InitValueCalculate_PARM_3,_UART1_Config8bitUart_PARM_3
      0000CF 85*07*02         [24]  743 	mov	(_UART_Timer_InitValueCalculate_PARM_3 + 1),(_UART1_Config8bitUart_PARM_3 + 1)
      0000D2 85*08*03         [24]  744 	mov	(_UART_Timer_InitValueCalculate_PARM_3 + 2),(_UART1_Config8bitUart_PARM_3 + 2)
      0000D5 85*09*04         [24]  745 	mov	(_UART_Timer_InitValueCalculate_PARM_3 + 3),(_UART1_Config8bitUart_PARM_3 + 3)
      0000D8 90 C0 00         [24]  746 	mov	dptr,#0xc000
      0000DB 75 F0 A8         [24]  747 	mov	b, #0xa8
      0000DE E4               [12]  748 	clr	a
      0000DF C0 07            [24]  749 	push	ar7
      0000E1 12r00r00         [24]  750 	lcall	_UART_Timer_InitValueCalculate
      0000E4 85 82*01         [24]  751 	mov	__UART1_ConfigDynUart_PARM_3,dpl
      0000E7 85 83*02         [24]  752 	mov	(__UART1_ConfigDynUart_PARM_3 + 1),dph
      0000EA D0 07            [24]  753 	pop	ar7
                                    754 ;	lib\FwLib_STC8\src\fw_uart.c:61: _UART1_ConfigDynUart(baudSource, _1TMode, init);
      0000EC 85*05*00         [24]  755 	mov	__UART1_ConfigDynUart_PARM_2,_UART1_Config8bitUart_PARM_2
      0000EF 8F 82            [24]  756 	mov	dpl, r7
                                    757 ;	lib\FwLib_STC8\src\fw_uart.c:62: }
      0000F1 02r00r7C         [24]  758 	ljmp	__UART1_ConfigDynUart
                                    759 ;------------------------------------------------------------
                                    760 ;Allocation info for local variables in function 'UART1_Config9bitUart'
                                    761 ;------------------------------------------------------------
                                    762 ;_1TMode                   Allocated with name '_UART1_Config9bitUart_PARM_2'
                                    763 ;baudrate                  Allocated with name '_UART1_Config9bitUart_PARM_3'
                                    764 ;baudSource                Allocated to registers r7 
                                    765 ;init                      Allocated to registers 
                                    766 ;------------------------------------------------------------
                                    767 ;	lib\FwLib_STC8\src\fw_uart.c:64: void UART1_Config9bitUart(UART1_BaudSource_t baudSource, HAL_State_t _1TMode, uint32_t baudrate)
                                    768 ;	-----------------------------------------
                                    769 ;	 function UART1_Config9bitUart
                                    770 ;	-----------------------------------------
      0000F4                        771 _UART1_Config9bitUart:
      0000F4 AF 82            [24]  772 	mov	r7, dpl
                                    773 ;	lib\FwLib_STC8\src\fw_uart.c:67: SM0=1; SM1=1;
                                    774 ;	assignBit
      0000F6 D2 9F            [12]  775 	setb	_SM0
                                    776 ;	assignBit
      0000F8 D2 9E            [12]  777 	setb	_SM1
                                    778 ;	lib\FwLib_STC8\src\fw_uart.c:68: init = UART_Timer_InitValueCalculate(__SYSCLOCK, _1TMode, baudrate);
      0000FA 85*0A*00         [24]  779 	mov	_UART_Timer_InitValueCalculate_PARM_2,_UART1_Config9bitUart_PARM_2
      0000FD 85*0B*01         [24]  780 	mov	_UART_Timer_InitValueCalculate_PARM_3,_UART1_Config9bitUart_PARM_3
      000100 85*0C*02         [24]  781 	mov	(_UART_Timer_InitValueCalculate_PARM_3 + 1),(_UART1_Config9bitUart_PARM_3 + 1)
      000103 85*0D*03         [24]  782 	mov	(_UART_Timer_InitValueCalculate_PARM_3 + 2),(_UART1_Config9bitUart_PARM_3 + 2)
      000106 85*0E*04         [24]  783 	mov	(_UART_Timer_InitValueCalculate_PARM_3 + 3),(_UART1_Config9bitUart_PARM_3 + 3)
      000109 90 C0 00         [24]  784 	mov	dptr,#0xc000
      00010C 75 F0 A8         [24]  785 	mov	b, #0xa8
      00010F E4               [12]  786 	clr	a
      000110 C0 07            [24]  787 	push	ar7
      000112 12r00r00         [24]  788 	lcall	_UART_Timer_InitValueCalculate
      000115 85 82*01         [24]  789 	mov	__UART1_ConfigDynUart_PARM_3,dpl
      000118 85 83*02         [24]  790 	mov	(__UART1_ConfigDynUart_PARM_3 + 1),dph
      00011B D0 07            [24]  791 	pop	ar7
                                    792 ;	lib\FwLib_STC8\src\fw_uart.c:69: _UART1_ConfigDynUart(baudSource, _1TMode, init);
      00011D 85*0A*00         [24]  793 	mov	__UART1_ConfigDynUart_PARM_2,_UART1_Config9bitUart_PARM_2
      000120 8F 82            [24]  794 	mov	dpl, r7
                                    795 ;	lib\FwLib_STC8\src\fw_uart.c:70: }
      000122 02r00r7C         [24]  796 	ljmp	__UART1_ConfigDynUart
                                    797 ;------------------------------------------------------------
                                    798 ;Allocation info for local variables in function 'UART1_TxChar'
                                    799 ;------------------------------------------------------------
                                    800 ;dat                       Allocated to registers 
                                    801 ;------------------------------------------------------------
                                    802 ;	lib\FwLib_STC8\src\fw_uart.c:72: void UART1_TxChar(char dat)
                                    803 ;	-----------------------------------------
                                    804 ;	 function UART1_TxChar
                                    805 ;	-----------------------------------------
      000125                        806 _UART1_TxChar:
      000125 85 82 99         [24]  807 	mov	_SBUF,dpl
                                    808 ;	lib\FwLib_STC8\src\fw_uart.c:75: while(!TI);
      000128                        809 00101$:
                                    810 ;	lib\FwLib_STC8\src\fw_uart.c:76: UART1_ClearTxInterrupt();
                                    811 ;	assignBit
      000128 10 99 02         [24]  812 	jbc	_TI,00118$
      00012B 80 FB            [24]  813 	sjmp	00101$
      00012D                        814 00118$:
                                    815 ;	lib\FwLib_STC8\src\fw_uart.c:77: }
      00012D 22               [24]  816 	ret
                                    817 ;------------------------------------------------------------
                                    818 ;Allocation info for local variables in function 'UART1_TxHex'
                                    819 ;------------------------------------------------------------
                                    820 ;hex                       Allocated to registers r7 
                                    821 ;------------------------------------------------------------
                                    822 ;	lib\FwLib_STC8\src\fw_uart.c:79: void UART1_TxHex(uint8_t hex)
                                    823 ;	-----------------------------------------
                                    824 ;	 function UART1_TxHex
                                    825 ;	-----------------------------------------
      00012E                        826 _UART1_TxHex:
                                    827 ;	lib\FwLib_STC8\src\fw_uart.c:81: UART1_TxChar(HEX_TABLE[hex >> 4]);
      00012E E5 82            [12]  828 	mov	a,dpl
      000130 FF               [12]  829 	mov	r7,a
      000131 C4               [12]  830 	swap	a
      000132 54 0F            [12]  831 	anl	a,#0x0f
      000134 90r00r00         [24]  832 	mov	dptr,#_HEX_TABLE
      000137 93               [24]  833 	movc	a,@a+dptr
      000138 F5 82            [12]  834 	mov	dpl,a
      00013A C0 07            [24]  835 	push	ar7
      00013C 12r01r25         [24]  836 	lcall	_UART1_TxChar
      00013F D0 07            [24]  837 	pop	ar7
                                    838 ;	lib\FwLib_STC8\src\fw_uart.c:82: UART1_TxChar(HEX_TABLE[hex & 0xF]);
      000141 53 07 0F         [24]  839 	anl	ar7,#0x0f
      000144 7E 00            [12]  840 	mov	r6,#0x00
      000146 EF               [12]  841 	mov	a,r7
      000147 24r00            [12]  842 	add	a, #_HEX_TABLE
      000149 F5 82            [12]  843 	mov	dpl,a
      00014B EE               [12]  844 	mov	a,r6
      00014C 34s00            [12]  845 	addc	a, #(_HEX_TABLE >> 8)
      00014E F5 83            [12]  846 	mov	dph,a
      000150 E4               [12]  847 	clr	a
      000151 93               [24]  848 	movc	a,@a+dptr
      000152 F5 82            [12]  849 	mov	dpl,a
                                    850 ;	lib\FwLib_STC8\src\fw_uart.c:83: }
      000154 02r01r25         [24]  851 	ljmp	_UART1_TxChar
                                    852 ;------------------------------------------------------------
                                    853 ;Allocation info for local variables in function 'UART1_TxString'
                                    854 ;------------------------------------------------------------
                                    855 ;str                       Allocated to registers 
                                    856 ;------------------------------------------------------------
                                    857 ;	lib\FwLib_STC8\src\fw_uart.c:85: void UART1_TxString(uint8_t *str)
                                    858 ;	-----------------------------------------
                                    859 ;	 function UART1_TxString
                                    860 ;	-----------------------------------------
      000157                        861 _UART1_TxString:
      000157 AD 82            [24]  862 	mov	r5, dpl
      000159 AE 83            [24]  863 	mov	r6, dph
      00015B AF F0            [24]  864 	mov	r7, b
                                    865 ;	lib\FwLib_STC8\src\fw_uart.c:87: while (*str) UART1_TxChar(*str++);
      00015D                        866 00101$:
      00015D 8D 82            [24]  867 	mov	dpl,r5
      00015F 8E 83            [24]  868 	mov	dph,r6
      000161 8F F0            [24]  869 	mov	b,r7
      000163 12r00r00         [24]  870 	lcall	__gptrget
      000166 FC               [12]  871 	mov	r4,a
      000167 60 18            [24]  872 	jz	00104$
      000169 8C 82            [24]  873 	mov	dpl,r4
      00016B 0D               [12]  874 	inc	r5
      00016C BD 00 01         [24]  875 	cjne	r5,#0x00,00120$
      00016F 0E               [12]  876 	inc	r6
      000170                        877 00120$:
      000170 C0 07            [24]  878 	push	ar7
      000172 C0 06            [24]  879 	push	ar6
      000174 C0 05            [24]  880 	push	ar5
      000176 12r01r25         [24]  881 	lcall	_UART1_TxChar
      000179 D0 05            [24]  882 	pop	ar5
      00017B D0 06            [24]  883 	pop	ar6
      00017D D0 07            [24]  884 	pop	ar7
      00017F 80 DC            [24]  885 	sjmp	00101$
      000181                        886 00104$:
                                    887 ;	lib\FwLib_STC8\src\fw_uart.c:88: }
      000181 22               [24]  888 	ret
                                    889 ;------------------------------------------------------------
                                    890 ;Allocation info for local variables in function 'putchar'
                                    891 ;------------------------------------------------------------
                                    892 ;dat                       Allocated to registers r6 r7 
                                    893 ;------------------------------------------------------------
                                    894 ;	lib\FwLib_STC8\src\fw_uart.c:90: int putchar(int dat) {
                                    895 ;	-----------------------------------------
                                    896 ;	 function putchar
                                    897 ;	-----------------------------------------
      000182                        898 _putchar:
      000182 AE 82            [24]  899 	mov	r6, dpl
      000184 AF 83            [24]  900 	mov	r7, dph
                                    901 ;	lib\FwLib_STC8\src\fw_uart.c:91: UART1_WriteBuffer(dat);
      000186 8E 99            [24]  902 	mov	_SBUF,r6
                                    903 ;	lib\FwLib_STC8\src\fw_uart.c:92: while(!TI);
      000188                        904 00101$:
                                    905 ;	lib\FwLib_STC8\src\fw_uart.c:93: UART1_ClearTxInterrupt();
                                    906 ;	assignBit
      000188 10 99 02         [24]  907 	jbc	_TI,00118$
      00018B 80 FB            [24]  908 	sjmp	00101$
      00018D                        909 00118$:
                                    910 ;	lib\FwLib_STC8\src\fw_uart.c:94: return dat;
      00018D 8E 82            [24]  911 	mov	dpl, r6
      00018F 8F 83            [24]  912 	mov	dph, r7
                                    913 ;	lib\FwLib_STC8\src\fw_uart.c:95: }
      000191 22               [24]  914 	ret
                                    915 ;------------------------------------------------------------
                                    916 ;Allocation info for local variables in function 'UART2_Config'
                                    917 ;------------------------------------------------------------
                                    918 ;baudrate                  Allocated with name '_UART2_Config_PARM_2'
                                    919 ;_1TMode                   Allocated to registers r7 
                                    920 ;init                      Allocated to registers r5 r6 
                                    921 ;------------------------------------------------------------
                                    922 ;	lib\FwLib_STC8\src\fw_uart.c:102: void UART2_Config(HAL_State_t _1TMode, uint32_t baudrate)
                                    923 ;	-----------------------------------------
                                    924 ;	 function UART2_Config
                                    925 ;	-----------------------------------------
      000192                        926 _UART2_Config:
      000192 AF 82            [24]  927 	mov	r7, dpl
                                    928 ;	lib\FwLib_STC8\src\fw_uart.c:106: init = UART_Timer_InitValueCalculate(__SYSCLOCK, _1TMode, baudrate);
      000194 8F*00            [24]  929 	mov	_UART_Timer_InitValueCalculate_PARM_2,r7
      000196 85*0F*01         [24]  930 	mov	_UART_Timer_InitValueCalculate_PARM_3,_UART2_Config_PARM_2
      000199 85*10*02         [24]  931 	mov	(_UART_Timer_InitValueCalculate_PARM_3 + 1),(_UART2_Config_PARM_2 + 1)
      00019C 85*11*03         [24]  932 	mov	(_UART_Timer_InitValueCalculate_PARM_3 + 2),(_UART2_Config_PARM_2 + 2)
      00019F 85*12*04         [24]  933 	mov	(_UART_Timer_InitValueCalculate_PARM_3 + 3),(_UART2_Config_PARM_2 + 3)
      0001A2 90 C0 00         [24]  934 	mov	dptr,#0xc000
      0001A5 75 F0 A8         [24]  935 	mov	b, #0xa8
      0001A8 E4               [12]  936 	clr	a
      0001A9 C0 07            [24]  937 	push	ar7
      0001AB 12r00r00         [24]  938 	lcall	_UART_Timer_InitValueCalculate
      0001AE AD 82            [24]  939 	mov	r5, dpl
      0001B0 AE 83            [24]  940 	mov	r6, dph
      0001B2 D0 07            [24]  941 	pop	ar7
                                    942 ;	lib\FwLib_STC8\src\fw_uart.c:108: TIM_Timer2_Set1TMode(_1TMode);
      0001B4 74 FB            [12]  943 	mov	a,#0xfb
      0001B6 55 8E            [12]  944 	anl	a,_AUXR
      0001B8 FC               [12]  945 	mov	r4,a
      0001B9 EF               [12]  946 	mov	a,r7
      0001BA 2F               [12]  947 	add	a,r7
      0001BB 25 E0            [12]  948 	add	a,acc
      0001BD 4C               [12]  949 	orl	a,r4
      0001BE F5 8E            [12]  950 	mov	_AUXR,a
                                    951 ;	lib\FwLib_STC8\src\fw_uart.c:109: TIM_Timer2_SetInitValue(init >> 8, init & 0xFF);
      0001C0 8E D6            [24]  952 	mov	_T2H,r6
      0001C2 8D D7            [24]  953 	mov	_T2L,r5
                                    954 ;	lib\FwLib_STC8\src\fw_uart.c:110: TIM_Timer2_SetRunState(HAL_State_ON);
      0001C4 74 EF            [12]  955 	mov	a,#0xef
      0001C6 55 8E            [12]  956 	anl	a,_AUXR
      0001C8 44 10            [12]  957 	orl	a,#0x10
      0001CA F5 8E            [12]  958 	mov	_AUXR,a
                                    959 ;	lib\FwLib_STC8\src\fw_uart.c:111: }
      0001CC 22               [24]  960 	ret
                                    961 ;------------------------------------------------------------
                                    962 ;Allocation info for local variables in function 'UART2_TxChar'
                                    963 ;------------------------------------------------------------
                                    964 ;dat                       Allocated to registers 
                                    965 ;------------------------------------------------------------
                                    966 ;	lib\FwLib_STC8\src\fw_uart.c:113: void UART2_TxChar(char dat)
                                    967 ;	-----------------------------------------
                                    968 ;	 function UART2_TxChar
                                    969 ;	-----------------------------------------
      0001CD                        970 _UART2_TxChar:
      0001CD 85 82 9B         [24]  971 	mov	_S2BUF,dpl
                                    972 ;	lib\FwLib_STC8\src\fw_uart.c:116: while(!UART2_TxFinished());
      0001D0                        973 00101$:
      0001D0 E5 9A            [12]  974 	mov	a,_S2CON
      0001D2 30 E1 FB         [24]  975 	jnb	acc.1,00101$
                                    976 ;	lib\FwLib_STC8\src\fw_uart.c:117: UART2_ClearTxInterrupt();
      0001D5 53 9A FD         [24]  977 	anl	_S2CON,#0xfd
                                    978 ;	lib\FwLib_STC8\src\fw_uart.c:118: }
      0001D8 22               [24]  979 	ret
                                    980 ;------------------------------------------------------------
                                    981 ;Allocation info for local variables in function 'UART2_TxHex'
                                    982 ;------------------------------------------------------------
                                    983 ;hex                       Allocated to registers r7 
                                    984 ;------------------------------------------------------------
                                    985 ;	lib\FwLib_STC8\src\fw_uart.c:120: void UART2_TxHex(uint8_t hex)
                                    986 ;	-----------------------------------------
                                    987 ;	 function UART2_TxHex
                                    988 ;	-----------------------------------------
      0001D9                        989 _UART2_TxHex:
                                    990 ;	lib\FwLib_STC8\src\fw_uart.c:122: UART2_TxChar(HEX_TABLE[hex >> 4]);
      0001D9 E5 82            [12]  991 	mov	a,dpl
      0001DB FF               [12]  992 	mov	r7,a
      0001DC C4               [12]  993 	swap	a
      0001DD 54 0F            [12]  994 	anl	a,#0x0f
      0001DF 90r00r00         [24]  995 	mov	dptr,#_HEX_TABLE
      0001E2 93               [24]  996 	movc	a,@a+dptr
      0001E3 F5 82            [12]  997 	mov	dpl,a
      0001E5 C0 07            [24]  998 	push	ar7
      0001E7 12r01rCD         [24]  999 	lcall	_UART2_TxChar
      0001EA D0 07            [24] 1000 	pop	ar7
                                   1001 ;	lib\FwLib_STC8\src\fw_uart.c:123: UART2_TxChar(HEX_TABLE[hex & 0xF]);
      0001EC 53 07 0F         [24] 1002 	anl	ar7,#0x0f
      0001EF 7E 00            [12] 1003 	mov	r6,#0x00
      0001F1 EF               [12] 1004 	mov	a,r7
      0001F2 24r00            [12] 1005 	add	a, #_HEX_TABLE
      0001F4 F5 82            [12] 1006 	mov	dpl,a
      0001F6 EE               [12] 1007 	mov	a,r6
      0001F7 34s00            [12] 1008 	addc	a, #(_HEX_TABLE >> 8)
      0001F9 F5 83            [12] 1009 	mov	dph,a
      0001FB E4               [12] 1010 	clr	a
      0001FC 93               [24] 1011 	movc	a,@a+dptr
      0001FD F5 82            [12] 1012 	mov	dpl,a
                                   1013 ;	lib\FwLib_STC8\src\fw_uart.c:124: }
      0001FF 02r01rCD         [24] 1014 	ljmp	_UART2_TxChar
                                   1015 ;------------------------------------------------------------
                                   1016 ;Allocation info for local variables in function 'UART2_TxString'
                                   1017 ;------------------------------------------------------------
                                   1018 ;str                       Allocated to registers 
                                   1019 ;------------------------------------------------------------
                                   1020 ;	lib\FwLib_STC8\src\fw_uart.c:126: void UART2_TxString(uint8_t *str)
                                   1021 ;	-----------------------------------------
                                   1022 ;	 function UART2_TxString
                                   1023 ;	-----------------------------------------
      000202                       1024 _UART2_TxString:
      000202 AD 82            [24] 1025 	mov	r5, dpl
      000204 AE 83            [24] 1026 	mov	r6, dph
      000206 AF F0            [24] 1027 	mov	r7, b
                                   1028 ;	lib\FwLib_STC8\src\fw_uart.c:128: while (*str) UART2_TxChar(*str++);
      000208                       1029 00101$:
      000208 8D 82            [24] 1030 	mov	dpl,r5
      00020A 8E 83            [24] 1031 	mov	dph,r6
      00020C 8F F0            [24] 1032 	mov	b,r7
      00020E 12r00r00         [24] 1033 	lcall	__gptrget
      000211 FC               [12] 1034 	mov	r4,a
      000212 60 18            [24] 1035 	jz	00104$
      000214 8C 82            [24] 1036 	mov	dpl,r4
      000216 0D               [12] 1037 	inc	r5
      000217 BD 00 01         [24] 1038 	cjne	r5,#0x00,00120$
      00021A 0E               [12] 1039 	inc	r6
      00021B                       1040 00120$:
      00021B C0 07            [24] 1041 	push	ar7
      00021D C0 06            [24] 1042 	push	ar6
      00021F C0 05            [24] 1043 	push	ar5
      000221 12r01rCD         [24] 1044 	lcall	_UART2_TxChar
      000224 D0 05            [24] 1045 	pop	ar5
      000226 D0 06            [24] 1046 	pop	ar6
      000228 D0 07            [24] 1047 	pop	ar7
      00022A 80 DC            [24] 1048 	sjmp	00101$
      00022C                       1049 00104$:
                                   1050 ;	lib\FwLib_STC8\src\fw_uart.c:129: }
      00022C 22               [24] 1051 	ret
                                   1052 ;------------------------------------------------------------
                                   1053 ;Allocation info for local variables in function 'UART3_ConfigOnTimer2'
                                   1054 ;------------------------------------------------------------
                                   1055 ;baudrate                  Allocated with name '_UART3_ConfigOnTimer2_PARM_2'
                                   1056 ;_1TMode                   Allocated to registers r7 
                                   1057 ;init                      Allocated to registers r5 r6 
                                   1058 ;------------------------------------------------------------
                                   1059 ;	lib\FwLib_STC8\src\fw_uart.c:136: void UART3_ConfigOnTimer2(HAL_State_t _1TMode, uint32_t baudrate)
                                   1060 ;	-----------------------------------------
                                   1061 ;	 function UART3_ConfigOnTimer2
                                   1062 ;	-----------------------------------------
      00022D                       1063 _UART3_ConfigOnTimer2:
      00022D AF 82            [24] 1064 	mov	r7, dpl
                                   1065 ;	lib\FwLib_STC8\src\fw_uart.c:140: UART3_SetBaudSource(0x00);
      00022F 53 AC BF         [24] 1066 	anl	_S3CON,#0xbf
                                   1067 ;	lib\FwLib_STC8\src\fw_uart.c:141: init = UART_Timer_InitValueCalculate(__SYSCLOCK, _1TMode, baudrate);
      000232 8F*00            [24] 1068 	mov	_UART_Timer_InitValueCalculate_PARM_2,r7
      000234 85*13*01         [24] 1069 	mov	_UART_Timer_InitValueCalculate_PARM_3,_UART3_ConfigOnTimer2_PARM_2
      000237 85*14*02         [24] 1070 	mov	(_UART_Timer_InitValueCalculate_PARM_3 + 1),(_UART3_ConfigOnTimer2_PARM_2 + 1)
      00023A 85*15*03         [24] 1071 	mov	(_UART_Timer_InitValueCalculate_PARM_3 + 2),(_UART3_ConfigOnTimer2_PARM_2 + 2)
      00023D 85*16*04         [24] 1072 	mov	(_UART_Timer_InitValueCalculate_PARM_3 + 3),(_UART3_ConfigOnTimer2_PARM_2 + 3)
      000240 90 C0 00         [24] 1073 	mov	dptr,#0xc000
      000243 75 F0 A8         [24] 1074 	mov	b, #0xa8
      000246 E4               [12] 1075 	clr	a
      000247 C0 07            [24] 1076 	push	ar7
      000249 12r00r00         [24] 1077 	lcall	_UART_Timer_InitValueCalculate
      00024C AD 82            [24] 1078 	mov	r5, dpl
      00024E AE 83            [24] 1079 	mov	r6, dph
      000250 D0 07            [24] 1080 	pop	ar7
                                   1081 ;	lib\FwLib_STC8\src\fw_uart.c:143: TIM_Timer2_Set1TMode(_1TMode);
      000252 74 FB            [12] 1082 	mov	a,#0xfb
      000254 55 8E            [12] 1083 	anl	a,_AUXR
      000256 FC               [12] 1084 	mov	r4,a
      000257 EF               [12] 1085 	mov	a,r7
      000258 2F               [12] 1086 	add	a,r7
      000259 25 E0            [12] 1087 	add	a,acc
      00025B 4C               [12] 1088 	orl	a,r4
      00025C F5 8E            [12] 1089 	mov	_AUXR,a
                                   1090 ;	lib\FwLib_STC8\src\fw_uart.c:144: TIM_Timer2_SetInitValue(init >> 8, init & 0xFF);
      00025E 8E D6            [24] 1091 	mov	_T2H,r6
      000260 8D D7            [24] 1092 	mov	_T2L,r5
                                   1093 ;	lib\FwLib_STC8\src\fw_uart.c:145: TIM_Timer2_SetRunState(HAL_State_ON);
      000262 74 EF            [12] 1094 	mov	a,#0xef
      000264 55 8E            [12] 1095 	anl	a,_AUXR
      000266 44 10            [12] 1096 	orl	a,#0x10
      000268 F5 8E            [12] 1097 	mov	_AUXR,a
                                   1098 ;	lib\FwLib_STC8\src\fw_uart.c:146: }
      00026A 22               [24] 1099 	ret
                                   1100 ;------------------------------------------------------------
                                   1101 ;Allocation info for local variables in function 'UART3_ConfigOnTimer3'
                                   1102 ;------------------------------------------------------------
                                   1103 ;baudrate                  Allocated with name '_UART3_ConfigOnTimer3_PARM_2'
                                   1104 ;_1TMode                   Allocated to registers r7 
                                   1105 ;init                      Allocated to registers r5 r6 
                                   1106 ;------------------------------------------------------------
                                   1107 ;	lib\FwLib_STC8\src\fw_uart.c:148: void UART3_ConfigOnTimer3(HAL_State_t _1TMode, uint32_t baudrate)
                                   1108 ;	-----------------------------------------
                                   1109 ;	 function UART3_ConfigOnTimer3
                                   1110 ;	-----------------------------------------
      00026B                       1111 _UART3_ConfigOnTimer3:
      00026B AF 82            [24] 1112 	mov	r7, dpl
                                   1113 ;	lib\FwLib_STC8\src\fw_uart.c:152: UART3_SetBaudSource(0x01);
      00026D 74 BF            [12] 1114 	mov	a,#0xbf
      00026F 55 AC            [12] 1115 	anl	a,_S3CON
      000271 44 40            [12] 1116 	orl	a,#0x40
      000273 F5 AC            [12] 1117 	mov	_S3CON,a
                                   1118 ;	lib\FwLib_STC8\src\fw_uart.c:153: init = UART_Timer_InitValueCalculate(__SYSCLOCK, _1TMode, baudrate);
      000275 8F*00            [24] 1119 	mov	_UART_Timer_InitValueCalculate_PARM_2,r7
      000277 85*17*01         [24] 1120 	mov	_UART_Timer_InitValueCalculate_PARM_3,_UART3_ConfigOnTimer3_PARM_2
      00027A 85*18*02         [24] 1121 	mov	(_UART_Timer_InitValueCalculate_PARM_3 + 1),(_UART3_ConfigOnTimer3_PARM_2 + 1)
      00027D 85*19*03         [24] 1122 	mov	(_UART_Timer_InitValueCalculate_PARM_3 + 2),(_UART3_ConfigOnTimer3_PARM_2 + 2)
      000280 85*1A*04         [24] 1123 	mov	(_UART_Timer_InitValueCalculate_PARM_3 + 3),(_UART3_ConfigOnTimer3_PARM_2 + 3)
      000283 90 C0 00         [24] 1124 	mov	dptr,#0xc000
      000286 75 F0 A8         [24] 1125 	mov	b, #0xa8
      000289 E4               [12] 1126 	clr	a
      00028A C0 07            [24] 1127 	push	ar7
      00028C 12r00r00         [24] 1128 	lcall	_UART_Timer_InitValueCalculate
      00028F AD 82            [24] 1129 	mov	r5, dpl
      000291 AE 83            [24] 1130 	mov	r6, dph
      000293 D0 07            [24] 1131 	pop	ar7
                                   1132 ;	lib\FwLib_STC8\src\fw_uart.c:155: TIM_Timer3_Set1TMode(_1TMode);
      000295 74 FD            [12] 1133 	mov	a,#0xfd
      000297 55 D1            [12] 1134 	anl	a,_T4T3M
      000299 FC               [12] 1135 	mov	r4,a
      00029A EF               [12] 1136 	mov	a,r7
      00029B 2F               [12] 1137 	add	a,r7
      00029C 4C               [12] 1138 	orl	a,r4
      00029D F5 D1            [12] 1139 	mov	_T4T3M,a
                                   1140 ;	lib\FwLib_STC8\src\fw_uart.c:156: TIM_Timer3_SetInitValue(init >> 8, init & 0xFF);
      00029F 8E D4            [24] 1141 	mov	_T3H,r6
      0002A1 8D D5            [24] 1142 	mov	_T3L,r5
                                   1143 ;	lib\FwLib_STC8\src\fw_uart.c:157: TIM_Timer3_SetRunState(HAL_State_ON);
      0002A3 74 F7            [12] 1144 	mov	a,#0xf7
      0002A5 55 D1            [12] 1145 	anl	a,_T4T3M
      0002A7 44 08            [12] 1146 	orl	a,#0x08
      0002A9 F5 D1            [12] 1147 	mov	_T4T3M,a
                                   1148 ;	lib\FwLib_STC8\src\fw_uart.c:158: }
      0002AB 22               [24] 1149 	ret
                                   1150 ;------------------------------------------------------------
                                   1151 ;Allocation info for local variables in function 'UART4_ConfigOnTimer2'
                                   1152 ;------------------------------------------------------------
                                   1153 ;baudrate                  Allocated with name '_UART4_ConfigOnTimer2_PARM_2'
                                   1154 ;_1TMode                   Allocated to registers r7 
                                   1155 ;init                      Allocated to registers r5 r6 
                                   1156 ;------------------------------------------------------------
                                   1157 ;	lib\FwLib_STC8\src\fw_uart.c:165: void UART4_ConfigOnTimer2(HAL_State_t _1TMode, uint32_t baudrate)
                                   1158 ;	-----------------------------------------
                                   1159 ;	 function UART4_ConfigOnTimer2
                                   1160 ;	-----------------------------------------
      0002AC                       1161 _UART4_ConfigOnTimer2:
      0002AC AF 82            [24] 1162 	mov	r7, dpl
                                   1163 ;	lib\FwLib_STC8\src\fw_uart.c:169: UART4_SetBaudSource(0x00);
      0002AE 53 84 BF         [24] 1164 	anl	_S4CON,#0xbf
                                   1165 ;	lib\FwLib_STC8\src\fw_uart.c:170: init = UART_Timer_InitValueCalculate(__SYSCLOCK, _1TMode, baudrate);
      0002B1 8F*00            [24] 1166 	mov	_UART_Timer_InitValueCalculate_PARM_2,r7
      0002B3 85*1B*01         [24] 1167 	mov	_UART_Timer_InitValueCalculate_PARM_3,_UART4_ConfigOnTimer2_PARM_2
      0002B6 85*1C*02         [24] 1168 	mov	(_UART_Timer_InitValueCalculate_PARM_3 + 1),(_UART4_ConfigOnTimer2_PARM_2 + 1)
      0002B9 85*1D*03         [24] 1169 	mov	(_UART_Timer_InitValueCalculate_PARM_3 + 2),(_UART4_ConfigOnTimer2_PARM_2 + 2)
      0002BC 85*1E*04         [24] 1170 	mov	(_UART_Timer_InitValueCalculate_PARM_3 + 3),(_UART4_ConfigOnTimer2_PARM_2 + 3)
      0002BF 90 C0 00         [24] 1171 	mov	dptr,#0xc000
      0002C2 75 F0 A8         [24] 1172 	mov	b, #0xa8
      0002C5 E4               [12] 1173 	clr	a
      0002C6 C0 07            [24] 1174 	push	ar7
      0002C8 12r00r00         [24] 1175 	lcall	_UART_Timer_InitValueCalculate
      0002CB AD 82            [24] 1176 	mov	r5, dpl
      0002CD AE 83            [24] 1177 	mov	r6, dph
      0002CF D0 07            [24] 1178 	pop	ar7
                                   1179 ;	lib\FwLib_STC8\src\fw_uart.c:171: TIM_Timer2_Set1TMode(_1TMode);
      0002D1 74 FB            [12] 1180 	mov	a,#0xfb
      0002D3 55 8E            [12] 1181 	anl	a,_AUXR
      0002D5 FC               [12] 1182 	mov	r4,a
      0002D6 EF               [12] 1183 	mov	a,r7
      0002D7 2F               [12] 1184 	add	a,r7
      0002D8 25 E0            [12] 1185 	add	a,acc
      0002DA 4C               [12] 1186 	orl	a,r4
      0002DB F5 8E            [12] 1187 	mov	_AUXR,a
                                   1188 ;	lib\FwLib_STC8\src\fw_uart.c:172: TIM_Timer2_SetInitValue(init >> 8, init & 0xFF);
      0002DD 8E D6            [24] 1189 	mov	_T2H,r6
      0002DF 8D D7            [24] 1190 	mov	_T2L,r5
                                   1191 ;	lib\FwLib_STC8\src\fw_uart.c:173: TIM_Timer2_SetRunState(HAL_State_ON);
      0002E1 74 EF            [12] 1192 	mov	a,#0xef
      0002E3 55 8E            [12] 1193 	anl	a,_AUXR
      0002E5 44 10            [12] 1194 	orl	a,#0x10
      0002E7 F5 8E            [12] 1195 	mov	_AUXR,a
                                   1196 ;	lib\FwLib_STC8\src\fw_uart.c:174: }
      0002E9 22               [24] 1197 	ret
                                   1198 ;------------------------------------------------------------
                                   1199 ;Allocation info for local variables in function 'UART4_ConfigOnTimer4'
                                   1200 ;------------------------------------------------------------
                                   1201 ;baudrate                  Allocated with name '_UART4_ConfigOnTimer4_PARM_2'
                                   1202 ;_1TMode                   Allocated to registers r7 
                                   1203 ;init                      Allocated to registers r5 r6 
                                   1204 ;------------------------------------------------------------
                                   1205 ;	lib\FwLib_STC8\src\fw_uart.c:176: void UART4_ConfigOnTimer4(HAL_State_t _1TMode, uint32_t baudrate)
                                   1206 ;	-----------------------------------------
                                   1207 ;	 function UART4_ConfigOnTimer4
                                   1208 ;	-----------------------------------------
      0002EA                       1209 _UART4_ConfigOnTimer4:
      0002EA AF 82            [24] 1210 	mov	r7, dpl
                                   1211 ;	lib\FwLib_STC8\src\fw_uart.c:180: UART4_SetBaudSource(0x01);
      0002EC 74 BF            [12] 1212 	mov	a,#0xbf
      0002EE 55 84            [12] 1213 	anl	a,_S4CON
      0002F0 44 40            [12] 1214 	orl	a,#0x40
      0002F2 F5 84            [12] 1215 	mov	_S4CON,a
                                   1216 ;	lib\FwLib_STC8\src\fw_uart.c:181: init = UART_Timer_InitValueCalculate(__SYSCLOCK, _1TMode, baudrate);
      0002F4 8F*00            [24] 1217 	mov	_UART_Timer_InitValueCalculate_PARM_2,r7
      0002F6 85*1F*01         [24] 1218 	mov	_UART_Timer_InitValueCalculate_PARM_3,_UART4_ConfigOnTimer4_PARM_2
      0002F9 85*20*02         [24] 1219 	mov	(_UART_Timer_InitValueCalculate_PARM_3 + 1),(_UART4_ConfigOnTimer4_PARM_2 + 1)
      0002FC 85*21*03         [24] 1220 	mov	(_UART_Timer_InitValueCalculate_PARM_3 + 2),(_UART4_ConfigOnTimer4_PARM_2 + 2)
      0002FF 85*22*04         [24] 1221 	mov	(_UART_Timer_InitValueCalculate_PARM_3 + 3),(_UART4_ConfigOnTimer4_PARM_2 + 3)
      000302 90 C0 00         [24] 1222 	mov	dptr,#0xc000
      000305 75 F0 A8         [24] 1223 	mov	b, #0xa8
      000308 E4               [12] 1224 	clr	a
      000309 C0 07            [24] 1225 	push	ar7
      00030B 12r00r00         [24] 1226 	lcall	_UART_Timer_InitValueCalculate
      00030E AD 82            [24] 1227 	mov	r5, dpl
      000310 AE 83            [24] 1228 	mov	r6, dph
      000312 D0 07            [24] 1229 	pop	ar7
                                   1230 ;	lib\FwLib_STC8\src\fw_uart.c:182: TIM_Timer4_Set1TMode(_1TMode);
      000314 74 DF            [12] 1231 	mov	a,#0xdf
      000316 55 D1            [12] 1232 	anl	a,_T4T3M
      000318 FC               [12] 1233 	mov	r4,a
      000319 EF               [12] 1234 	mov	a,r7
      00031A C4               [12] 1235 	swap	a
      00031B 23               [12] 1236 	rl	a
      00031C 54 E0            [12] 1237 	anl	a,#0xe0
      00031E 4C               [12] 1238 	orl	a,r4
      00031F F5 D1            [12] 1239 	mov	_T4T3M,a
                                   1240 ;	lib\FwLib_STC8\src\fw_uart.c:183: TIM_Timer4_SetInitValue(init >> 8, init & 0xFF);
      000321 8E D2            [24] 1241 	mov	_T4H,r6
      000323 8D D3            [24] 1242 	mov	_T4L,r5
                                   1243 ;	lib\FwLib_STC8\src\fw_uart.c:184: TIM_Timer4_SetRunState(HAL_State_ON);
      000325 74 7F            [12] 1244 	mov	a,#0x7f
      000327 55 D1            [12] 1245 	anl	a,_T4T3M
      000329 44 80            [12] 1246 	orl	a,#0x80
      00032B F5 D1            [12] 1247 	mov	_T4T3M,a
                                   1248 ;	lib\FwLib_STC8\src\fw_uart.c:185: }
      00032D 22               [24] 1249 	ret
                                   1250 	.area CSEG    (CODE)
                                   1251 	.area CONST   (CODE)
                                   1252 	.area XINIT   (CODE)
                                   1253 	.area CABS    (ABS,CODE)
